###############################################################################
#
# IAR ELF Linker V7.30.3.8024/W32 for ARM                 03/Sep/2015  16:41:06
# Copyright 2007-2014 IAR Systems AB.
#
#    Output file  =  
#        E:\Elink407\Mico_ELink407\src\Build\COM.MXCHIP.SPP\Output\Elink407_V150112\COM.MXCHIP.SPP.out
#    Map file     =  
#        E:\Elink407\Mico_ELink407\src\Build\COM.MXCHIP.SPP\Elink407_V150112\List\COM.MXCHIP.SPP.map
#    Command line =  
#        E:\Elink407\Mico_ELink407\src\Build\COM.MXCHIP.SPP\Elink407_V150112\Obj\AESUtils.o
#        E:\Elink407\Mico_ELink407\src\Build\COM.MXCHIP.SPP\Elink407_V150112\Obj\arraylist.o
#        E:\Elink407\Mico_ELink407\src\Build\COM.MXCHIP.SPP\Elink407_V150112\Obj\AsciiLib.o
#        E:\Elink407\Mico_ELink407\src\Build\COM.MXCHIP.SPP\Elink407_V150112\Obj\bme280.o
#        E:\Elink407\Mico_ELink407\src\Build\COM.MXCHIP.SPP\Elink407_V150112\Obj\bme280_user.o
#        E:\Elink407\Mico_ELink407\src\Build\COM.MXCHIP.SPP\Elink407_V150112\Obj\crt0_IAR.o
#        E:\Elink407\Mico_ELink407\src\Build\COM.MXCHIP.SPP\Elink407_V150112\Obj\curve25519-donna.o
#        E:\Elink407\Mico_ELink407\src\Build\COM.MXCHIP.SPP\Elink407_V150112\Obj\dc_motor.o
#        E:\Elink407\Mico_ELink407\src\Build\COM.MXCHIP.SPP\Elink407_V150112\Obj\debug.o
#        E:\Elink407\Mico_ELink407\src\Build\COM.MXCHIP.SPP\Elink407_V150112\Obj\DHT11.o
#        E:\Elink407\Mico_ELink407\src\Build\COM.MXCHIP.SPP\Elink407_V150112\Obj\EasyLinkSoftAP.o
#        E:\Elink407\Mico_ELink407\src\Build\COM.MXCHIP.SPP\Elink407_V150112\Obj\fogCloud.o
#        E:\Elink407\Mico_ELink407\src\Library\FogCloud\FogCloud_cm4_debug.a
#        E:\Elink407\Mico_ELink407\src\Build\COM.MXCHIP.SPP\Elink407_V150112\Obj\fogcloud_msg_dispatch.o
#        E:\Elink407\Mico_ELink407\src\Build\COM.MXCHIP.SPP\Elink407_V150112\Obj\gpio_irq.o
#        E:\Elink407\Mico_ELink407\src\Build\COM.MXCHIP.SPP\Elink407_V150112\Obj\hardfault.o
#        E:\Elink407\Mico_ELink407\src\Build\COM.MXCHIP.SPP\Elink407_V150112\Obj\hkdf.o
#        E:\Elink407\Mico_ELink407\src\Build\COM.MXCHIP.SPP\Elink407_V150112\Obj\hmac.o
#        E:\Elink407\Mico_ELink407\src\Build\COM.MXCHIP.SPP\Elink407_V150112\Obj\hsb2rgb_led.o
#        E:\Elink407\Mico_ELink407\src\Build\COM.MXCHIP.SPP\Elink407_V150112\Obj\HTTPUtils.o
#        E:\Elink407\Mico_ELink407\src\Build\COM.MXCHIP.SPP\Elink407_V150112\Obj\infrared_reflective.o
#        E:\Elink407\Mico_ELink407\src\Build\COM.MXCHIP.SPP\Elink407_V150112\Obj\json_object.o
#        E:\Elink407\Mico_ELink407\src\Build\COM.MXCHIP.SPP\Elink407_V150112\Obj\json_tokener.o
#        E:\Elink407\Mico_ELink407\src\Build\COM.MXCHIP.SPP\Elink407_V150112\Obj\json_util.o
#        E:\Elink407\Mico_ELink407\src\Build\COM.MXCHIP.SPP\Elink407_V150112\Obj\keys.o
#        E:\Elink407\Mico_ELink407\src\Build\COM.MXCHIP.SPP\Elink407_V150112\Obj\light_sensor.o
#        E:\Elink407\Mico_ELink407\src\Build\COM.MXCHIP.SPP\Elink407_V150112\Obj\linkhash.o
#        E:\Elink407\Mico_ELink407\src\Build\COM.MXCHIP.SPP\Elink407_V150112\Obj\MDNSUtils.o
#        E:\Elink407\Mico_ELink407\src\Build\COM.MXCHIP.SPP\Elink407_V150112\Obj\MICOAppEntrance.o
#        E:\Elink407\Mico_ELink407\src\Build\COM.MXCHIP.SPP\Elink407_V150112\Obj\MICOBonjour.o
#        E:\Elink407\Mico_ELink407\src\Build\COM.MXCHIP.SPP\Elink407_V150112\Obj\MICOCli.o
#        E:\Elink407\Mico_ELink407\src\Build\COM.MXCHIP.SPP\Elink407_V150112\Obj\MICOConfig.o
#        E:\Elink407\Mico_ELink407\src\Build\COM.MXCHIP.SPP\Elink407_V150112\Obj\MICOConfigDelegate.o
#        E:\Elink407\Mico_ELink407\src\Build\COM.MXCHIP.SPP\Elink407_V150112\Obj\MICOConfigMenu.o
#        E:\Elink407\Mico_ELink407\src\Build\COM.MXCHIP.SPP\Elink407_V150112\Obj\MICOConfigServer.o
#        E:\Elink407\Mico_ELink407\src\Build\COM.MXCHIP.SPP\Elink407_V150112\Obj\MicoDriverAdc.o
#        E:\Elink407\Mico_ELink407\src\Build\COM.MXCHIP.SPP\Elink407_V150112\Obj\MicoDriverFlash.o
#        E:\Elink407\Mico_ELink407\src\Build\COM.MXCHIP.SPP\Elink407_V150112\Obj\MicoDriverGpio.o
#        E:\Elink407\Mico_ELink407\src\Build\COM.MXCHIP.SPP\Elink407_V150112\Obj\MicoDriverI2c.o
#        E:\Elink407\Mico_ELink407\src\Platform\Common\Drivers\MicoDriverMFiAuth.a
#        E:\Elink407\Mico_ELink407\src\Platform\Elink407_V150112\Drivers\MicoDriverMFiAuth\MicoDriverMFiAuth.a
#        E:\Elink407\Mico_ELink407\src\Build\COM.MXCHIP.SPP\Elink407_V150112\Obj\MicoDriverPwm.o
#        E:\Elink407\Mico_ELink407\src\Build\COM.MXCHIP.SPP\Elink407_V150112\Obj\MicoDriverRng.o
#        E:\Elink407\Mico_ELink407\src\Build\COM.MXCHIP.SPP\Elink407_V150112\Obj\MicoDriverRtc.o
#        E:\Elink407\Mico_ELink407\src\Build\COM.MXCHIP.SPP\Elink407_V150112\Obj\MicoDriverSpi.o
#        E:\Elink407\Mico_ELink407\src\Build\COM.MXCHIP.SPP\Elink407_V150112\Obj\MicoDriverUart.o
#        E:\Elink407\Mico_ELink407\src\Build\COM.MXCHIP.SPP\Elink407_V150112\Obj\MicoDriverWdg.o
#        E:\Elink407\Mico_ELink407\src\Build\COM.MXCHIP.SPP\Elink407_V150112\Obj\MICOEntrance.o
#        E:\Elink407\Mico_ELink407\src\Build\COM.MXCHIP.SPP\Elink407_V150112\Obj\MicoFogCloud.o
#        E:\Elink407\Mico_ELink407\src\Build\COM.MXCHIP.SPP\Elink407_V150112\Obj\MicoFogCloudConfigServer.o
#        E:\Elink407\Mico_ELink407\src\Build\COM.MXCHIP.SPP\Elink407_V150112\Obj\MICOForceOTA.o
#        E:\Elink407\Mico_ELink407\src\Build\COM.MXCHIP.SPP\Elink407_V150112\Obj\micokit_ext.o
#        E:\Elink407\Mico_ELink407\src\Build\COM.MXCHIP.SPP\Elink407_V150112\Obj\micokit_ext_mfg.o
#        E:\Elink407\Mico_ELink407\src\Build\COM.MXCHIP.SPP\Elink407_V150112\Obj\MICOMfgtest.o
#        E:\Elink407\Mico_ELink407\src\Build\COM.MXCHIP.SPP\Elink407_V150112\Obj\MICONotificationCenter.o
#        E:\Elink407\Mico_ELink407\src\Build\COM.MXCHIP.SPP\Elink407_V150112\Obj\MICONTPClient.o
#        E:\Elink407\Mico_ELink407\src\Build\COM.MXCHIP.SPP\Elink407_V150112\Obj\MICOParaStorage.o
#        E:\Elink407\Mico_ELink407\src\Build\COM.MXCHIP.SPP\Elink407_V150112\Obj\MICOSystemMonitor.o
#        E:\Elink407\Mico_ELink407\src\Build\COM.MXCHIP.SPP\Elink407_V150112\Obj\misc.o
#        E:\Elink407\Mico_ELink407\src\Library\mxchipWNet_cm4f_spi.a
#        E:\Elink407\Mico_ELink407\src\Build\COM.MXCHIP.SPP\Elink407_V150112\Obj\platform.o
#        E:\Elink407\Mico_ELink407\src\Build\COM.MXCHIP.SPP\Elink407_V150112\Obj\printbuf.o
#        E:\Elink407\Mico_ELink407\src\Build\COM.MXCHIP.SPP\Elink407_V150112\Obj\properties.o
#        E:\Elink407\Mico_ELink407\src\Build\COM.MXCHIP.SPP\Elink407_V150112\Obj\read_wifi_firmware.o
#        E:\Elink407\Mico_ELink407\src\Build\COM.MXCHIP.SPP\Elink407_V150112\Obj\rgb_led.o
#        E:\Elink407\Mico_ELink407\src\Build\COM.MXCHIP.SPP\Elink407_V150112\Obj\RingBufferUtils.o
#        E:\Elink407\Mico_ELink407\src\Build\COM.MXCHIP.SPP\Elink407_V150112\Obj\rtc.o
#        E:\Elink407\Mico_ELink407\src\Build\COM.MXCHIP.SPP\Elink407_V150112\Obj\SecurityUtils.o
#        E:\Elink407\Mico_ELink407\src\Build\COM.MXCHIP.SPP\Elink407_V150112\Obj\sha1.o
#        E:\Elink407\Mico_ELink407\src\Build\COM.MXCHIP.SPP\Elink407_V150112\Obj\sha224-256.o
#        E:\Elink407\Mico_ELink407\src\Build\COM.MXCHIP.SPP\Elink407_V150112\Obj\sha384-512.o
#        E:\Elink407\Mico_ELink407\src\Build\COM.MXCHIP.SPP\Elink407_V150112\Obj\SHAUtils.o
#        E:\Elink407\Mico_ELink407\src\Build\COM.MXCHIP.SPP\Elink407_V150112\Obj\SocketUtils.o
#        E:\Elink407\Mico_ELink407\src\Build\COM.MXCHIP.SPP\Elink407_V150112\Obj\startup_stm32f411xe_IAR.o
#        E:\Elink407\Mico_ELink407\src\Build\COM.MXCHIP.SPP\Elink407_V150112\Obj\stdio_IAR.o
#        E:\Elink407\Mico_ELink407\src\Build\COM.MXCHIP.SPP\Elink407_V150112\Obj\stm32f4xx_adc.o
#        E:\Elink407\Mico_ELink407\src\Build\COM.MXCHIP.SPP\Elink407_V150112\Obj\stm32f4xx_can.o
#        E:\Elink407\Mico_ELink407\src\Build\COM.MXCHIP.SPP\Elink407_V150112\Obj\stm32f4xx_crc.o
#        E:\Elink407\Mico_ELink407\src\Build\COM.MXCHIP.SPP\Elink407_V150112\Obj\stm32f4xx_cryp.o
#        E:\Elink407\Mico_ELink407\src\Build\COM.MXCHIP.SPP\Elink407_V150112\Obj\stm32f4xx_cryp_aes.o
#        E:\Elink407\Mico_ELink407\src\Build\COM.MXCHIP.SPP\Elink407_V150112\Obj\stm32f4xx_cryp_des.o
#        E:\Elink407\Mico_ELink407\src\Build\COM.MXCHIP.SPP\Elink407_V150112\Obj\stm32f4xx_cryp_tdes.o
#        E:\Elink407\Mico_ELink407\src\Build\COM.MXCHIP.SPP\Elink407_V150112\Obj\stm32f4xx_dac.o
#        E:\Elink407\Mico_ELink407\src\Build\COM.MXCHIP.SPP\Elink407_V150112\Obj\stm32f4xx_dbgmcu.o
#        E:\Elink407\Mico_ELink407\src\Build\COM.MXCHIP.SPP\Elink407_V150112\Obj\stm32f4xx_dcmi.o
#        E:\Elink407\Mico_ELink407\src\Build\COM.MXCHIP.SPP\Elink407_V150112\Obj\stm32f4xx_dma.o
#        E:\Elink407\Mico_ELink407\src\Build\COM.MXCHIP.SPP\Elink407_V150112\Obj\stm32f4xx_exti.o
#        E:\Elink407\Mico_ELink407\src\Build\COM.MXCHIP.SPP\Elink407_V150112\Obj\stm32f4xx_flash.o
#        E:\Elink407\Mico_ELink407\src\Build\COM.MXCHIP.SPP\Elink407_V150112\Obj\stm32f4xx_fsmc.o
#        E:\Elink407\Mico_ELink407\src\Build\COM.MXCHIP.SPP\Elink407_V150112\Obj\stm32f4xx_gpio.o
#        E:\Elink407\Mico_ELink407\src\Build\COM.MXCHIP.SPP\Elink407_V150112\Obj\stm32f4xx_hash.o
#        E:\Elink407\Mico_ELink407\src\Build\COM.MXCHIP.SPP\Elink407_V150112\Obj\stm32f4xx_hash_md5.o
#        E:\Elink407\Mico_ELink407\src\Build\COM.MXCHIP.SPP\Elink407_V150112\Obj\stm32f4xx_hash_sha1.o
#        E:\Elink407\Mico_ELink407\src\Build\COM.MXCHIP.SPP\Elink407_V150112\Obj\stm32f4xx_i2c.o
#        E:\Elink407\Mico_ELink407\src\Build\COM.MXCHIP.SPP\Elink407_V150112\Obj\stm32f4xx_iwdg.o
#        E:\Elink407\Mico_ELink407\src\Build\COM.MXCHIP.SPP\Elink407_V150112\Obj\stm32f4xx_platform.o
#        E:\Elink407\Mico_ELink407\src\Build\COM.MXCHIP.SPP\Elink407_V150112\Obj\stm32f4xx_pwr.o
#        E:\Elink407\Mico_ELink407\src\Build\COM.MXCHIP.SPP\Elink407_V150112\Obj\stm32f4xx_rcc.o
#        E:\Elink407\Mico_ELink407\src\Build\COM.MXCHIP.SPP\Elink407_V150112\Obj\stm32f4xx_rng.o
#        E:\Elink407\Mico_ELink407\src\Build\COM.MXCHIP.SPP\Elink407_V150112\Obj\stm32f4xx_rtc.o
#        E:\Elink407\Mico_ELink407\src\Build\COM.MXCHIP.SPP\Elink407_V150112\Obj\stm32f4xx_sdio.o
#        E:\Elink407\Mico_ELink407\src\Build\COM.MXCHIP.SPP\Elink407_V150112\Obj\stm32f4xx_spi.o
#        E:\Elink407\Mico_ELink407\src\Build\COM.MXCHIP.SPP\Elink407_V150112\Obj\stm32f4xx_syscfg.o
#        E:\Elink407\Mico_ELink407\src\Build\COM.MXCHIP.SPP\Elink407_V150112\Obj\stm32f4xx_tim.o
#        E:\Elink407\Mico_ELink407\src\Build\COM.MXCHIP.SPP\Elink407_V150112\Obj\stm32f4xx_usart.o
#        E:\Elink407\Mico_ELink407\src\Build\COM.MXCHIP.SPP\Elink407_V150112\Obj\stm32f4xx_wwdg.o
#        E:\Elink407\Mico_ELink407\src\Build\COM.MXCHIP.SPP\Elink407_V150112\Obj\StringUtils.o
#        E:\Elink407\Mico_ELink407\src\Build\COM.MXCHIP.SPP\Elink407_V150112\Obj\system_stm32f4xx.o
#        E:\Elink407\Mico_ELink407\src\Build\COM.MXCHIP.SPP\Elink407_V150112\Obj\temp_hum_sensor.o
#        E:\Elink407\Mico_ELink407\src\MICO\tftp\tftpc.o
#        E:\Elink407\Mico_ELink407\src\Build\COM.MXCHIP.SPP\Elink407_V150112\Obj\TimeUtils.o
#        E:\Elink407\Mico_ELink407\src\Build\COM.MXCHIP.SPP\Elink407_V150112\Obj\TLVUtils.o
#        E:\Elink407\Mico_ELink407\src\Build\COM.MXCHIP.SPP\Elink407_V150112\Obj\URLUtils.o
#        E:\Elink407\Mico_ELink407\src\Build\COM.MXCHIP.SPP\Elink407_V150112\Obj\user_main.o
#        E:\Elink407\Mico_ELink407\src\Build\COM.MXCHIP.SPP\Elink407_V150112\Obj\user_properties.o
#        E:\Elink407\Mico_ELink407\src\Build\COM.MXCHIP.SPP\Elink407_V150112\Obj\user_uart.o
#        E:\Elink407\Mico_ELink407\src\Build\COM.MXCHIP.SPP\Elink407_V150112\Obj\usha.o
#        E:\Elink407\Mico_ELink407\src\Build\COM.MXCHIP.SPP\Elink407_V150112\Obj\wifi_config.o
#        E:\Elink407\Mico_ELink407\src\Build\COM.MXCHIP.SPP\Elink407_V150112\Obj\wlan_platform.o
#        E:\Elink407\Mico_ELink407\src\Build\COM.MXCHIP.SPP\Elink407_V150112\Obj\WPS.o
#        E:\Elink407\Mico_ELink407\src\Build\COM.MXCHIP.SPP\Elink407_V150112\Obj\wwd_bus.o
#        --redirect _Printf=_PrintfFull --redirect _Scanf=_ScanfFull -o
#        E:\Elink407\Mico_ELink407\src\Build\COM.MXCHIP.SPP\Output\Elink407_V150112\COM.MXCHIP.SPP.out
#        --map
#        E:\Elink407\Mico_ELink407\src\Build\COM.MXCHIP.SPP\Elink407_V150112\List\COM.MXCHIP.SPP.map
#        --config
#        E:\Elink407\Mico_ELink407\src\Projects\COM.CLOUD\EWARM\..\..\..\Platform\Elink407_V150112\micoLinkerForIAR.icf
#        --semihosting --entry __iar_program_start --vfe --threaded_lib
#
###############################################################################

*******************************************************************************
*** RUNTIME MODEL ATTRIBUTES
***

CppFlavor                     = *
__Heap_Handler                = DLMalloc
__SystemLibrary               = DLib
__dlib_dynamic_initialization = normal


*******************************************************************************
*** PLACEMENT SUMMARY
***

"A1":  place at 0x0800c000 { ro section .intvec };
"P1":  place in [from 0x0800c000 to 0x0807ffff] { ro };
"P2":  place in [from 0x20000000 to 0x2002ffff] { rw, block CSTACK, block HEAP };

  Section              Kind        Address     Size  Object
  -------              ----        -------     ----  ------
"A1":                                         0x198
  .intvec                       0x0800c000    0x198  <Block>
    .intvec            ro code  0x0800c000    0x198  startup_stm32f411xe_IAR.o [1]
                              - 0x0800c198    0x198

"P1":                                       0x435fb
  .text                ro code  0x0800c198   0x40a8  FogCloudService.o [4]
  .text                ro code  0x08010240     0x6c  strncpy_unaligned.o [8]
  .text                ro code  0x080102ac    0x65a  wiced_rtos.o [7]
  .text                ro code  0x08010906     0x22  zero_init3.o [8]
  .text                ro code  0x08010928   0x11dc  FogCloudMQTTClient.o [4]
  .text                ro code  0x08011b04      0x6  ABImemclr4.o [8]
  .text                ro code  0x08011b0a     0x1e  xsscin.o [5]
  .text                ro code  0x08011b28    0x7a0  mxchipWNET.o [7]
  .text                ro code  0x080122c8     0x24  printf.o [5]
  .text                ro code  0x080122ec     0x36  strlen.o [8]
  .text                ro code  0x08012322     0x18  strrchr.o [5]
  .text                ro code  0x0801233a     0x1a  xsnprout.o [5]
  .text                ro code  0x08012354   0x2534  dlmalloc.o [7]
  .text                ro code  0x08014888      0x6  ABImemclr.o [8]
  .text                ro code  0x0801488e     0x28  strncat.o [5]
  .text                ro code  0x080148b6      0xa  xsprout.o [5]
  .text                ro code  0x080148c0    0x66c  json_object.o [1]
  .text                ro code  0x08014f2c   0x28b8  FogCloudUtils.o [4]
  .text                ro code  0x080177e4    0x388  SocketUtils.o [1]
  .text                ro code  0x08017b6c     0x76  ABImemcpy_unaligned.o [8]
  .rodata              const    0x08017be2      0x2  wwd_bus_protocol.o [7]
  .text                ro code  0x08017be4    0xadc  StringUtils.o [1]
  .text                ro code  0x080186c0    0x16a  URLUtils.o [1]
  .text                ro code  0x0801882a     0x2a  strncmp.o [5]
  .text                ro code  0x08018854    0xf2c  json_tokener.o [1]
  .text                ro code  0x08019780     0x42  strcmp_unaligned.o [8]
  .text                ro code  0x080197c4    0x99e  md5.o [7]
  .text                ro code  0x0801a164     0x66  ABImemset.o [8]
  .text                ro code  0x0801a1cc    0x2fc  stm32f4xx_platform.o [1]
  .text                ro code  0x0801a4c8    0x2b8  platform.o [1]
  .text                ro code  0x0801a780    0xb90  tasks.o [7]
  .text                ro code  0x0801b310   0x11a0  MICOEntrance.o [1]
  .text                ro code  0x0801c4b0    0x130  wwd_rtos.o [7]
  .text                ro code  0x0801c5e0    0x538  queue.o [7]
  .text                ro code  0x0801cb18     0xc4  wlan_platform.o [1]
  .text                ro code  0x0801cbdc     0xec  port.o [7]
  .text                ro code  0x0801ccc8    0x370  ostimers.o [7]
  .text                ro code  0x0801d038     0x14  memset.o [5]
  .text                ro code  0x0801d04c    0x86c  MQTTMICO.o [4]
  .text                ro code  0x0801d8b8    0x6b0  MQTTClient.o [4]
  .text                ro code  0x0801df68     0x34  sprintf.o [5]
  .text                ro code  0x0801df9c     0x3a  ABImemset48.o [8]
  .text                ro code  0x0801dfd8     0xc8  wifi.o [7]
  .text                ro code  0x0801e0a0   0x1e78  wifimgr.o [7]
  .text                ro code  0x0801ff18      0xc  memcpy.o [5]
  .text                ro code  0x0801ff24    0x3a8  tcpip.o [7]
  .text                ro code  0x080202cc    0x798  dns.o [7]
  .text                ro code  0x08020a64    0x400  MICONotificationCenter.o [1]
  .text                ro code  0x08020e64     0x20  srand.o [5]
  .text                ro code  0x08020e84    0xe00  tcp.o [7]
  .text                ro code  0x08021c84   0x13e0  wwd_wifi.o [7]
  .text                ro code  0x08023064    0x758  easylink2.o [7]
  .text                ro code  0x080237bc    0x25a  ip_addr.o [7]
  .text                ro code  0x08023a16     0x36  def.o [7]
  .text                ro code  0x08023a4c   0x1990  sockets.o [7]
  .text                ro code  0x080253dc     0x44  strcpy_unaligned.o [8]
  .text                ro code  0x08025420    0x250  wwd_management.o [7]
  .text                ro code  0x08025670   0x114e  xprintffull.o [5]
  .text                ro code  0x080267be      0x6  abort.o [5]
  .text                ro code  0x080267c4     0x20  xsyslock.o [5]
  .text                ro code  0x080267e4     0x2c  xgetmemchunk.o [5]
  .text                ro code  0x08026810    0x136  printbuf.o [1]
  .text                ro code  0x08026948    0x358  linkhash.o [1]
  .text                ro code  0x08026ca0     0x18  strdup.o [5]
  .text                ro code  0x08026cb8     0x20  DblCmpEq.o [6]
  .text                ro code  0x08026cd8     0xe4  json_util.o [1]
  .text                ro code  0x08026dbc     0x58  DblToI32.o [6]
  .text                ro code  0x08026e14     0x58  I64ToDbl.o [6]
  .text                ro code  0x08026e6c     0x30  I32ToDbl.o [6]
  .text                ro code  0x08026e9c     0x24  sscanf.o [5]
  .text                ro code  0x08026ec0     0xd4  arraylist.o [1]
  .text                ro code  0x08026f94    0x568  MicoDriverFlash.o [1]
  .text                ro code  0x080274fc     0x78  ABImemmove_unaligned.o [8]
  .text                ro code  0x08027574     0x44  snprintf.o [5]
  .text                ro code  0x080275b8     0x18  toupper.o [5]
  .text                ro code  0x080275d0     0x14  tolower.o [5]
  .text                ro code  0x080275e4     0x3c  isxxx.o [5]
  .text                ro code  0x08027620     0x16  strnlen.o [5]
  .text                ro code  0x08027636     0x4e  strncasecmp.o [5]
  .text                ro code  0x08027684     0x16  strchr.o [8]
  .text                ro code  0x0802769c    0x240  stm32f4xx_rcc.o [1]
  .text                ro code  0x080278dc    0x282  stm32f4xx_flash.o [1]
  .text                ro code  0x08027b60     0x98  misc.o [1]
  .text                ro code  0x08027bf8     0x60  stm32f4xx_pwr.o [1]
  .text                ro code  0x08027c58     0x5e  RingBufferUtils.o [1]
  .text                ro code  0x08027cb8    0x7d8  MicoDriverUart.o [1]
  .text                ro code  0x08028490    0x128  MicoDriverRtc.o [1]
  .text                ro code  0x080285b8     0x7c  stm32f4xx_exti.o [1]
  .text                ro code  0x08028634    0x48a  stm32f4xx_rtc.o [1]
  .text                ro code  0x08028ac0    0x1e4  MicoDriverGpio.o [1]
  .text                ro code  0x08028ca4     0x9a  list.o [7]
  CODE                 ro code  0x08028d40     0xa4  portasm.o [7]
  .text                ro code  0x08028de4     0x1c  strcat.o [5]
  .text                ro code  0x08028e00     0x62  memcmp_unaligned.o [8]
  .text                ro code  0x08028e62     0x38  heap_3.o [7]
  .text                ro code  0x08028e9c    0x3f8  MICOParaStorage.o [1]
  .text                ro code  0x08029294    0x1b0  MICOSystemMonitor.o [1]
  .text                ro code  0x08029444    0xaa0  MICOCli.o [1]
  .text                ro code  0x08029ee4    0x40c  MICOMfgtest.o [1]
  .text                ro code  0x0802a2f0     0x2c  asctime.o [5]
  .text                ro code  0x0802a31c   0x1518  wifi_config.o [1]
  .text                ro code  0x0802b834   0x143c  MICOConfigServer.o [1]
  .text                ro code  0x0802cc70    0x47c  MICOAppEntrance.o [1]
  .text                ro code  0x0802d0ec     0xb8  stm32f4xx_gpio.o [1]
  .text                ro code  0x0802d1a4    0x1f4  MQTTPacket.o [4]
  .text                ro code  0x0802d398    0x2e8  MQTTConnectClient.o [4]
  .text                ro code  0x0802d680     0xf8  MQTTDeserializePublish.o [4]
  .text                ro code  0x0802d778    0x10c  MQTTSerializePublish.o [4]
  .text                ro code  0x0802d884    0x138  MQTTSubscribeClient.o [4]
  .text                ro code  0x0802d9bc    0x3f8  wiced_network.o [7]
  .text                ro code  0x0802ddb4     0x14  mxchip_debug.o [7]
  .text                ro code  0x0802ddc8    0x10a  wwd_ap.o [7]
  .text                ro code  0x0802ded4     0x32  dns_redirect.o [7]
  .text                ro code  0x0802df08     0x60  dnsclient.o [7]
  .text                ro code  0x0802df68    0xc18  SDPCM.o [7]
  .text                ro code  0x0802eb80    0x4d4  ip.o [7]
  .text                ro code  0x0802f054    0x9c4  etharp.o [7]
  .text                ro code  0x0802fa18     0x46  strcasecmp.o [5]
  .text                ro code  0x0802fa60   0x1588  tcp_in.o [7]
  .text                ro code  0x08030fe8    0x710  udp.o [7]
  .text                ro code  0x080316f8      0x4  strtoul.o [5]
  .text                ro code  0x080316fc    0x18c  wiced_ping.o [7]
  .text                ro code  0x08031888     0xd6  netbuf.o [7]
  .text                ro code  0x08031960    0x590  api_lib.o [7]
  .text                ro code  0x08031ef0    0x4de  pbuf.o [7]
  .text                ro code  0x080323d0    0x27c  lwiptcpip.o [7]
  .text                ro code  0x0803264c      0x2  xtls.o [5]
  .text                ro code  0x08032650    0xcce  tcp_out.o [7]
  .text                ro code  0x08033320    0x338  lwiptimers.o [7]
  .text                ro code  0x08033658    0x1b8  memp.o [7]
  .text                ro code  0x08033810     0xe0  rand.o [5]
  .text                ro code  0x080338f0     0x98  wwd_buffer.o [7]
  .text                ro code  0x08033988    0x844  airkiss.o [7]
  .text                ro code  0x080341cc    0x2a0  sys_arch.o [7]
  .text                ro code  0x0803446c    0x574  igmp.o [7]
  .text                ro code  0x080349e0    0x388  wwd_bus.o [1]
  .text                ro code  0x08034d68    0x6f8  wwd_bus_protocol.o [7]
  .text                ro code  0x08035460    0x1a8  wwd_thread.o [7]
  .text                ro code  0x08035608     0x20  xmbtowc.o [5]
  .text                ro code  0x08035628     0x58  memchr.o [8]
  .text                ro code  0x08035680      0xa  xmbcurmax.o [5]
  .text                ro code  0x0803568a     0x1a  xwctomb.o [5]
  .text                ro code  0x080356a4     0xee  I64DivMod.o [8]
  .text                ro code  0x08035792     0x42  xdnorm.o [6]
  .text                ro code  0x080357d4     0x2e  DblCmpLe.o [6]
  .text                ro code  0x08035804     0x2e  DblCmpGe.o [6]
  .text                ro code  0x08035834    0x118  xdscale.o [6]
  .text                ro code  0x0803594c    0x180  DblSub.o [6]
  .text                ro code  0x08035acc    0x1a2  DblMul.o [6]
  .text                ro code  0x08035c70    0x246  DblDiv.o [6]
  .text                ro code  0x08035eb8     0x6c  localeconv.o [5]
  .text                ro code  0x08035f24      0xe  div.o [5]
  .text                ro code  0x08035f34     0x14  exit.o [9]
  .text                ro code  0x08035f48    0x15c  xsyslock_mtx.o [5]
  .text                ro code  0x080360a4     0x3c  vsnprint.o [5]
  .text                ro code  0x080360e0     0x2c  vsprintf.o [5]
  .text                ro code  0x0803610c     0x18  vprintf.o [5]
  .text                ro code  0x08036124      0x4  exit.o [5]
  .text                ro code  0x08036128      0xc  errno.o [5]
  .text                ro code  0x08036134    0xcf4  xscanffull.o [5]
  .text                ro code  0x08036e28     0x24  setlocale.o [5]
  .text                ro code  0x08036e4c      0xc  xlocale_c.o [5]
  .text                ro code  0x08036e58     0x16  xlocale_c.o [5]
  .text                ro code  0x08036e6e     0x24  xlocale_c.o [5]
  .text                ro code  0x08036e92     0x14  xlocale_c.o [5]
  .text                ro code  0x08036ea8    0x100  stm32f4xx_usart.o [1]
  .text                ro code  0x08036fa8    0x20c  stm32f4xx_dma.o [1]
  .text                ro code  0x080371b4    0x30e  gpio_irq.o [1]
  .text                ro code  0x080374c4    0x284  MicoDriverWdg.o [1]
  .text                ro code  0x08037748    0x180  xlocale_c.o [5]
  .text                ro code  0x080378c8    0x10c  xstrftim.o [5]
  .text                ro code  0x080379d4   0x1df8  MICOConfigDelegate.o [1]
  .text                ro code  0x080397cc   0x11dc  HTTPUtils.o [1]
  .text                ro code  0x0803a9a8    0x32c  EasyLinkSoftAP.o [1]
  .text                ro code  0x0803acd4    0x894  user_main.o [1]
  .text                ro code  0x0803b568   0x154c  MicoFogCloud.o [1]
  .text                ro code  0x0803cab4    0x4c8  MICOBonjour.o [1]
  .text                ro code  0x0803cf7c    0x356  netif.o [7]
  .text                ro code  0x0803d2d4    0xeec  dhcp.o [7]
  .text                ro code  0x0803e1c0     0x28  sys.o [7]
  .text                ro code  0x0803e1e8    0x61c  dhcp_server.o [7]
  .text                ro code  0x0803e804     0x48  netifapi.o [7]
  .text                ro code  0x0803e84c    0x660  easylink.o [7]
  .text                ro code  0x0803eeac    0x17c  wwd_network.o [7]
  .text                ro code  0x0803f028      0xc  memmove.o [8]
  .text                ro code  0x0803f034    0x170  inet_chksum.o [7]
  .text                ro code  0x0803f1a4    0x57e  ip_frag.o [7]
  .text                ro code  0x0803f724    0x1cc  raw.o [7]
  .text                ro code  0x0803f8f0    0x192  icmp.o [7]
  .text                ro code  0x0803fa84    0x198  xstoul.o [5]
  .text                ro code  0x0803fc1c    0xec8  api_msg.o [7]
  .text                ro code  0x08040ae4     0x20  init.o [7]
  .text                ro code  0x08040b04     0xc0  stm32f4xx_spi.o [1]
  .text                ro code  0x08040bc4    0x260  wwd_internal.o [7]
  .text                ro code  0x08040e24    0x2e2  wwd_firmware.o [7]
  .text                ro code  0x08041108     0x60  xencoding_sb.o [5]
  .text                ro code  0x08041168      0x2  I64DivZer.o [8]
  .text                ro code  0x0804116c     0xe8  DblAdd.o [6]
  .text                ro code  0x08041254     0x28  iar_mutex.o [7]
  .text                ro code  0x0804127c     0x12  cexit.o [8]
  .text                ro code  0x08041290     0x40  xwctob.o [5]
  .text                ro code  0x080412d0     0xa4  xstoll.o [5]
  .text                ro code  0x08041374    0x1b0  xstoull.o [5]
  .text                ro code  0x08041524    0x168  xstold.o [6]
  .text                ro code  0x0804168c     0x90  DblToFlt.o [6]
  .text                ro code  0x0804171c     0x28  stm32f4xx_syscfg.o [1]
  .text                ro code  0x08041744     0x34  stm32f4xx_iwdg.o [1]
  .text                ro code  0x08041778    0x2de  stm32f4xx_tim.o [1]
  .text                ro code  0x08041a58    0x846  xgentime.o [5]
  .text                ro code  0x080422a0    0x718  MICOConfigMenu.o [1]
  .text                ro code  0x080429b8    0xc34  fogcloud_msg_dispatch.o [1]
  .text                ro code  0x080435ec    0x37c  user_uart.o [1]
  .text                ro code  0x08043968   0x1874  fogCloud.o [1]
  .text                ro code  0x080451dc   0x1970  MicoFogCloudConfigServer.o [1]
  .text                ro code  0x08046b4c    0xd80  MDNSUtils.o [1]
  .text                ro code  0x080478cc     0x8c  wiced_lib.o [7]
  .text                ro code  0x08047958     0x4c  wps_host.o [7]
  .text                ro code  0x080479a4     0x6c  read_wifi_firmware.o [1]
  .text                ro code  0x08047a10     0x18  read_wifi_firmware.o [7]
  .text                ro code  0x08047a28     0x58  xcloseall.o [5]
  .text                ro code  0x08047a80    0x134  xstopfx.o [5]
  .text                ro code  0x08047bb4    0x1b8  xstoflt.o [5]
  .rodata              const    0x08047d6c     0x5c  FogCloudService.o [4]
  .text                ro code  0x08047dc8    0x200  xdtento.o [6]
  .text                ro code  0x08047fc8    0x218  xstoxflt.o [5]
  .text                ro code  0x080481e0     0x42  xgettime.o [5]
  .text                ro code  0x08048222     0x88  xstol.o [5]
  .text                ro code  0x080482ac      0xa  getzone.o [5]
  .text                ro code  0x080482b8   0x201c  properties.o [1]
  .text                ro code  0x0804a2d4     0x14  FogCloudServiceVersion.o [4]
  .text                ro code  0x0804a2e8     0x7a  fclose.o [5]
  .text                ro code  0x0804a362     0x14  stdio_IAR.o [1]
  .text                ro code  0x0804a376     0x56  xdunscal.o [6]
  .text                ro code  0x0804a3cc     0x4e  FltToDbl.o [6]
  .text                ro code  0x0804a41c     0x7c  xfofind.o [5]
  .text                ro code  0x0804a498     0xb0  fflush.o [5]
  .text                ro code  0x0804a548     0x1a  close.o [9]
  .text                ro code  0x0804a562     0x16  remove.o [9]
  .text                ro code  0x0804a578     0xe0  XShHandles.o [5]
  .text                ro code  0x0804a658    0xf84  user_properties.o [1]
  .text                ro code  0x0804b5dc      0xe  S32ToFlt.o [6]
  .text                ro code  0x0804b5ec    0x270  hsb2rgb_led.o [1]
  .text                ro code  0x0804b85c     0x26  light_sensor.o [1]
  .text                ro code  0x0804b882     0x28  infrared_reflective.o [1]
  .text                ro code  0x0804b8aa     0x26  dc_motor.o [1]
  .text                ro code  0x0804b8d0     0x74  temp_hum_sensor.o [1]
  .text                ro code  0x0804b944     0x24  FltCmpGe.o [6]
  .text                ro code  0x0804b968     0x24  FltCmpLe.o [6]
  .text                ro code  0x0804b98c     0x12  FltDiv.o [6]
  .text                ro code  0x0804b99e     0x12  FltMul.o [6]
  .text                ro code  0x0804b9b0     0x12  FltSub.o [6]
  .text                ro code  0x0804b9c2     0x12  FltAdd.o [6]
  .text                ro code  0x0804b9d4      0xe  FltToS32.o [6]
  .text                ro code  0x0804b9e2     0xbc  rgb_led.o [1]
  .text                ro code  0x0804baa0    0x128  MicoDriverAdc.o [1]
  .text                ro code  0x0804bbc8     0x2c  bme280_user.o [1]
  .text                ro code  0x0804bbf4    0x15a  DHT11.o [1]
  .text                ro code  0x0804bd50    0x13a  stm32f4xx_adc.o [1]
  .text                ro code  0x0804be8c    0x158  MicoDriverI2c.o [1]
  .text                ro code  0x0804bfe4    0x20c  bme280.o [1]
  .text                ro code  0x0804c1f0     0xd4  stm32f4xx_i2c.o [1]
  .rodata              const    0x0804c2c4    0xc60  user_properties.o [1]
  .rodata              const    0x0804cf24    0x30c  wwd_firmware.o [7]
  .text                ro code  0x0804d230    0x304  hardfault.o [1]
  .rodata              const    0x0804d534    0x2e8  platform.o [1]
  .rodata              const    0x0804d81c    0x1e0  MICOCli.o [1]
  .rodata              const    0x0804d9fc    0x100  airkiss.o [7]
  .rodata              const    0x0804dafc    0x100  wwd_wifi.o [7]
  .text                ro code  0x0804dbfc     0xd6  xfspos.o [5]
  .text                ro code  0x0804dcd2      0xc  xfgpos.o [5]
  .text                ro code  0x0804dcde     0x4c  lseek.o [9]
  .text                ro code  0x0804dd2a     0xd2  packbits_init.o [8]
  .text                ro code  0x0804ddfc     0xb6  xfwprep.o [5]
  .text                ro code  0x0804deb2     0x22  fseek.o [5]
  .rodata              const    0x0804ded4     0xb4  MicoFogCloudConfigServer.o [1]
  .rodata              const    0x0804df88     0xa0  fogCloud.o [1]
  .rodata              const    0x0804e028     0x68  wifimgr.o [7]
  .text                ro code  0x0804e090     0x56  fputc.o [5]
  .rodata              const    0x0804e0e8     0x4c  dns.o [7]
  .rodata              const    0x0804e134     0x4c  dns.o [7]
  .rodata              const    0x0804e180     0x48  MICOConfigDelegate.o [1]
  .rodata              const    0x0804e1c8     0x48  tcp_in.o [7]
  .rodata              const    0x0804e210     0x44  tcp_in.o [7]
  .rodata              const    0x0804e254     0x40  MicoFogCloud.o [1]
  .rodata              const    0x0804e294     0x40  wifimgr.o [7]
  .rodata              const    0x0804e2d4     0x40  wifimgr.o [7]
  .rodata              const    0x0804e314     0x40  sockets.o [7]
  .rodata              const    0x0804e354     0x40  udp.o [7]
  .rodata              const    0x0804e394     0x40  udp.o [7]
  .rodata              const    0x0804e3d4     0x3c  wifimgr.o [7]
  .rodata              const    0x0804e410     0x3c  wifimgr.o [7]
  .rodata              const    0x0804e44c     0x3c  wifimgr.o [7]
  .rodata              const    0x0804e488     0x38  wifimgr.o [7]
  .rodata              const    0x0804e4c0     0x38  memp.o [7]
  .rodata              const    0x0804e4f8     0x30  wifimgr.o [7]
  .rodata              const    0x0804e528     0x30  tcp_in.o [7]
  .rodata              const    0x0804e558     0x30  etharp.o [7]
  .rodata              const    0x0804e588     0x30  etharp.o [7]
  .rodata              const    0x0804e5b8     0x30  FogCloudMQTTClient.o [4]
  .rodata              const    0x0804e5e8     0x2c  wifimgr.o [7]
  .rodata              const    0x0804e614     0x2c  wifimgr.o [7]
  .rodata              const    0x0804e640     0x2c  wifimgr.o [7]
  .rodata              const    0x0804e66c     0x2c  etharp.o [7]
  .rodata              const    0x0804e698     0x28  wifimgr.o [7]
  .rodata              const    0x0804e6c0     0x28  wifimgr.o [7]
  .rodata              const    0x0804e6e8     0x28  wifimgr.o [7]
  .rodata              const    0x0804e710     0x28  wifimgr.o [7]
  .rodata              const    0x0804e738     0x28  SDPCM.o [7]
  .rodata              const    0x0804e760     0x28  easylink.o [7]
  .text                ro code  0x0804e788     0x28  data_init.o [8]
  .rodata              const    0x0804e7b0     0x24  json_object.o [1]
  .rodata              const    0x0804e7d4     0x24  wifimgr.o [7]
  .rodata              const    0x0804e7f8     0x24  wifimgr.o [7]
  .rodata              const    0x0804e81c     0x24  wifimgr.o [7]
  .rodata              const    0x0804e840     0x24  memp.o [7]
  .rodata              const    0x0804e864     0x24  memp.o [7]
  .rodata              const    0x0804e888     0x24  memp.o [7]
  .rodata              const    0x0804e8ac     0x24  tcp_in.o [7]
  .rodata              const    0x0804e8d0     0x24  dhcp_server.o [7]
  .text                ro code  0x0804e8f4     0x22  fpinit_M.o [6]
  .iar.init_table      const    0x0804e918     0x30  - Linker created -
  .rodata              const    0x0804e948     0x20  wifimgr.o [7]
  .rodata              const    0x0804e968     0x20  wifimgr.o [7]
  .rodata              const    0x0804e988     0x20  wifimgr.o [7]
  .rodata              const    0x0804e9a8     0x20  wifimgr.o [7]
  .rodata              const    0x0804e9c8     0x20  wifimgr.o [7]
  .rodata              const    0x0804e9e8     0x20  wifimgr.o [7]
  .rodata              const    0x0804ea08     0x20  wifimgr.o [7]
  .rodata              const    0x0804ea28     0x20  wifimgr.o [7]
  .rodata              const    0x0804ea48     0x20  memp.o [7]
  .rodata              const    0x0804ea68     0x20  dns.o [7]
  .rodata              const    0x0804ea88     0x20  udp.o [7]
  .rodata              const    0x0804eaa8     0x20  dhcp_server.o [7]
  .text                ro code  0x0804eac8     0x20  cmain_call_ctors.o [8]
  .text                ro code  0x0804eae8     0x18  cppinit.o [5]
  .rodata              const    0x0804eb00     0x1c  mxchipWNET.o [7]
  .rodata              const    0x0804eb1c     0x1c  wifimgr.o [7]
  .rodata              const    0x0804eb38     0x1c  SDPCM.o [7]
  .rodata              const    0x0804eb54     0x1c  airkiss.o [7]
  .rodata              const    0x0804eb70     0x1c  airkiss.o [7]
  .rodata              const    0x0804eb8c     0x1c  sockets.o [7]
  .rodata              const    0x0804eba8     0x1c  wwd_wifi.o [7]
  .text                ro code  0x0804ebc4     0x1c  crt0_IAR.o [1]
  .text                ro code  0x0804ebe0     0x1a  cmain.o [8]
  .rodata              const    0x0804ebfc     0x18  wifimgr.o [7]
  .rodata              const    0x0804ec14     0x18  wifimgr.o [7]
  .rodata              const    0x0804ec2c     0x18  wifimgr.o [7]
  .rodata              const    0x0804ec44     0x18  wifimgr.o [7]
  .rodata              const    0x0804ec5c     0x18  wifimgr.o [7]
  .rodata              const    0x0804ec74     0x18  wifimgr.o [7]
  .rodata              const    0x0804ec8c     0x18  wifimgr.o [7]
  .rodata              const    0x0804eca4     0x18  wifimgr.o [7]
  .rodata              const    0x0804ecbc     0x18  wifimgr.o [7]
  .rodata              const    0x0804ecd4     0x18  SDPCM.o [7]
  .rodata              const    0x0804ecec     0x18  SDPCM.o [7]
  .rodata              const    0x0804ed04     0x18  airkiss.o [7]
  .rodata              const    0x0804ed1c     0x18  airkiss.o [7]
  .rodata              const    0x0804ed34     0x18  airkiss.o [7]
  .rodata              const    0x0804ed4c     0x18  sockets.o [7]
  .rodata              const    0x0804ed64     0x18  sockets.o [7]
  .rodata              const    0x0804ed7c     0x18  sockets.o [7]
  .rodata              const    0x0804ed94     0x18  sockets.o [7]
  .text                ro code  0x0804edac     0x16  xprout.o [5]
  .text                ro code  0x0804edc4      0xc  putchar.o [5]
  .rodata              const    0x0804edd0     0x14  wifimgr.o [7]
  .rodata              const    0x0804ede4     0x14  wifimgr.o [7]
  .rodata              const    0x0804edf8     0x14  wifimgr.o [7]
  .rodata              const    0x0804ee0c     0x14  wifimgr.o [7]
  .rodata              const    0x0804ee20     0x14  wifimgr.o [7]
  .rodata              const    0x0804ee34     0x14  wifimgr.o [7]
  .rodata              const    0x0804ee48     0x14  wifimgr.o [7]
  .rodata              const    0x0804ee5c     0x14  wifimgr.o [7]
  .rodata              const    0x0804ee70     0x14  wifimgr.o [7]
  .rodata              const    0x0804ee84     0x14  wifimgr.o [7]
  .rodata              const    0x0804ee98     0x14  wifimgr.o [7]
  .rodata              const    0x0804eeac     0x14  wifimgr.o [7]
  .rodata              const    0x0804eec0     0x14  wifimgr.o [7]
  .rodata              const    0x0804eed4     0x14  SDPCM.o [7]
  .rodata              const    0x0804eee8     0x14  tasks.o [7]
  .rodata              const    0x0804eefc     0x14  tasks.o [7]
  .rodata              const    0x0804ef10     0x14  airkiss.o [7]
  .rodata              const    0x0804ef24     0x14  easylink.o [7]
  .rodata              const    0x0804ef38     0x14  wwd_wifi.o [7]
  .rodata              const    0x0804ef4c     0x14  wwd_wifi.o [7]
  .rodata              const    0x0804ef60     0x14  wiced_network.o [7]
  .text                ro code  0x0804ef74     0x12  startup_stm32f411xe_IAR.o [1]
  .rodata              const    0x0804ef88     0x10  wiced_rtos.o [7]
  .rodata              const    0x0804ef98     0x10  wiced_rtos.o [7]
  .rodata              const    0x0804efa8     0x10  mxchipWNET.o [7]
  .rodata              const    0x0804efb8     0x10  mxchipWNET.o [7]
  .rodata              const    0x0804efc8     0x10  wifimgr.o [7]
  .rodata              const    0x0804efd8     0x10  wifimgr.o [7]
  .rodata              const    0x0804efe8     0x10  wifimgr.o [7]
  .rodata              const    0x0804eff8     0x10  wifimgr.o [7]
  .rodata              const    0x0804f008     0x10  wifimgr.o [7]
  .rodata              const    0x0804f018     0x10  wifimgr.o [7]
  .rodata              const    0x0804f028     0x10  wifimgr.o [7]
  .rodata              const    0x0804f038     0x10  wifimgr.o [7]
  .rodata              const    0x0804f048     0x10  wifimgr.o [7]
  .rodata              const    0x0804f058     0x10  SDPCM.o [7]
  .rodata              const    0x0804f068     0x10  memp.o [7]
  .rodata              const    0x0804f078     0x10  memp.o [7]
  .rodata              const    0x0804f088     0x10  memp.o [7]
  .rodata              const    0x0804f098     0x10  memp.o [7]
  .rodata              const    0x0804f0a8     0x10  memp.o [7]
  .rodata              const    0x0804f0b8     0x10  memp.o [7]
  .rodata              const    0x0804f0c8     0x10  airkiss.o [7]
  .rodata              const    0x0804f0d8     0x10  dns.o [7]
  .rodata              const    0x0804f0e8     0x10  easylink.o [7]
  .rodata              const    0x0804f0f8     0x10  tcp.o [7]
  .rodata              const    0x0804f108     0x10  wwd_wifi.o [7]
  .rodata              const    0x0804f118     0x10  wwd_wifi.o [7]
  .rodata              const    0x0804f128     0x10  wwd_wifi.o [7]
  .rodata              const    0x0804f138     0x10  wwd_wifi.o [7]
  .rodata              const    0x0804f148     0x10  lwiptcpip.o [7]
  .rodata              const    0x0804f158      0xc  wiced_rtos.o [7]
  .rodata              const    0x0804f164      0xc  wifimgr.o [7]
  .rodata              const    0x0804f170      0xc  wifimgr.o [7]
  .rodata              const    0x0804f17c      0xc  wifimgr.o [7]
  .rodata              const    0x0804f188      0xc  wifimgr.o [7]
  .rodata              const    0x0804f194      0xc  wifimgr.o [7]
  .rodata              const    0x0804f1a0      0xc  wifimgr.o [7]
  .rodata              const    0x0804f1ac      0xc  wifimgr.o [7]
  .rodata              const    0x0804f1b8      0xc  wifimgr.o [7]
  .rodata              const    0x0804f1c4      0xc  wifimgr.o [7]
  .rodata              const    0x0804f1d0      0xc  memp.o [7]
  .rodata              const    0x0804f1dc      0xc  memp.o [7]
  .rodata              const    0x0804f1e8      0xc  memp.o [7]
  .rodata              const    0x0804f1f4      0xc  memp.o [7]
  .rodata              const    0x0804f200      0xc  airkiss.o [7]
  .rodata              const    0x0804f20c      0xc  dns.o [7]
  .rodata              const    0x0804f218      0xc  dns.o [7]
  .rodata              const    0x0804f224      0xc  dns.o [7]
  .rodata              const    0x0804f230      0xc  easylink.o [7]
  .rodata              const    0x0804f23c      0xc  easylink2.o [7]
  .rodata              const    0x0804f248      0xc  easylink2.o [7]
  .rodata              const    0x0804f254      0xc  easylink2.o [7]
  .rodata              const    0x0804f260      0xc  easylink2.o [7]
  .rodata              const    0x0804f26c      0xc  easylink2.o [7]
  .rodata              const    0x0804f278      0xc  easylink2.o [7]
  .rodata              const    0x0804f284      0xc  easylink2.o [7]
  .rodata              const    0x0804f290      0xc  easylink2.o [7]
  .rodata              const    0x0804f29c      0xc  easylink2.o [7]
  .rodata              const    0x0804f2a8      0xc  tcp_in.o [7]
  .rodata              const    0x0804f2b4      0xc  wwd_management.o [7]
  .rodata              const    0x0804f2c0      0xc  wwd_management.o [7]
  .rodata              const    0x0804f2cc      0xc  wwd_wifi.o [7]
  .rodata              const    0x0804f2d8      0xc  wwd_wifi.o [7]
  .rodata              const    0x0804f2e4      0xc  wwd_wifi.o [7]
  .rodata              const    0x0804f2f0      0xc  wwd_wifi.o [7]
  .rodata              const    0x0804f2fc      0xc  wwd_ap.o [7]
  .rodata              const    0x0804f308      0xc  wwd_internal.o [7]
  .rodata              const    0x0804f314      0xc  dhcp_server.o [7]
  .rodata              const    0x0804f320      0xc  wiced_lib.o [7]
  .text                ro code  0x0804f32c      0xc  cstartup_M.o [8]
  .rodata              const    0x0804f338      0x8  MICOConfig.o [1]
  .rodata              const    0x0804f340      0x8  wifimgr.o [7]
  .rodata              const    0x0804f348      0x8  wifimgr.o [7]
  .rodata              const    0x0804f350      0x8  wifimgr.o [7]
  .rodata              const    0x0804f358      0x8  wifimgr.o [7]
  .rodata              const    0x0804f360      0x8  wifimgr.o [7]
  .rodata              const    0x0804f368      0x8  wifimgr.o [7]
  .rodata              const    0x0804f370      0x8  wifimgr.o [7]
  .rodata              const    0x0804f378      0x8  wifimgr.o [7]
  .rodata              const    0x0804f380      0x8  wifimgr.o [7]
  .rodata              const    0x0804f388      0x8  wifimgr.o [7]
  .rodata              const    0x0804f390      0x8  wifimgr.o [7]
  .rodata              const    0x0804f398      0x8  wifimgr.o [7]
  .rodata              const    0x0804f3a0      0x8  wifimgr.o [7]
  .rodata              const    0x0804f3a8      0x8  wifimgr.o [7]
  .rodata              const    0x0804f3b0      0x8  memp.o [7]
  .rodata              const    0x0804f3b8      0x8  memp.o [7]
  .rodata              const    0x0804f3c0      0x8  memp.o [7]
  .rodata              const    0x0804f3c8      0x8  memp.o [7]
  .rodata              const    0x0804f3d0      0x8  memp.o [7]
  .rodata              const    0x0804f3d8      0x8  memp.o [7]
  .rodata              const    0x0804f3e0      0x8  memp.o [7]
  .rodata              const    0x0804f3e8      0x8  memp.o [7]
  .rodata              const    0x0804f3f0      0x8  wwd_thread.o [7]
  .rodata              const    0x0804f3f8      0x8  ostimers.o [7]
  .rodata              const    0x0804f400      0x8  tasks.o [7]
  .rodata              const    0x0804f408      0x8  airkiss.o [7]
  .rodata              const    0x0804f410      0x8  dns.o [7]
  .rodata              const    0x0804f418      0x8  dns.o [7]
  .rodata              const    0x0804f420      0x8  easylink.o [7]
  .rodata              const    0x0804f428      0x8  easylink2.o [7]
  .rodata              const    0x0804f430      0x8  easylink2.o [7]
  .rodata              const    0x0804f438      0x8  sockets.o [7]
  .rodata              const    0x0804f440      0x8  sockets.o [7]
  .rodata              const    0x0804f448      0x8  sockets.o [7]
  .rodata              const    0x0804f450      0x8  sockets.o [7]
  .rodata              const    0x0804f458      0x8  sockets.o [7]
  .rodata              const    0x0804f460      0x8  sockets.o [7]
  .rodata              const    0x0804f468      0x8  tcp.o [7]
  .rodata              const    0x0804f470      0x8  tcp_in.o [7]
  .rodata              const    0x0804f478      0x8  tcp_in.o [7]
  .rodata              const    0x0804f480      0x8  tcp_in.o [7]
  .rodata              const    0x0804f488      0x8  tcp_in.o [7]
  .rodata              const    0x0804f490      0x8  wwd_management.o [7]
  .rodata              const    0x0804f498      0x8  wwd_management.o [7]
  .rodata              const    0x0804f4a0      0x8  wwd_wifi.o [7]
  .rodata              const    0x0804f4a8      0x8  wwd_wifi.o [7]
  .rodata              const    0x0804f4b0      0x8  wwd_wifi.o [7]
  .rodata              const    0x0804f4b8      0x8  wwd_wifi.o [7]
  .rodata              const    0x0804f4c0      0x8  wwd_wifi.o [7]
  .rodata              const    0x0804f4c8      0x8  etharp.o [7]
  .rodata              const    0x0804f4d0      0x8  etharp.o [7]
  .rodata              const    0x0804f4d8      0x8  etharp.o [7]
  .rodata              const    0x0804f4e0      0x8  etharp.o [7]
  .rodata              const    0x0804f4e8      0x8  wiced_network.o [7]
  .rodata              const    0x0804f4f0      0x8  wwd_network.o [7]
  .rodata              const    0x0804f4f8      0x8  dhcp_server.o [7]
  .rodata              const    0x0804f500      0x8  dhcp_server.o [7]
  .rodata              const    0x0804f508      0x8  dhcp_server.o [7]
  .rodata              const    0x0804f510      0x8  dhcp_server.o [7]
  .text                ro code  0x0804f518      0x8  startup_stm32f411xe_IAR.o [1]
  .rodata              const    0x0804f520      0x4  stm32f4xx_platform.o [1]
  .rodata              const    0x0804f524      0x4  easylink2.o [7]
  .rodata              const    0x0804f528      0x4  easylink2.o [7]
  .rodata              const    0x0804f52c      0x4  ip_addr.o [7]
  .rodata              const    0x0804f530      0x4  ip_addr.o [7]
  .rodata              const    0x0804f534      0x4  dhcp_server.o [7]
  .rodata              const    0x0804f538      0x4  dhcp_server.o [7]
  .rodata              const    0x0804f53c      0x4  dhcp_server.o [7]
  .rodata              const    0x0804f540      0x4  dhcp_server.o [7]
  .rodata              const    0x0804f544      0x4  dhcp_server.o [7]
  .text                ro code  0x0804f548      0x4  startup_stm32f411xe_IAR.o [1]
  .text                ro code  0x0804f54c      0x4  startup_stm32f411xe_IAR.o [1]
  .text                ro code  0x0804f550      0x4  startup_stm32f411xe_IAR.o [1]
  .text                ro code  0x0804f554      0x4  startup_stm32f411xe_IAR.o [1]
  .text                ro code  0x0804f558      0x4  startup_stm32f411xe_IAR.o [1]
  .text                ro code  0x0804f55c      0x4  startup_stm32f411xe_IAR.o [1]
  .text                ro code  0x0804f560      0x4  startup_stm32f411xe_IAR.o [1]
  .text                ro code  0x0804f564      0x4  startup_stm32f411xe_IAR.o [1]
  .text                ro code  0x0804f568      0x4  startup_stm32f411xe_IAR.o [1]
  .text                ro code  0x0804f56c      0x4  startup_stm32f411xe_IAR.o [1]
  .text                ro code  0x0804f570      0x4  startup_stm32f411xe_IAR.o [1]
  .text                ro code  0x0804f574      0x4  startup_stm32f411xe_IAR.o [1]
  .text                ro code  0x0804f578      0x4  startup_stm32f411xe_IAR.o [1]
  .text                ro code  0x0804f57c      0x4  startup_stm32f411xe_IAR.o [1]
  .text                ro code  0x0804f580      0x4  startup_stm32f411xe_IAR.o [1]
  .text                ro code  0x0804f584      0x4  startup_stm32f411xe_IAR.o [1]
  .text                ro code  0x0804f588      0x4  startup_stm32f411xe_IAR.o [1]
  .text                ro code  0x0804f58c      0x4  startup_stm32f411xe_IAR.o [1]
  .text                ro code  0x0804f590      0x4  startup_stm32f411xe_IAR.o [1]
  .text                ro code  0x0804f594      0x4  startup_stm32f411xe_IAR.o [1]
  .text                ro code  0x0804f598      0x4  startup_stm32f411xe_IAR.o [1]
  .text                ro code  0x0804f59c      0x4  startup_stm32f411xe_IAR.o [1]
  .text                ro code  0x0804f5a0      0x4  startup_stm32f411xe_IAR.o [1]
  .text                ro code  0x0804f5a4      0x4  startup_stm32f411xe_IAR.o [1]
  .text                ro code  0x0804f5a8      0x4  startup_stm32f411xe_IAR.o [1]
  .text                ro code  0x0804f5ac      0x4  startup_stm32f411xe_IAR.o [1]
  .text                ro code  0x0804f5b0      0x4  startup_stm32f411xe_IAR.o [1]
  .text                ro code  0x0804f5b4      0x4  startup_stm32f411xe_IAR.o [1]
  .text                ro code  0x0804f5b8      0x4  startup_stm32f411xe_IAR.o [1]
  .text                ro code  0x0804f5bc      0x4  startup_stm32f411xe_IAR.o [1]
  .text                ro code  0x0804f5c0      0x4  startup_stm32f411xe_IAR.o [1]
  .text                ro code  0x0804f5c4      0x4  startup_stm32f411xe_IAR.o [1]
  .text                ro code  0x0804f5c8      0x4  startup_stm32f411xe_IAR.o [1]
  .text                ro code  0x0804f5cc      0x4  startup_stm32f411xe_IAR.o [1]
  .text                ro code  0x0804f5d0      0x4  startup_stm32f411xe_IAR.o [1]
  .text                ro code  0x0804f5d4      0x4  startup_stm32f411xe_IAR.o [1]
  .text                ro code  0x0804f5d8      0x4  startup_stm32f411xe_IAR.o [1]
  .text                ro code  0x0804f5dc      0x4  startup_stm32f411xe_IAR.o [1]
  .text                ro code  0x0804f5e0      0x4  startup_stm32f411xe_IAR.o [1]
  .text                ro code  0x0804f5e4      0x4  startup_stm32f411xe_IAR.o [1]
  .text                ro code  0x0804f5e8      0x4  startup_stm32f411xe_IAR.o [1]
  .text                ro code  0x0804f5ec      0x4  startup_stm32f411xe_IAR.o [1]
  .text                ro code  0x0804f5f0      0x4  startup_stm32f411xe_IAR.o [1]
  .text                ro code  0x0804f5f4      0x4  startup_stm32f411xe_IAR.o [1]
  .text                ro code  0x0804f5f8      0x4  startup_stm32f411xe_IAR.o [1]
  .text                ro code  0x0804f5fc      0x4  startup_stm32f411xe_IAR.o [1]
  SHT$$PREINIT_ARRAY            0x0804f600      0x4  <Block>
    .prepreinit_array  const    0x0804f600      0x4  xlocale_c.o [5]
  SHT$$INIT_ARRAY               0x0804f604      0x0  <Block>
  .text                ro code  0x0804f604      0x0  cstart_clearlocks.o [8]
  .text                ro code  0x0804f604      0x0  cstart_closeall.o [8]
  .rodata              const    0x0804f604      0x0  zero_init3.o [8]
  .rodata              const    0x0804f604      0x0  packbits_init.o [8]
  Initializer bytes    ro data  0x0804f604    0x18f  <for P2 s0>
                              - 0x0804f793  0x435fb

"P2":                                       0x1eed8
  P2 s0                         0x20000000    0x4e2  <Init block>
    .data              inited   0x20000000     0xbc  FogCloudUtils.o [4]
    __DLIB_PERTHREAD   inited   0x200000bc     0x8c  rand.o [5]
    __DLIB_PERTHREAD   inited   0x20000148     0x88  localeconv.o [5]
    __DLIB_PERTHREAD   inited   0x200001d0     0x74  setlocale.o [5]
    .data              inited   0x20000244     0x6c  user_properties.o [1]
    .data              inited   0x200002b0     0x44  bme280_user.o [1]
    .data              inited   0x200002f4     0x44  memp.o [7]
    .data              inited   0x20000338     0x40  xfiles.o [5]
    .data              inited   0x20000378     0x40  xfiles.o [5]
    .data              inited   0x200003b8     0x40  xfiles.o [5]
    .data              inited   0x200003f8     0x20  xfiles.o [5]
    __DLIB_PERTHREAD   inited   0x20000418     0x1c  asctime.o [5]
    .data              inited   0x20000434     0x18  MDNSUtils.o [1]
    .data              inited   0x2000044c     0x10  stm32f4xx_rcc.o [1]
    .data              inited   0x2000045c     0x10  tcp.o [7]
    .data              inited   0x2000046c      0xc  wwd_internal.o [7]
    .data              inited   0x20000478      0x8  MicoDriverRtc.o [1]
    .data              inited   0x20000480      0x8  MicoFogCloudConfigServer.o [1]
    .data              inited   0x20000488      0x4  json_object.o [1]
    .data              inited   0x2000048c      0x4  json_object.o [1]
    .data              inited   0x20000490      0x4  json_tokener.o [1]
    .data              inited   0x20000494      0x4  MICOConfig.o [1]
    .data              inited   0x20000498      0x4  MICOConfig.o [1]
    .data              inited   0x2000049c      0x4  read_wifi_firmware.o [1]
    .data              inited   0x200004a0      0x4  user_properties.o [1]
    .data              inited   0x200004a4      0x4  user_properties.o [1]
    .data              inited   0x200004a8      0x4  wifimgr.o [7]
    .data              inited   0x200004ac      0x4  wifimgr.o [7]
    .data              inited   0x200004b0      0x4  wifimgr.o [7]
    .data              inited   0x200004b4      0x4  wifimgr.o [7]
    .data              inited   0x200004b8      0x4  wifimgr.o [7]
    .data              inited   0x200004bc      0x4  port.o [7]
    .data              inited   0x200004c0      0x4  wwd_rtos.o [7]
    .data              inited   0x200004c4      0x4  tasks.o [7]
    .data              inited   0x200004c8      0x4  airkiss.o [7]
    .data              inited   0x200004cc      0x4  easylink2.o [7]
    .data              inited   0x200004d0      0x4  tcp.o [7]
    .data              inited   0x200004d4      0x4  wifi.o [7]
    .data              inited   0x200004d8      0x4  dhcp.o [7]
    __DLIB_PERTHREAD   inited   0x200004dc      0x4  errno.o [5]
    .data              inited   0x200004e0      0x1  user_properties.o [1]
    .data              inited   0x200004e1      0x1  airkiss.o [7]
  .bss                 zero     0x200004e4   0x71f0  memp.o [7]
  .bss                 zero     0x200076d4    0x460  dns.o [7]
  .bss                 zero     0x20007b38    0x338  fogCloud.o [1]
  .bss                 zero     0x20007e70    0x29c  easylink2.o [7]
  .bss                 zero     0x2000810c    0x294  airkiss.o [7]
  .bss                 zero     0x200083a0    0x204  dns.o [7]
  .bss                 zero     0x200085a4    0x1d8  dlmalloc.o [7]
  .bss                 zero     0x2000877c    0x180  sockets.o [7]
  .bss                 zero     0x200088fc    0x110  user_uart.o [1]
  .bss                 zero     0x20008a0c    0x100  easylink.o [7]
  .bss                 zero     0x20008b0c    0x100  easylink.o [7]
  .bss                 zero     0x20008c0c     0xc8  tasks.o [7]
  .bss                 zero     0x20008cd4     0xc0  gpio_irq.o [1]
  .bss                 zero     0x20008d94     0xa0  etharp.o [7]
  .bss                 zero     0x20008e34     0x8c  easylink.o [7]
  .bss                 zero     0x20008ec0     0x88  airkiss.o [7]
  .bss                 zero     0x20008f48     0x88  wiced_network.o [7]
  .bss                 zero     0x20008fd0     0x80  XShHandles.o [5]
  .bss                 zero     0x20009050     0x70  wifimgr.o [7]
  .bss                 zero     0x200090c0     0x64  dhcp_server.o [7]
  .bss                 zero     0x20009124     0x60  sockets.o [7]
  .bss                 zero     0x20009184     0x60  FogCloudMQTTClient.o [4]
  .bss                 zero     0x200091e4     0x5c  stm32f4xx_platform.o [1]
  .bss                 zero     0x20009240     0x58  MICOCli.o [1]
  .bss                 zero     0x20009298     0x54  MICONotificationCenter.o [1]
  .bss                 zero     0x200092ec     0x54  xlocale_c.o [5]
  .bss                 zero     0x20009340     0x50  xfiles.o [5]
  .bss                 zero     0x20009390     0x50  xfiles.o [5]
  .bss                 zero     0x200093e0     0x48  easylink.o [7]
  .bss                 zero     0x20009428     0x44  memp.o [7]
  .bss                 zero     0x2000946c     0x44  memp.o [7]
  .bss                 zero     0x200094b0     0x44  FogCloudMQTTClient.o [4]
  .bss                 zero     0x200094f4     0x44  netif.o [7]
  .bss                 zero     0x20009538     0x40  airkiss.o [7]
  .bss                 zero     0x20009578     0x40  easylink2.o [7]
  .bss                 zero     0x200095b8     0x3c  wifimgr.o [7]
  .bss                 zero     0x200095f4     0x3c  wifimgr.o [7]
  .bss                 zero     0x20009630     0x3c  wifimgr.o [7]
  .bss                 zero     0x2000966c     0x3c  wifimgr.o [7]
  .bss                 zero     0x200096a8     0x3c  SDPCM.o [7]
  .bss                 zero     0x200096e4     0x3c  wiced_network.o [7]
  .bss                 zero     0x20009720     0x38  wiced_network.o [7]
  .bss                 zero     0x20009758     0x38  xsyslock_mtx.o [5]
  .bss                 zero     0x20009790     0x34  tasks.o [7]
  .bss                 zero     0x200097c4     0x28  airkiss.o [7]
  .bss                 zero     0x200097ec     0x28  dnsclient.o [7]
  .bss                 zero     0x20009814     0x28  wiced_ping.o [7]
  .bss                 zero     0x2000983c     0x28  dhcp.o [7]
  .bss                 zero     0x20009864     0x20  MicoDriverUart.o [1]
  .bss                 zero     0x20009884     0x20  wiced_network.o [7]
  .bss                 zero     0x200098a4     0x20  dhcp_server.o [7]
  .bss                 zero     0x200098c4     0x1c  MICOEntrance.o [1]
  .bss                 zero     0x200098e0     0x18  dlmalloc.o [7]
  .bss                 zero     0x200098f8     0x14  MICOSystemMonitor.o [1]
  .bss                 zero     0x2000990c     0x14  wifimgr.o [7]
  .bss                 zero     0x20009920     0x14  ostimers.o [7]
  .bss                 zero     0x20009934     0x14  ostimers.o [7]
  .bss                 zero     0x20009948     0x14  tasks.o [7]
  .bss                 zero     0x2000995c     0x14  tasks.o [7]
  .bss                 zero     0x20009970     0x14  tasks.o [7]
  .bss                 zero     0x20009984     0x14  tasks.o [7]
  .bss                 zero     0x20009998     0x14  tasks.o [7]
  .bss                 zero     0x200099ac     0x14  tcp_in.o [7]
  .bss                 zero     0x200099c0     0x14  wiced_network.o [7]
  .bss                 zero     0x200099d4     0x14  wiced_network.o [7]
  .bss                 zero     0x200099e8     0x10  MicoDriverWdg.o [1]
  .bss                 zero     0x200099f8     0x10  MicoFogCloud.o [1]
  .bss                 zero     0x20009a08     0x10  platform.o [1]
  .bss                 zero     0x20009a18     0x10  mxchipWNET.o [7]
  .bss                 zero     0x20009a28     0x10  ip_addr.o [7]
  .bss                 zero     0x20009a38      0xc  fogcloud_msg_dispatch.o [1]
  .bss                 zero     0x20009a44      0xc  MICOConfigDelegate.o [1]
  .bss                 zero     0x20009a50      0xc  wifi_config.o [1]
  .bss                 zero     0x20009a5c      0xc  airkiss.o [7]
  .bss                 zero     0x20009a68      0xc  dhcp.o [7]
  .bss                 zero     0x20009a74      0x8  properties.o [1]
  .bss                 zero     0x20009a7c      0x8  wiced_rtos.o [7]
  .bss                 zero     0x20009a84      0x8  wifimgr.o [7]
  .bss                 zero     0x20009a8c      0x8  wifimgr.o [7]
  .bss                 zero     0x20009a94      0x8  FogCloudService.o [4]
  .bss                 zero     0x20009a9c      0x8  airkiss.o [7]
  .bss                 zero     0x20009aa4      0x8  dns.o [7]
  .bss                 zero     0x20009aac      0x8  wwd_management.o [7]
  .bss                 zero     0x20009ab4      0x4  bme280.o [1]
  .bss                 zero     0x20009ab8      0x4  MDNSUtils.o [1]
  .bss                 zero     0x20009abc      0x4  MICOBonjour.o [1]
  .bss                 zero     0x20009ac0      0x4  MICOConfigServer.o [1]
  .bss                 zero     0x20009ac4      0x4  MicoDriverWdg.o [1]
  .bss                 zero     0x20009ac8      0x4  MICOParaStorage.o [1]
  .bss                 zero     0x20009acc      0x4  wwd_bus.o [1]
  .bss                 zero     0x20009ad0      0x4  wiced_rtos.o [7]
  .bss                 zero     0x20009ad4      0x4  mxchipWNET.o [7]
  .bss                 zero     0x20009ad8      0x4  mxchipWNET.o [7]
  .bss                 zero     0x20009adc      0x4  mxchipWNET.o [7]
  .bss                 zero     0x20009ae0      0x4  mxchipWNET.o [7]
  .bss                 zero     0x20009ae4      0x4  mxchipWNET.o [7]
  .bss                 zero     0x20009ae8      0x4  wifimgr.o [7]
  .bss                 zero     0x20009aec      0x4  wifimgr.o [7]
  .bss                 zero     0x20009af0      0x4  wifimgr.o [7]
  .bss                 zero     0x20009af4      0x4  wifimgr.o [7]
  .bss                 zero     0x20009af8      0x4  wifimgr.o [7]
  .bss                 zero     0x20009afc      0x4  wifimgr.o [7]
  .bss                 zero     0x20009b00      0x4  wifimgr.o [7]
  .bss                 zero     0x20009b04      0x4  wifimgr.o [7]
  .bss                 zero     0x20009b08      0x4  wifimgr.o [7]
  .bss                 zero     0x20009b0c      0x4  wifimgr.o [7]
  .bss                 zero     0x20009b10      0x4  SDPCM.o [7]
  .bss                 zero     0x20009b14      0x4  SDPCM.o [7]
  .bss                 zero     0x20009b18      0x4  SDPCM.o [7]
  .bss                 zero     0x20009b1c      0x4  SDPCM.o [7]
  .bss                 zero     0x20009b20      0x4  SDPCM.o [7]
  .bss                 zero     0x20009b24      0x4  SDPCM.o [7]
  .bss                 zero     0x20009b28      0x4  SDPCM.o [7]
  .bss                 zero     0x20009b2c      0x4  wwd_thread.o [7]
  .bss                 zero     0x20009b30      0x4  wwd_thread.o [7]
  .bss                 zero     0x20009b34      0x4  ostimers.o [7]
  .bss                 zero     0x20009b38      0x4  ostimers.o [7]
  .bss                 zero     0x20009b3c      0x4  ostimers.o [7]
  .bss                 zero     0x20009b40      0x4  ostimers.o [7]
  .bss                 zero     0x20009b44      0x4  tasks.o [7]
  .bss                 zero     0x20009b48      0x4  tasks.o [7]
  .bss                 zero     0x20009b4c      0x4  tasks.o [7]
  .bss                 zero     0x20009b50      0x4  tasks.o [7]
  .bss                 zero     0x20009b54      0x4  tasks.o [7]
  .bss                 zero     0x20009b58      0x4  tasks.o [7]
  .bss                 zero     0x20009b5c      0x4  tasks.o [7]
  .bss                 zero     0x20009b60      0x4  tasks.o [7]
  .bss                 zero     0x20009b64      0x4  tasks.o [7]
  .bss                 zero     0x20009b68      0x4  tasks.o [7]
  .bss                 zero     0x20009b6c      0x4  tasks.o [7]
  .bss                 zero     0x20009b70      0x4  tasks.o [7]
  .bss                 zero     0x20009b74      0x4  tasks.o [7]
  .bss                 zero     0x20009b78      0x4  tasks.o [7]
  .bss                 zero     0x20009b7c      0x4  airkiss.o [7]
  .bss                 zero     0x20009b80      0x4  airkiss.o [7]
  .bss                 zero     0x20009b84      0x4  airkiss.o [7]
  .bss                 zero     0x20009b88      0x4  airkiss.o [7]
  .bss                 zero     0x20009b8c      0x4  airkiss.o [7]
  .bss                 zero     0x20009b90      0x4  airkiss.o [7]
  .bss                 zero     0x20009b94      0x4  airkiss.o [7]
  .bss                 zero     0x20009b98      0x4  airkiss.o [7]
  .bss                 zero     0x20009b9c      0x4  wps_host.o [7]
  .bss                 zero     0x20009ba0      0x4  wps_host.o [7]
  .bss                 zero     0x20009ba4      0x4  dns.o [7]
  .bss                 zero     0x20009ba8      0x4  dns.o [7]
  .bss                 zero     0x20009bac      0x4  easylink.o [7]
  .bss                 zero     0x20009bb0      0x4  easylink.o [7]
  .bss                 zero     0x20009bb4      0x4  easylink.o [7]
  .bss                 zero     0x20009bb8      0x4  easylink.o [7]
  .bss                 zero     0x20009bbc      0x4  easylink2.o [7]
  .bss                 zero     0x20009bc0      0x4  easylink2.o [7]
  .bss                 zero     0x20009bc4      0x4  easylink2.o [7]
  .bss                 zero     0x20009bc8      0x4  easylink2.o [7]
  .bss                 zero     0x20009bcc      0x4  easylink2.o [7]
  .bss                 zero     0x20009bd0      0x4  easylink2.o [7]
  .bss                 zero     0x20009bd4      0x4  easylink2.o [7]
  .bss                 zero     0x20009bd8      0x4  sockets.o [7]
  .bss                 zero     0x20009bdc      0x4  sockets.o [7]
  .bss                 zero     0x20009be0      0x4  sockets.o [7]
  .bss                 zero     0x20009be4      0x4  tcp.o [7]
  .bss                 zero     0x20009be8      0x4  tcp.o [7]
  .bss                 zero     0x20009bec      0x4  tcp.o [7]
  .bss                 zero     0x20009bf0      0x4  tcp.o [7]
  .bss                 zero     0x20009bf4      0x4  tcp.o [7]
  .bss                 zero     0x20009bf8      0x4  tcp.o [7]
  .bss                 zero     0x20009bfc      0x4  tcp.o [7]
  .bss                 zero     0x20009c00      0x4  tcp.o [7]
  .bss                 zero     0x20009c04      0x4  wifi.o [7]
  .bss                 zero     0x20009c08      0x4  tcp_in.o [7]
  .bss                 zero     0x20009c0c      0x4  tcp_in.o [7]
  .bss                 zero     0x20009c10      0x4  tcp_in.o [7]
  .bss                 zero     0x20009c14      0x4  tcp_in.o [7]
  .bss                 zero     0x20009c18      0x4  tcp_in.o [7]
  .bss                 zero     0x20009c1c      0x4  tcp_in.o [7]
  .bss                 zero     0x20009c20      0x4  wwd_wifi.o [7]
  .bss                 zero     0x20009c24      0x4  wwd_wifi.o [7]
  .bss                 zero     0x20009c28      0x4  wwd_wifi.o [7]
  .bss                 zero     0x20009c2c      0x4  wwd_wifi.o [7]
  .bss                 zero     0x20009c30      0x4  mxchip_debug.o [7]
  .bss                 zero     0x20009c34      0x4  mxchip_debug.o [7]
  .bss                 zero     0x20009c38      0x4  dnsclient.o [7]
  .bss                 zero     0x20009c3c      0x4  ip.o [7]
  .bss                 zero     0x20009c40      0x4  ip.o [7]
  .bss                 zero     0x20009c44      0x4  ip.o [7]
  .bss                 zero     0x20009c48      0x4  ip.o [7]
  .bss                 zero     0x20009c4c      0x4  ip.o [7]
  .bss                 zero     0x20009c50      0x4  udp.o [7]
  .bss                 zero     0x20009c54      0x4  wiced_network.o [7]
  .bss                 zero     0x20009c58      0x4  wiced_network.o [7]
  .bss                 zero     0x20009c5c      0x4  wwd_ap.o [7]
  .bss                 zero     0x20009c60      0x4  wwd_internal.o [7]
  .bss                 zero     0x20009c64      0x4  lwiptcpip.o [7]
  .bss                 zero     0x20009c68      0x4  lwiptcpip.o [7]
  .bss                 zero     0x20009c6c      0x4  lwiptcpip.o [7]
  .bss                 zero     0x20009c70      0x4  igmp.o [7]
  .bss                 zero     0x20009c74      0x4  igmp.o [7]
  .bss                 zero     0x20009c78      0x4  igmp.o [7]
  .bss                 zero     0x20009c7c      0x4  igmp.o [7]
  .bss                 zero     0x20009c80      0x4  lwiptimers.o [7]
  .bss                 zero     0x20009c84      0x4  lwiptimers.o [7]
  .bss                 zero     0x20009c88      0x4  wiced_ping.o [7]
  .bss                 zero     0x20009c8c      0x4  ip_frag.o [7]
  .bss                 zero     0x20009c90      0x4  netif.o [7]
  .bss                 zero     0x20009c94      0x4  netif.o [7]
  .bss                 zero     0x20009c98      0x4  raw.o [7]
  .bss                 zero     0x20009c9c      0x4  MQTTPacket.o [4]
  .bss                 zero     0x20009ca0      0x4  xgetmemchunk.o [5]
  .bss                 zero     0x20009ca4      0x2  SDPCM.o [7]
  .bss                 zero     0x20009ca6      0x2  tcp.o [7]
  .bss                 zero     0x20009ca8      0x2  tcp_in.o [7]
  .bss                 zero     0x20009caa      0x2  ip.o [7]
  .bss                 zero     0x20009cac      0x2  wiced_network.o [7]
  .bss                 zero     0x20009cae      0x2  wiced_ping.o [7]
  .bss                 zero     0x20009cb0      0x2  ip_frag.o [7]
  .bss                 zero     0x20009cb2      0x1  gpio_irq.o [1]
  .bss                 zero     0x20009cb3      0x1  printbuf.o [1]
  .bss                 zero     0x20009cb4      0x1  temp_hum_sensor.o [1]
  .bss                 zero     0x20009cb5      0x1  wifimgr.o [7]
  .bss                 zero     0x20009cb6      0x1  wifimgr.o [7]
  .bss                 zero     0x20009cb7      0x1  wifimgr.o [7]
  .bss                 zero     0x20009cb8      0x1  SDPCM.o [7]
  .bss                 zero     0x20009cb9      0x1  SDPCM.o [7]
  .bss                 zero     0x20009cba      0x1  SDPCM.o [7]
  .bss                 zero     0x20009cbb      0x1  SDPCM.o [7]
  .bss                 zero     0x20009cbc      0x1  SDPCM.o [7]
  .bss                 zero     0x20009cbd      0x1  SDPCM.o [7]
  .bss                 zero     0x20009cbe      0x1  SDPCM.o [7]
  .bss                 zero     0x20009cbf      0x1  wwd_thread.o [7]
  .bss                 zero     0x20009cc0      0x1  wwd_thread.o [7]
  .bss                 zero     0x20009cc1      0x1  wwd_thread.o [7]
  .bss                 zero     0x20009cc2      0x1  wps_host.o [7]
  .bss                 zero     0x20009cc3      0x1  wps_host.o [7]
  .bss                 zero     0x20009cc4      0x1  dns.o [7]
  .bss                 zero     0x20009cc5      0x1  easylink.o [7]
  .bss                 zero     0x20009cc6      0x1  easylink.o [7]
  .bss                 zero     0x20009cc7      0x1  tcp.o [7]
  .bss                 zero     0x20009cc8      0x1  wifi.o [7]
  .bss                 zero     0x20009cc9      0x1  tcp_in.o [7]
  .bss                 zero     0x20009cca      0x1  tcp_in.o [7]
  .bss                 zero     0x20009ccb      0x1  wwd_wifi.o [7]
  .bss                 zero     0x20009ccc      0x1  wwd_wifi.o [7]
  .bss                 zero     0x20009ccd      0x1  etharp.o [7]
  .bss                 zero     0x20009cce      0x1  wiced_network.o [7]
  .bss                 zero     0x20009ccf      0x1  wiced_network.o [7]
  .bss                 zero     0x20009cd0      0x1  wwd_ap.o [7]
  .bss                 zero     0x20009cd1      0x1  wwd_bus_protocol.o [7]
  .bss                 zero     0x20009cd2      0x1  wwd_bus_protocol.o [7]
  .bss                 zero     0x20009cd3      0x1  netif.o [7]
  CSTACK                        0x20009cd8    0x200  <Block>
    CSTACK             uninit   0x20009cd8    0x200  <Block tail>
  HEAP                          0x20009ed8  0x15000  <Block>
    HEAP               uninit   0x20009ed8  0x15000  <Block tail>
                              - 0x2001eed8  0x1eed8


*******************************************************************************
*** INIT TABLE
***

          Address     Size
          -------     ----
Zero (__iar_zero_init3)
    1 destination range, total size 0x97f0:
          0x200004e4  0x97f0

Copy/packbits (__iar_packbits_init3)
    1 source range, total size 0x18f (31% of destination):
          0x0804f604   0x18f
    1 destination range, total size 0x4e2:
          0x20000000   0x4e2

Extra (__iar_cstart_call_ctors)



*******************************************************************************
*** MODULE SUMMARY
***

    Module                      ro code  ro data  rw data
    ------                      -------  -------  -------
E:\Elink407\Mico_ELink407\src\Build\COM.MXCHIP.SPP\Elink407_V150112\Obj: [1]
    DHT11.o                         346
    EasyLinkSoftAP.o                812
    HTTPUtils.o                   4 572
    MDNSUtils.o                   3 456        8       28
    MICOAppEntrance.o             1 148
    MICOBonjour.o                 1 224                 4
    MICOCli.o                     2 720      480       88
    MICOConfig.o                              10        8
    MICOConfigDelegate.o          7 672       72       12
    MICOConfigMenu.o              1 816
    MICOConfigServer.o            5 180                 4
    MICOEntrance.o                4 512                28
    MICOMfgtest.o                 1 036
    MICONotificationCenter.o      1 024                84
    MICOParaStorage.o             1 016                 4
    MICOSystemMonitor.o             432                20
    MicoDriverAdc.o                 296
    MicoDriverFlash.o             1 384
    MicoDriverGpio.o                484
    MicoDriverI2c.o                 344
    MicoDriverRtc.o                 296        2        8
    MicoDriverUart.o              2 008                32
    MicoDriverWdg.o                 644                20
    MicoFogCloud.o                5 452       64       16
    MicoFogCloudConfigServer.o    6 512      183        8
    RingBufferUtils.o                94
    SocketUtils.o                   904
    StringUtils.o                 2 780
    URLUtils.o                      362
    arraylist.o                     212
    bme280.o                        524                 4
    bme280_user.o                    44       22       68
    crt0_IAR.o                       28
    dc_motor.o                       38
    fogCloud.o                    6 260      160      824
    fogcloud_msg_dispatch.o       3 124                12
    gpio_irq.o                      782               193
    hardfault.o                     772
    hsb2rgb_led.o                   624
    infrared_reflective.o            40
    json_object.o                 1 644       38        8
    json_tokener.o                3 884        2        4
    json_util.o                     228
    light_sensor.o                   38
    linkhash.o                      856
    misc.o                          152
    platform.o                      696      744       16
    printbuf.o                      310                 1
    properties.o                  8 220                 8
    read_wifi_firmware.o            108        1        4
    rgb_led.o                       188
    startup_stm32f411xe_IAR.o       618
    stdio_IAR.o                      20
    stm32f4xx_adc.o                 314
    stm32f4xx_dma.o                 524
    stm32f4xx_exti.o                124
    stm32f4xx_flash.o               642
    stm32f4xx_gpio.o                184
    stm32f4xx_i2c.o                 212
    stm32f4xx_iwdg.o                 52
    stm32f4xx_platform.o            764        4       92
    stm32f4xx_pwr.o                  96
    stm32f4xx_rcc.o                 576        5       16
    stm32f4xx_rtc.o               1 162
    stm32f4xx_spi.o                 192
    stm32f4xx_syscfg.o               40
    stm32f4xx_tim.o                 734
    stm32f4xx_usart.o               256
    temp_hum_sensor.o               116                 1
    user_main.o                   2 196
    user_properties.o             3 972    3 205      117
    user_uart.o                     892               272
    wifi_config.o                 5 400                12
    wlan_platform.o                 196
    wwd_bus.o                       904                 4
    -----------------------------------------------------
    Total:                      107 484    5 000    2 020

E:\Elink407\Mico_ELink407\src\MICO\tftp: [2]
    -----------------------------------------------------
    Total:

command line: [3]
    -----------------------------------------------------
    Total:

FogCloud_cm4_debug.a: [4]
[...]
vPortStartFirstTask     0x08028dbd          Code  Gb  portasm.o [7]
vPortYieldFromISR       0x0801cc3b     0xa  Code  Gb  port.o [7]
vQueueDelete            0x0801c96b    0x12  Code  Gb  queue.o [7]
vQueueWaitForMessageRestricted
                        0x0801cadb    0x3e  Code  Gb  queue.o [7]
vSetMSP                 0x08028d41          Code  Gb  portasm.o [7]
vTaskDelay              0x0801a925    0x36  Code  Gb  tasks.o [7]
vTaskDelete             0x0801a8b1    0x74  Code  Gb  tasks.o [7]
vTaskForceAwake         0x0801a9d3    0x4c  Code  Gb  tasks.o [7]
vTaskIncrementTick      0x0801ac37   0x106  Code  Gb  tasks.o [7]
vTaskList               0x0801ab8d    0xaa  Code  Gb  tasks.o [7]
vTaskMissedYield        0x0801af0b     0xa  Code  Gb  tasks.o [7]
vTaskPlaceOnEventList   0x0801add5    0x3a  Code  Gb  tasks.o [7]
vTaskPlaceOnEventListRestricted
                        0x0801ae0f    0x24  Code  Gb  tasks.o [7]
vTaskPriorityDisinherit
                        0x0801b281    0x44  Code  Gb  tasks.o [7]
vTaskPriorityInherit    0x0801b217    0x66  Code  Gb  tasks.o [7]
vTaskSetTimeOutState    0x0801ae9b    0x10  Code  Gb  tasks.o [7]
vTaskStartScheduler     0x0801aa35    0x4c  Code  Gb  tasks.o [7]
vTaskSuspendAll         0x0801aa81    0x10  Code  Gb  tasks.o [7]
vTaskSwitchContext      0x0801ad3d    0x98  Code  Gb  tasks.o [7]
valid_dir               0x200004c8     0x4  Data  Lc  airkiss.o [7]
valid_ssid              0x200004e1     0x1  Data  Lc  airkiss.o [7]
vprintf                 0x0803610d    0x18  Code  Gb  vprintf.o [5]
vsnprintf               0x080360a5    0x3c  Code  Gb  vsnprint.o [5]
vsprintf                0x080360e1    0x2c  Code  Gb  vsprintf.o [5]
wiced_bus_allow_wlan_bus_to_sleep
                        0x0803530d    0x10  Code  Gb  wwd_bus_protocol.o [7]
wiced_bus_deinit        0x08035159     0xc  Code  Gb  wwd_bus_protocol.o [7]
wiced_bus_ensure_wlan_bus_is_up
                        0x080352e1    0x2c  Code  Gb  wwd_bus_protocol.o [7]
wiced_bus_flow_controlled
                        0x20009cd2     0x1  Data  Lc  wwd_bus_protocol.o [7]
wiced_bus_init          0x08034f67   0x1f2  Code  Gb  wwd_bus_protocol.o [7]
wiced_bus_interrupt     0x20009cc1     0x1  Data  Lc  wwd_thread.o [7]
wiced_bus_is_flow_controlled
                        0x08034e8b     0x8  Code  Gb  wwd_bus_protocol.o [7]
wiced_bus_poke_wlan     0x08034e6b     0x4  Code  Gb  wwd_bus_protocol.o [7]
wiced_bus_process_interrupt
                        0x08034e93    0x36  Code  Gb  wwd_bus_protocol.o [7]
wiced_bus_set_flow_control
                        0x08034e6f    0x1c  Code  Gb  wwd_bus_protocol.o [7]
wiced_bus_transfer_buffer
                        0x08034d69   0x102  Code  Gb  wwd_bus_protocol.o [7]
wiced_bus_transfer_bytes
                        0x080351fd    0xe4  Code  Gb  wwd_bus_protocol.o [7]
wiced_device_core_is_up
                        0x08040c79    0x5c  Code  Gb  wwd_internal.o [7]
wiced_dhcp_handle       0x200096e4    0x3c  Data  Gb  wiced_network.o [7]
wiced_disable_device_core
                        0x08040cd5    0x9e  Code  Gb  wwd_internal.o [7]
wiced_dns_redirector_stop
                        0x0802ded5    0x30  Code  Gb  dns_redirect.o [7]
wiced_download_firmware
                        0x0803531d    0xd0  Code  Lc  wwd_bus_protocol.o [7]
wiced_get_available_bus_credits
                        0x0802e93f     0xe  Code  Gb  SDPCM.o [7]
wiced_get_core_address  0x08040c6d     0xc  Code  Lc  wwd_internal.o [7]
wiced_get_ioctl_buffer  0x0802e88b    0x26  Code  Gb  SDPCM.o [7]
wiced_get_iovar_buffer  0x0802e827    0x64  Code  Gb  SDPCM.o [7]
wiced_get_mac_addr      0x08025645     0xc  Code  Gb  wwd_management.o [7]
wiced_get_next_buffer_in_queue
                        0x0802e9dd     0xa  Code  Lc  SDPCM.o [7]
wiced_get_packet_to_send
                        0x0802e8b1    0x8e  Code  Gb  SDPCM.o [7]
wiced_gpio_input_get    0x08028c3b    0x3c  Code  Gb  MicoDriverGpio.o [1]
wiced_gspi_32bit        0x20009cd1     0x1  Data  Lc  wwd_bus_protocol.o [7]
wiced_init              0x0801dfd9    0x8a  Code  Gb  wifi.o [7]
wiced_init_sdpcm        0x0802df69    0xe4  Code  Gb  SDPCM.o [7]
wiced_inited            0x20009cc0     0x1  Data  Lc  wwd_thread.o [7]
wiced_initialised       0x20009cc8     0x1  Data  Lc  wifi.o [7]
wiced_ioctl_response    0x20009b14     0x4  Data  Lc  SDPCM.o [7]
wiced_ioctl_sleep       0x20009b18     0x4  Data  Lc  SDPCM.o [7]
wiced_ip_broadcast      0x0804ef60    0x14  Data  Gb  wiced_network.o [7]
wiced_ip_down           0x0802dcd5    0x7e  Code  Gb  wiced_network.o [7]
wiced_ip_get_gateway_address
                        0x0801ff4d    0x24  Code  Gb  tcpip.o [7]
wiced_ip_get_ipaddr     0x0801ff95    0x56  Code  Gb  tcpip.o [7]
wiced_ip_get_ipv4_address
                        0x08020093    0x24  Code  Gb  tcpip.o [7]
wiced_ip_get_netmask    0x0801ff71    0x24  Code  Gb  tcpip.o [7]
wiced_ip_handle         0x20008f48    0x88  Data  Gb  wiced_network.o [7]
wiced_ip_up             0x0802da69   0x26c  Code  Gb  wiced_network.o [7]
wiced_join_events_handler
                        0x080226e9   0x12a  Code  Lc  wwd_wifi.o [7]
wiced_join_status       0x20009c28     0x4  Data  Gb  wwd_wifi.o [7]
wiced_mac_addr          0x20009aac     0x8  Data  Lc  wwd_management.o [7]
wiced_management_init   0x08025421    0x1e  Code  Gb  wwd_management.o [7]
wiced_management_set_event_handler
                        0x0802e68b     0xa  Code  Gb  SDPCM.o [7]
wiced_management_wifi_off
                        0x080255f3    0x52  Code  Gb  wwd_management.o [7]
wiced_management_wifi_on
                        0x0802543f   0x1b4  Code  Gb  wwd_management.o [7]
wiced_network_init      0x0802d9bd    0x9a  Code  Gb  wiced_network.o [7]
wiced_network_link_renew_handler
                        0x0802dd53    0x18  Code  Gb  wiced_network.o [7]
wiced_network_send_ethernet_data
                        0x0802e0cb    0x8a  Code  Gb  SDPCM.o [7]
wiced_networking_worker_thread
                        0x20009a7c     0x8  Data  Gb  wiced_rtos.o [7]
wiced_packet_create_udp
                        0x0801ffeb    0x12  Code  Gb  tcpip.o [7]
wiced_packet_delete     0x0801fffd     0xa  Code  Gb  tcpip.o [7]
wiced_packet_get_data   0x0802001d    0x76  Code  Gb  tcpip.o [7]
wiced_packet_set_data_end
                        0x08020007    0x16  Code  Gb  tcpip.o [7]
wiced_ping              0x0801ff25    0x28  Code  Gb  tcpip.o [7]
wiced_ping_send         0x080316fd    0x8c  Code  Gb  wiced_ping.o [7]
wiced_platform_notify_irq
                        0x08035533    0x1a  Code  Gb  wwd_thread.o [7]
wiced_process_bus_credit_update
                        0x0802e155    0x6c  Code  Gb  SDPCM.o [7]
wiced_process_sdpcm     0x0802e1c1   0x318  Code  Gb  SDPCM.o [7]
wiced_quit_sdpcm        0x0802e04d    0x4e  Code  Gb  SDPCM.o [7]
wiced_read_backplane_value
                        0x080351cf    0x2e  Code  Gb  wwd_bus_protocol.o [7]
wiced_read_frame        0x08034ec9    0x9e  Code  Gb  wwd_bus_protocol.o [7]
wiced_read_register_value
                        0x08035411    0x50  Code  Lc  wwd_bus_protocol.o [7]
wiced_receive_one_packet
                        0x080354eb    0x20  Code  Gb  wwd_thread.o [7]
wiced_reset_device_core
                        0x08040d73    0x9e  Code  Gb  wwd_internal.o [7]
wiced_rtos_create_thread
                        0x08010331    0x4e  Code  Gb  wiced_rtos.o [7]
wiced_rtos_create_worker_thread
                        0x08010515    0x5a  Code  Gb  wiced_rtos.o [7]
wiced_rtos_deinit_queue
                        0x080104d7     0xc  Code  Gb  wiced_rtos.o [7]
wiced_rtos_delay_milliseconds
                        0x080103e1     0xa  Code  Gb  wiced_rtos.o [7]
wiced_rtos_delete_thread
                        0x0801037f    0x24  Code  Gb  wiced_rtos.o [7]
wiced_rtos_get_semaphore
                        0x0801040d    0x22  Code  Gb  wiced_rtos.o [7]
wiced_rtos_init         0x0801030f    0x22  Code  Gb  wiced_rtos.o [7]
wiced_rtos_init_queue   0x08010475    0x1e  Code  Gb  wiced_rtos.o [7]
wiced_rtos_init_semaphore
                        0x080103eb    0x22  Code  Gb  wiced_rtos.o [7]
wiced_rtos_is_current_thread
                        0x080103bd    0x18  Code  Gb  wiced_rtos.o [7]
wiced_rtos_pop_from_queue
                        0x080104b5    0x22  Code  Gb  wiced_rtos.o [7]
wiced_rtos_push_to_queue
                        0x08010493    0x22  Code  Gb  wiced_rtos.o [7]
wiced_rtos_send_asynchronous_event
                        0x0801056f    0x14  Code  Gb  wiced_rtos.o [7]
wiced_rtos_set_semaphore
                        0x0801042f    0x46  Code  Gb  wiced_rtos.o [7]
wiced_rtos_thread_force_awake
                        0x080103d5     0xc  Code  Gb  wiced_rtos.o [7]
wiced_rtos_thread_join  0x080103a3    0x1a  Code  Gb  wiced_rtos.o [7]
wiced_sdpcm_ioctl_mutex
                        0x20009b10     0x4  Data  Lc  SDPCM.o [7]
wiced_sdpcm_send_queue_head
                        0x20009b24     0x4  Data  Lc  SDPCM.o [7]
wiced_sdpcm_send_queue_mutex
                        0x20009b20     0x4  Data  Lc  SDPCM.o [7]
wiced_sdpcm_send_queue_tail
                        0x20009b28     0x4  Data  Lc  SDPCM.o [7]
wiced_send_ioctl        0x0802e4dd   0x1ae  Code  Gb  SDPCM.o [7]
wiced_send_iovar        0x0802e09b    0x30  Code  Gb  SDPCM.o [7]
wiced_send_one_packet   0x080354af    0x3c  Code  Gb  wwd_thread.o [7]
wiced_send_sdpcm_common
                        0x0802e94d    0x90  Code  Lc  SDPCM.o [7]
wiced_set_backplane_window
                        0x08040bc5    0xa8  Code  Gb  wwd_internal.o [7]
wiced_set_next_buffer_in_queue
                        0x0802e9e7     0xe  Code  Lc  SDPCM.o [7]
wiced_start_dhcp_server
                        0x0803e201    0x56  Code  Gb  dhcp_server.o [7]
wiced_stop_dhcp         0x0802dd6b     0x8  Code  Gb  wiced_network.o [7]
wiced_stop_dhcp_server  0x0803e257    0x2a  Code  Gb  dhcp_server.o [7]
wiced_thread            0x20009b2c     0x4  Data  Lc  wwd_thread.o [7]
wiced_thread_func       0x08035561    0x8a  Code  Lc  wwd_thread.o [7]
wiced_thread_init       0x08035461    0x4e  Code  Gb  wwd_thread.o [7]
wiced_thread_notify     0x0803554d    0x14  Code  Gb  wwd_thread.o [7]
wiced_thread_quit       0x0803550b    0x28  Code  Gb  wwd_thread.o [7]
wiced_thread_quit_flag  0x20009cbf     0x1  Data  Lc  wwd_thread.o [7]
wiced_transceive_semaphore
                        0x20009b30     0x4  Data  Lc  wwd_thread.o [7]
wiced_udp_create_socket
                        0x080200b7    0x7c  Code  Gb  tcpip.o [7]
wiced_udp_delete_socket
                        0x080201eb    0x1e  Code  Gb  tcpip.o [7]
wiced_udp_receive       0x080201af    0x3c  Code  Gb  tcpip.o [7]
wiced_udp_send          0x08020133    0x7c  Code  Gb  tcpip.o [7]
wiced_using_dhcp        0x20009cce     0x1  Data  Lc  wiced_network.o [7]
wiced_wifi_add_packet_filter
                        0x08022df1    0x80  Code  Gb  wwd_wifi.o [7]
wiced_wifi_ap_is_up     0x20009cd0     0x1  Data  Gb  wwd_ap.o [7]
wiced_wifi_cooee_stop   0x0802341f    0x38  Code  Lc  easylink2.o [7]
wiced_wifi_disable_monitor_mode
                        0x08022cad    0x5c  Code  Gb  wwd_wifi.o [7]
wiced_wifi_disable_packet_filter
                        0x08022eb3     0xc  Code  Gb  wwd_wifi.o [7]
wiced_wifi_enable_monitor_mode
                        0x08022c51    0x5c  Code  Gb  wwd_wifi.o [7]
wiced_wifi_enable_packet_filter
                        0x08022ea7     0xc  Code  Gb  wwd_wifi.o [7]
wiced_wifi_enable_powersave_with_throughput
                        0x08022909    0x8e  Code  Gb  wwd_wifi.o [7]
wiced_wifi_get_ap_name  0x08022f01    0x68  Code  Gb  wwd_wifi.o [7]
wiced_wifi_get_channel  0x08022d35     0xc  Code  Gb  wwd_wifi.o [7]
wiced_wifi_get_mac_address
                        0x08022813    0x4e  Code  Gb  wwd_wifi.o [7]
wiced_wifi_get_pmk      0x080229ad    0x7a  Code  Gb  wwd_wifi.o [7]
wiced_wifi_get_rssi     0x08022c05    0x4c  Code  Gb  wwd_wifi.o [7]
wiced_wifi_get_wifi_version
                        0x08022fc5    0x52  Code  Gb  wwd_wifi.o [7]
wiced_wifi_is_packet_from_ap
                        0x0802dec5     0xe  Code  Gb  wwd_ap.o [7]
wiced_wifi_is_ready_to_transceive
                        0x08022899    0x70  Code  Gb  wwd_wifi.o [7]
wiced_wifi_join         0x080220c5   0x106  Code  Gb  wwd_wifi.o [7]
wiced_wifi_join_specific
                        0x080221cb   0x136  Code  Gb  wwd_wifi.o [7]
wiced_wifi_leave        0x08022683    0x66  Code  Gb  wwd_wifi.o [7]
wiced_wifi_prepare_join
                        0x08022301   0x382  Code  Lc  wwd_wifi.o [7]
wiced_wifi_register_multicast_address
                        0x08022a27    0xcc  Code  Gb  wwd_wifi.o [7]
wiced_wifi_remove_packet_filter
                        0x08022e79    0x2e  Code  Gb  wwd_wifi.o [7]
wiced_wifi_scan         0x08021c85   0x144  Code  Gb  wwd_wifi.o [7]
wiced_wifi_set_channel  0x08022d7f     0xc  Code  Gb  wwd_wifi.o [7]
wiced_wifi_set_down     0x08022d0d    0x20  Code  Gb  wwd_wifi.o [7]
wiced_wifi_set_maxassoc
                        0x08023017    0x2c  Code  Gb  wwd_wifi.o [7]
wiced_wifi_set_nmode    0x08022861    0x2e  Code  Gb  wwd_wifi.o [7]
wiced_wifi_sleep_flag   0x20009c5c     0x4  Data  Lc  wwd_ap.o [7]
wiced_wifi_stop_ap      0x0802ddc9    0xea  Code  Gb  wwd_ap.o [7]
wiced_wifi_toggle_packet_filter
                        0x08022ebf    0x32  Code  Gb  wwd_wifi.o [7]
wiced_wifi_unregister_multicast_address
                        0x08022af3    0xec  Code  Gb  wwd_wifi.o [7]
wiced_wlan_status       0x2000046c     0xc  Data  Gb  wwd_internal.o [7]
wiced_write_backplane_value
                        0x080351a5    0x2a  Code  Gb  wwd_bus_protocol.o [7]
wiced_write_register_value
                        0x08035165    0x40  Code  Gb  wwd_bus_protocol.o [7]
wiced_write_wifi_firmware_image
                        0x08040e25    0xbe  Code  Gb  wwd_firmware.o [7]
wiced_write_wifi_nvram_image
                        0x08040ee3   0x158  Code  Gb  wwd_firmware.o [7]
wifi_join_aping         0x20009ccc     0x1  Data  Lc  wwd_wifi.o [7]
wifi_nvram_image        0x0804cf24   0x30c  Data  Lc  wwd_firmware.o [7]
wifi_power_down         0x080121b7    0x26  Code  Gb  mxchipWNET.o [7]
wifi_power_is_down      0x20009ad8     0x4  Data  Lc  mxchipWNET.o [7]
wifi_reboot_event       0x08020b95    0x16  Code  Gb  MICONotificationCenter.o [1]
wifi_reboot_only        0x0801ef49    0x36  Code  Gb  wifimgr.o [7]
wifi_status_callback    0x08011ca9    0x74  Code  Gb  mxchipWNET.o [7]
wificonfig_sem          0x20009a54     0x4  Data  Lc  wifi_config.o [1]
wificonfig_thread_should_exit
                        0x20009a50     0x1  Data  Lc  wifi_config.o [1]
wifidebug_Command       0x0801f511    0x70  Code  Gb  wifimgr.o [7]
wifimgr_debug_enable    0x0801e0a1    0x1c  Code  Gb  wifimgr.o [7]
wifimgr_sem             0x20009af8     0x4  Data  Lc  wifimgr.o [7]
wifimgr_thread          0x0801f085    0xea  Code  Lc  wifimgr.o [7]
wifiscan_Command        0x0801f5ad   0x268  Code  Gb  wifimgr.o [7]
wifistate_Command       0x0801f315   0x1f0  Code  Gb  wifimgr.o [7]
wlan_disconnect         0x0801e573    0x32  Code  Gb  wifimgr.o [7]
wlan_driver_version     0x08012267     0xa  Code  Gb  mxchipWNET.o [7]
wlan_get_mac_address    0x0801ee21     0x8  Code  Gb  wifimgr.o [7]
wlan_init               0x0801ef27    0x1a  Code  Gb  wifimgr.o [7]
wlu_is_wpa_ie           0x08022f8f    0x36  Code  Lc  wwd_wifi.o [7]
wlu_parse_tlvs          0x08022f69    0x26  Code  Lc  wwd_wifi.o [7]
work_channel            0x20009b98     0x4  Data  Lc  airkiss.o [7]
worker_thread_main      0x080104f9    0x1c  Code  Lc  wiced_rtos.o [7]
workspace               0x20009bbc     0x4  Data  Lc  easylink2.o [7]
wps_running             0x20009cc3     0x1  Data  Lc  wps_host.o [7]
write                   0x080120c5     0xa  Code  Gb  mxchipWNET.o [7]
writeCString            0x0802d293    0x38  Code  Gb  MQTTPacket.o [4]
writeChar               0x0802d273     0x4  Code  Gb  MQTTPacket.o [4]
writeInt                0x0802d277    0x12  Code  Gb  MQTTPacket.o [4]
writeMQTTString         0x0802d2cb    0x58  Code  Gb  MQTTPacket.o [4]
writeToFlash            0x20000000     0x1  Data  Gb  FogCloudUtils.o [4]
wwd_management_set_event_handler
                        0x0802e695   0x192  Code  Gb  SDPCM.o [7]
wwd_wifi_get_channel    0x08022d41    0x3e  Code  Gb  wwd_wifi.o [7]
wwd_wifi_set_channel    0x08022d8b    0x62  Code  Gb  wwd_wifi.o [7]
xActiveTimerList1       0x20009920    0x14  Data  Lc  ostimers.o [7]
xActiveTimerList2       0x20009934    0x14  Data  Lc  ostimers.o [7]
xDelayedTaskList1       0x20009948    0x14  Data  Lc  tasks.o [7]
xDelayedTaskList2       0x2000995c    0x14  Data  Lc  tasks.o [7]
xMissedYield            0x20009b70     0x4  Data  Lc  tasks.o [7]
xNextTaskUnblockTime    0x200004c4     0x4  Data  Lc  tasks.o [7]
xNumOfOverflows         0x20009b74     0x4  Data  Lc  tasks.o [7]
xPendingReadyList       0x20009970    0x14  Data  Lc  tasks.o [7]
xPortPendSVHandler      0x08028d47          Code  Gb  portasm.o [7]
xPortStartScheduler     0x0801cbff    0x3c  Code  Gb  port.o [7]
xPortSysTickHandler     0x0801cc71    0x1a  Code  Gb  port.o [7]
xQueueCreateCountingSemaphore
                        0x0801c6bb    0x14  Code  Gb  queue.o [7]
xQueueCreateMutex       0x0801c65f    0x5c  Code  Gb  queue.o [7]
xQueueGenericCreate     0x0801c5e1    0x7e  Code  Gb  queue.o [7]
xQueueGenericReceive    0x0801c801   0x158  Code  Gb  queue.o [7]
xQueueGenericSend       0x0801c6cf    0xd6  Code  Gb  queue.o [7]
xQueueGenericSendFromISR
                        0x0801c7a5    0x5c  Code  Gb  queue.o [7]
xQueueIsQueueEmptyFromISR
                        0x0801ca99    0x10  Code  Gb  queue.o [7]
xQueueIsQueueFullFromISR
                        0x0801cac9    0x12  Code  Gb  queue.o [7]
xSchedulerRunning       0x20009b64     0x4  Data  Lc  tasks.o [7]
xSuspendedTaskList      0x20009998    0x14  Data  Lc  tasks.o [7]
xTaskCheckForTimeOut    0x0801aeab    0x60  Code  Gb  tasks.o [7]
xTaskForceAwakeClearPending
                        0x0801aa29     0xc  Code  Gb  tasks.o [7]
xTaskForceAwakePending  0x0801aa1f     0xa  Code  Gb  tasks.o [7]
xTaskGenericCreate      0x0801a781   0x130  Code  Gb  tasks.o [7]
xTaskGetCurrentTaskHandle
                        0x0801b1f5     0x6  Code  Gb  tasks.o [7]
xTaskGetCurrentThread   0x0801a9cb     0x8  Code  Gb  tasks.o [7]
xTaskGetSchedulerState  0x0801b1fb    0x1c  Code  Gb  tasks.o [7]
xTaskGetTickCount       0x0801ab63    0x14  Code  Gb  tasks.o [7]
xTaskGetTickCountFromISR
                        0x0801ab77    0x16  Code  Gb  tasks.o [7]
xTaskIsTaskFinished     0x0801a95b    0x70  Code  Gb  tasks.o [7]
xTaskRemoveFromEventList
                        0x0801ae39    0x62  Code  Gb  tasks.o [7]
xTaskResumeAll          0x0801aa91    0xd2  Code  Gb  tasks.o [7]
xTasksWaitingTermination
                        0x20009984    0x14  Data  Lc  tasks.o [7]
xTickCount              0x20009b58     0x4  Data  Lc  tasks.o [7]
xTimerCreate            0x0801cd03    0x4c  Code  Gb  ostimers.o [7]
xTimerCreateTimerTask   0x0801ccc9    0x3a  Code  Gb  ostimers.o [7]
xTimerGenericCommand    0x0801cd4f    0x52  Code  Gb  ostimers.o [7]
xTimerQueue             0x20009b3c     0x4  Data  Lc  ostimers.o [7]


[1] = E:\Elink407\Mico_ELink407\src\Build\COM.MXCHIP.SPP\Elink407_V150112\Obj
[2] = E:\Elink407\Mico_ELink407\src\MICO\tftp
[3] = command line
[4] = FogCloud_cm4_debug.a
[5] = dl7M_tlf.a
[6] = m7M_tls.a
[7] = mxchipWNet_cm4f_spi.a
[8] = rt7M_tl.a
[9] = shb_l.a

  264 786 bytes of readonly  code memory
   11 585 bytes of readonly  data memory
  126 676 bytes of readwrite data memory

Errors: none
Warnings: none
