Product: MDK-ARM Professional 5.10
Component: ARM Compiler 5.04 update 1 (build 49)
Tool: armlink [5040049]

==============================================================================

Section Cross References

    bootloaderentrance.o(i.main) refers to stm32f2xx_platform.o(i.init_clocks) for init_clocks
    bootloaderentrance.o(i.main) refers to stm32f2xx_platform.o(i.init_memory) for init_memory
    bootloaderentrance.o(i.main) refers to stm32f2xx_platform.o(i.init_architecture) for init_architecture
    bootloaderentrance.o(i.main) refers to platform.o(i.init_platform_bootloader) for init_platform_bootloader
    bootloaderentrance.o(i.main) refers to update_for_ota.o(i.update) for update
    bootloaderentrance.o(i.main) refers to platform.o(i.MicoShouldEnterBootloader) for MicoShouldEnterBootloader
    bootloaderentrance.o(i.main) refers to platform.o(i.MicoShouldEnterMFGMode) for MicoShouldEnterMFGMode
    bootloaderentrance.o(i.main) refers to stm32f2xx_platform.o(i.startApplication) for startApplication
    bootloaderentrance.o(i.main) refers to printfa.o(i.__0printf) for printf
    bootloaderentrance.o(i.main) refers to menu.o(i.Main_Menu) for Main_Menu
    bootloaderentrance.o(i.main) refers to bootloaderentrance.o(.data) for .data
    getline.o(i.getline) refers to micodriveruart.o(i.MicoUartRecv) for MicoUartRecv
    getline.o(i.getline) refers to putc.o(i.putc) for putc
    getline.o(i.getline) refers to patch_keil.o(.data) for __stdout
    menu.o(i.Main_Menu) refers to memseta.o(.text) for __aeabi_memclr4
    menu.o(i.Main_Menu) refers to printfa.o(i.__0printf) for __2printf
    menu.o(i.Main_Menu) refers to getline.o(i.getline) for getline
    menu.o(i.Main_Menu) refers to toupper.o(.text) for toupper
    menu.o(i.Main_Menu) refers to strcmp.o(.text) for strcmp
    menu.o(i.Main_Menu) refers to menu.o(i.findCommandPara) for findCommandPara
    menu.o(i.Main_Menu) refers to micodriverflash.o(i.MicoFlashInitialize) for MicoFlashInitialize
    menu.o(i.Main_Menu) refers to menu.o(i.SerialUpload) for SerialUpload
    menu.o(i.Main_Menu) refers to micodriverflash.o(i.MicoFlashFinalize) for MicoFlashFinalize
    menu.o(i.Main_Menu) refers to menu.o(i.SerialDownload) for SerialDownload
    menu.o(i.Main_Menu) refers to micodriverflash.o(i.MicoFlashErase) for MicoFlashErase
    menu.o(i.Main_Menu) refers to stringutils.o(i.Str2Int) for Str2Int
    menu.o(i.Main_Menu) refers to stm32f2xx_platform.o(i.startApplication) for startApplication
    menu.o(i.Main_Menu) refers to stm32f2xx_platform.o(i.MicoSystemReboot) for MicoSystemReboot
    menu.o(i.Main_Menu) refers to menu.o(.data) for .data
    menu.o(i.Main_Menu) refers to micodriverflash.o(.data) for flash_name
    menu.o(i.Main_Menu) refers to bootloaderentrance.o(.data) for menu
    menu.o(i.SerialDownload) refers to printfa.o(i.__0printf) for __2printf
    menu.o(i.SerialDownload) refers to ymodem.o(i.Ymodem_Receive) for Ymodem_Receive
    menu.o(i.SerialDownload) refers to stringutils.o(i.Int2Str) for Int2Str
    menu.o(i.SerialDownload) refers to menu.o(.bss) for .bss
    menu.o(i.SerialUpload) refers to printfa.o(i.__0printf) for __2printf
    menu.o(i.SerialUpload) refers to micodriveruart.o(i.MicoUartRecv) for MicoUartRecv
    menu.o(i.SerialUpload) refers to ymodem.o(i.Ymodem_Transmit) for Ymodem_Transmit
    menu.o(i.findCommandPara) refers to toupper.o(.text) for toupper
    update_for_ota.o(i.update) refers to micodriverflash.o(i.MicoFlashInitialize) for MicoFlashInitialize
    update_for_ota.o(i.update) refers to memseta.o(.text) for __aeabi_memset
    update_for_ota.o(i.update) refers to micodriverflash.o(i.MicoFlashRead) for MicoFlashRead
    update_for_ota.o(i.update) refers to update_for_ota.o(i.updateLogCheck) for updateLogCheck
    update_for_ota.o(i.update) refers to micodriverflash.o(i.MicoFlashErase) for MicoFlashErase
    update_for_ota.o(i.update) refers to micodriverflash.o(i.MicoFlashFinalize) for MicoFlashFinalize
    update_for_ota.o(i.update) refers to micodriverflash.o(i.MicoFlashWrite) for MicoFlashWrite
    update_for_ota.o(i.update) refers to memcmp.o(.text) for memcmp
    update_for_ota.o(i.update) refers to update_for_ota.o(.bss) for .bss
    update_for_ota.o(i.update) refers to update_for_ota.o(.data) for .data
    update_for_ota.o(i.updateLogCheck) refers to update_for_ota.o(.data) for .data
    ymodem.o(i.Cal_CRC16) refers to ymodem.o(i.UpdateCRC16) for UpdateCRC16
    ymodem.o(i.Receive_Byte) refers to micodriveruart.o(i.MicoUartRecv) for MicoUartRecv
    ymodem.o(i.Receive_Packet) refers to ymodem.o(i.Receive_Byte) for Receive_Byte
    ymodem.o(i.Send_Byte) refers to putc.o(i.putc) for putc
    ymodem.o(i.Send_Byte) refers to patch_keil.o(.data) for __stdout
    ymodem.o(i.Ymodem_PrepareIntialPacket) refers to stringutils.o(i.Int2Str) for Int2Str
    ymodem.o(i.Ymodem_PreparePacket) refers to micodriverflash.o(i.MicoFlashRead) for MicoFlashRead
[...]
    ..\..\..\Platform\Common\Cortex-M3\STM32F2xx\STM32F2xx_Drv\STM32F2xx_StdPeriph_Driver\src\stm32f2xx_cryp_aes.c 0x00000000   Number         0  stm32f2xx_cryp_aes.o ABSOLUTE
    ..\..\..\Platform\Common\Cortex-M3\STM32F2xx\STM32F2xx_Drv\STM32F2xx_StdPeriph_Driver\src\stm32f2xx_cryp_des.c 0x00000000   Number         0  stm32f2xx_cryp_des.o ABSOLUTE
    ..\..\..\Platform\Common\Cortex-M3\STM32F2xx\STM32F2xx_Drv\STM32F2xx_StdPeriph_Driver\src\stm32f2xx_cryp_tdes.c 0x00000000   Number         0  stm32f2xx_cryp_tdes.o ABSOLUTE
    ..\..\..\Platform\Common\Cortex-M3\STM32F2xx\STM32F2xx_Drv\STM32F2xx_StdPeriph_Driver\src\stm32f2xx_dac.c 0x00000000   Number         0  stm32f2xx_dac.o ABSOLUTE
    ..\..\..\Platform\Common\Cortex-M3\STM32F2xx\STM32F2xx_Drv\STM32F2xx_StdPeriph_Driver\src\stm32f2xx_dbgmcu.c 0x00000000   Number         0  stm32f2xx_dbgmcu.o ABSOLUTE
    ..\..\..\Platform\Common\Cortex-M3\STM32F2xx\STM32F2xx_Drv\STM32F2xx_StdPeriph_Driver\src\stm32f2xx_dcmi.c 0x00000000   Number         0  stm32f2xx_dcmi.o ABSOLUTE
    ..\..\..\Platform\Common\Cortex-M3\STM32F2xx\STM32F2xx_Drv\STM32F2xx_StdPeriph_Driver\src\stm32f2xx_dma.c 0x00000000   Number         0  stm32f2xx_dma.o ABSOLUTE
    ..\..\..\Platform\Common\Cortex-M3\STM32F2xx\STM32F2xx_Drv\STM32F2xx_StdPeriph_Driver\src\stm32f2xx_exti.c 0x00000000   Number         0  stm32f2xx_exti.o ABSOLUTE
    ..\..\..\Platform\Common\Cortex-M3\STM32F2xx\STM32F2xx_Drv\STM32F2xx_StdPeriph_Driver\src\stm32f2xx_flash.c 0x00000000   Number         0  stm32f2xx_flash.o ABSOLUTE
    ..\..\..\Platform\Common\Cortex-M3\STM32F2xx\STM32F2xx_Drv\STM32F2xx_StdPeriph_Driver\src\stm32f2xx_fsmc.c 0x00000000   Number         0  stm32f2xx_fsmc.o ABSOLUTE
    ..\..\..\Platform\Common\Cortex-M3\STM32F2xx\STM32F2xx_Drv\STM32F2xx_StdPeriph_Driver\src\stm32f2xx_gpio.c 0x00000000   Number         0  stm32f2xx_gpio.o ABSOLUTE
    ..\..\..\Platform\Common\Cortex-M3\STM32F2xx\STM32F2xx_Drv\STM32F2xx_StdPeriph_Driver\src\stm32f2xx_hash.c 0x00000000   Number         0  stm32f2xx_hash.o ABSOLUTE
    ..\..\..\Platform\Common\Cortex-M3\STM32F2xx\STM32F2xx_Drv\STM32F2xx_StdPeriph_Driver\src\stm32f2xx_hash_md5.c 0x00000000   Number         0  stm32f2xx_hash_md5.o ABSOLUTE
    ..\..\..\Platform\Common\Cortex-M3\STM32F2xx\STM32F2xx_Drv\STM32F2xx_StdPeriph_Driver\src\stm32f2xx_hash_sha1.c 0x00000000   Number         0  stm32f2xx_hash_sha1.o ABSOLUTE
    ..\..\..\Platform\Common\Cortex-M3\STM32F2xx\STM32F2xx_Drv\STM32F2xx_StdPeriph_Driver\src\stm32f2xx_i2c.c 0x00000000   Number         0  stm32f2xx_i2c.o ABSOLUTE
    ..\..\..\Platform\Common\Cortex-M3\STM32F2xx\STM32F2xx_Drv\STM32F2xx_StdPeriph_Driver\src\stm32f2xx_iwdg.c 0x00000000   Number         0  stm32f2xx_iwdg.o ABSOLUTE
    ..\..\..\Platform\Common\Cortex-M3\STM32F2xx\STM32F2xx_Drv\STM32F2xx_StdPeriph_Driver\src\stm32f2xx_pwr.c 0x00000000   Number         0  stm32f2xx_pwr.o ABSOLUTE
    ..\..\..\Platform\Common\Cortex-M3\STM32F2xx\STM32F2xx_Drv\STM32F2xx_StdPeriph_Driver\src\stm32f2xx_rcc.c 0x00000000   Number         0  stm32f2xx_rcc.o ABSOLUTE
    ..\..\..\Platform\Common\Cortex-M3\STM32F2xx\STM32F2xx_Drv\STM32F2xx_StdPeriph_Driver\src\stm32f2xx_rng.c 0x00000000   Number         0  stm32f2xx_rng.o ABSOLUTE
    ..\..\..\Platform\Common\Cortex-M3\STM32F2xx\STM32F2xx_Drv\STM32F2xx_StdPeriph_Driver\src\stm32f2xx_rtc.c 0x00000000   Number         0  stm32f2xx_rtc.o ABSOLUTE
    ..\..\..\Platform\Common\Cortex-M3\STM32F2xx\STM32F2xx_Drv\STM32F2xx_StdPeriph_Driver\src\stm32f2xx_sdio.c 0x00000000   Number         0  stm32f2xx_sdio.o ABSOLUTE
    ..\..\..\Platform\Common\Cortex-M3\STM32F2xx\STM32F2xx_Drv\STM32F2xx_StdPeriph_Driver\src\stm32f2xx_spi.c 0x00000000   Number         0  stm32f2xx_spi.o ABSOLUTE
    ..\..\..\Platform\Common\Cortex-M3\STM32F2xx\STM32F2xx_Drv\STM32F2xx_StdPeriph_Driver\src\stm32f2xx_syscfg.c 0x00000000   Number         0  stm32f2xx_syscfg.o ABSOLUTE
    ..\..\..\Platform\Common\Cortex-M3\STM32F2xx\STM32F2xx_Drv\STM32F2xx_StdPeriph_Driver\src\stm32f2xx_tim.c 0x00000000   Number         0  stm32f2xx_tim.o ABSOLUTE
    ..\..\..\Platform\Common\Cortex-M3\STM32F2xx\STM32F2xx_Drv\STM32F2xx_StdPeriph_Driver\src\stm32f2xx_usart.c 0x00000000   Number         0  stm32f2xx_usart.o ABSOLUTE
    ..\..\..\Platform\Common\Cortex-M3\STM32F2xx\STM32F2xx_Drv\STM32F2xx_StdPeriph_Driver\src\stm32f2xx_wwdg.c 0x00000000   Number         0  stm32f2xx_wwdg.o ABSOLUTE
    ..\..\..\Platform\Common\Cortex-M3\STM32F2xx\STM32F2xx_Drv\startup_stm32f2xx_bootloader_RVMDK.s 0x00000000   Number         0  startup_stm32f2xx_bootloader_rvmdk.o ABSOLUTE
    ..\..\..\Platform\Common\Cortex-M3\STM32F2xx\STM32F2xx_Drv\system_stm32f2xx.c 0x00000000   Number         0  system_stm32f2xx.o ABSOLUTE
    ..\..\..\Platform\Common\Cortex-M3\STM32F2xx\gpio_irq.c 0x00000000   Number         0  gpio_irq.o ABSOLUTE
    ..\..\..\Platform\Common\Cortex-M3\STM32F2xx\rtc.c 0x00000000   Number         0  rtc.o ABSOLUTE
    ..\..\..\Platform\Common\Cortex-M3\STM32F2xx\stm32f2xx_platform.c 0x00000000   Number         0  stm32f2xx_platform.o ABSOLUTE
    ..\..\..\Platform\Common\Cortex-M3\crt0_KEIL.c 0x00000000   Number         0  crt0_keil.o ABSOLUTE
    ..\..\..\Platform\EMW3162\platform.c     0x00000000   Number         0  platform.o ABSOLUTE
    ..\..\..\Platform\IDEs\Keil\patch_keil.c 0x00000000   Number         0  patch_keil.o ABSOLUTE
    ..\\..\\..\\Platform\\Common\\Cortex-M3\\STM32F2xx\\MicoDriverFlash.c 0x00000000   Number         0  micodriverflash.o ABSOLUTE
    ..\\..\\..\\Platform\\Common\\Cortex-M3\\STM32F2xx\\MicoDriverGpio.c 0x00000000   Number         0  micodrivergpio.o ABSOLUTE
    ..\\..\\..\\Platform\\Common\\Cortex-M3\\STM32F2xx\\MicoDriverRng.c 0x00000000   Number         0  micodriverrng.o ABSOLUTE
    ..\\..\\..\\Platform\\Common\\Cortex-M3\\STM32F2xx\\MicoDriverRtc.c 0x00000000   Number         0  micodriverrtc.o ABSOLUTE
    ..\\..\\..\\Platform\\Common\\Cortex-M3\\STM32F2xx\\MicoDriverSpi.c 0x00000000   Number         0  micodriverspi.o ABSOLUTE
    ..\\..\\..\\Platform\\Common\\Cortex-M3\\STM32F2xx\\MicoDriverUart.c 0x00000000   Number         0  micodriveruart.o ABSOLUTE
    ..\\..\\..\\Platform\\Common\\Cortex-M3\\STM32F2xx\\STM32F2xx_Drv\\STM32F2xx_StdPeriph_Driver\\src\\misc.c 0x00000000   Number         0  misc.o ABSOLUTE
    ..\\..\\..\\Platform\\Common\\Cortex-M3\\STM32F2xx\\STM32F2xx_Drv\\STM32F2xx_StdPeriph_Driver\\src\\stm32f2xx_can.c 0x00000000   Number         0  stm32f2xx_can.o ABSOLUTE
    ..\\..\\..\\Platform\\Common\\Cortex-M3\\STM32F2xx\\STM32F2xx_Drv\\STM32F2xx_StdPeriph_Driver\\src\\stm32f2xx_crc.c 0x00000000   Number         0  stm32f2xx_crc.o ABSOLUTE
    ..\\..\\..\\Platform\\Common\\Cortex-M3\\STM32F2xx\\STM32F2xx_Drv\\STM32F2xx_StdPeriph_Driver\\src\\stm32f2xx_cryp.c 0x00000000   Number         0  stm32f2xx_cryp.o ABSOLUTE
    ..\\..\\..\\Platform\\Common\\Cortex-M3\\STM32F2xx\\STM32F2xx_Drv\\STM32F2xx_StdPeriph_Driver\\src\\stm32f2xx_cryp_aes.c 0x00000000   Number         0  stm32f2xx_cryp_aes.o ABSOLUTE
    ..\\..\\..\\Platform\\Common\\Cortex-M3\\STM32F2xx\\STM32F2xx_Drv\\STM32F2xx_StdPeriph_Driver\\src\\stm32f2xx_cryp_des.c 0x00000000   Number         0  stm32f2xx_cryp_des.o ABSOLUTE
    ..\\..\\..\\Platform\\Common\\Cortex-M3\\STM32F2xx\\STM32F2xx_Drv\\STM32F2xx_StdPeriph_Driver\\src\\stm32f2xx_cryp_tdes.c 0x00000000   Number         0  stm32f2xx_cryp_tdes.o ABSOLUTE
    ..\\..\\..\\Platform\\Common\\Cortex-M3\\STM32F2xx\\STM32F2xx_Drv\\STM32F2xx_StdPeriph_Driver\\src\\stm32f2xx_dac.c 0x00000000   Number         0  stm32f2xx_dac.o ABSOLUTE
    ..\\..\\..\\Platform\\Common\\Cortex-M3\\STM32F2xx\\STM32F2xx_Drv\\STM32F2xx_StdPeriph_Driver\\src\\stm32f2xx_dbgmcu.c 0x00000000   Number         0  stm32f2xx_dbgmcu.o ABSOLUTE
    ..\\..\\..\\Platform\\Common\\Cortex-M3\\STM32F2xx\\STM32F2xx_Drv\\STM32F2xx_StdPeriph_Driver\\src\\stm32f2xx_dcmi.c 0x00000000   Number         0  stm32f2xx_dcmi.o ABSOLUTE
    ..\\..\\..\\Platform\\Common\\Cortex-M3\\STM32F2xx\\STM32F2xx_Drv\\STM32F2xx_StdPeriph_Driver\\src\\stm32f2xx_dma.c 0x00000000   Number         0  stm32f2xx_dma.o ABSOLUTE
    ..\\..\\..\\Platform\\Common\\Cortex-M3\\STM32F2xx\\STM32F2xx_Drv\\STM32F2xx_StdPeriph_Driver\\src\\stm32f2xx_exti.c 0x00000000   Number         0  stm32f2xx_exti.o ABSOLUTE
    ..\\..\\..\\Platform\\Common\\Cortex-M3\\STM32F2xx\\STM32F2xx_Drv\\STM32F2xx_StdPeriph_Driver\\src\\stm32f2xx_flash.c 0x00000000   Number         0  stm32f2xx_flash.o ABSOLUTE
    ..\\..\\..\\Platform\\Common\\Cortex-M3\\STM32F2xx\\STM32F2xx_Drv\\STM32F2xx_StdPeriph_Driver\\src\\stm32f2xx_fsmc.c 0x00000000   Number         0  stm32f2xx_fsmc.o ABSOLUTE
    ..\\..\\..\\Platform\\Common\\Cortex-M3\\STM32F2xx\\STM32F2xx_Drv\\STM32F2xx_StdPeriph_Driver\\src\\stm32f2xx_gpio.c 0x00000000   Number         0  stm32f2xx_gpio.o ABSOLUTE
    ..\\..\\..\\Platform\\Common\\Cortex-M3\\STM32F2xx\\STM32F2xx_Drv\\STM32F2xx_StdPeriph_Driver\\src\\stm32f2xx_hash.c 0x00000000   Number         0  stm32f2xx_hash.o ABSOLUTE
    ..\\..\\..\\Platform\\Common\\Cortex-M3\\STM32F2xx\\STM32F2xx_Drv\\STM32F2xx_StdPeriph_Driver\\src\\stm32f2xx_hash_md5.c 0x00000000   Number         0  stm32f2xx_hash_md5.o ABSOLUTE
    ..\\..\\..\\Platform\\Common\\Cortex-M3\\STM32F2xx\\STM32F2xx_Drv\\STM32F2xx_StdPeriph_Driver\\src\\stm32f2xx_hash_sha1.c 0x00000000   Number         0  stm32f2xx_hash_sha1.o ABSOLUTE
    ..\\..\\..\\Platform\\Common\\Cortex-M3\\STM32F2xx\\STM32F2xx_Drv\\STM32F2xx_StdPeriph_Driver\\src\\stm32f2xx_i2c.c 0x00000000   Number         0  stm32f2xx_i2c.o ABSOLUTE
    ..\\..\\..\\Platform\\Common\\Cortex-M3\\STM32F2xx\\STM32F2xx_Drv\\STM32F2xx_StdPeriph_Driver\\src\\stm32f2xx_iwdg.c 0x00000000   Number         0  stm32f2xx_iwdg.o ABSOLUTE
    ..\\..\\..\\Platform\\Common\\Cortex-M3\\STM32F2xx\\STM32F2xx_Drv\\STM32F2xx_StdPeriph_Driver\\src\\stm32f2xx_pwr.c 0x00000000   Number         0  stm32f2xx_pwr.o ABSOLUTE
    ..\\..\\..\\Platform\\Common\\Cortex-M3\\STM32F2xx\\STM32F2xx_Drv\\STM32F2xx_StdPeriph_Driver\\src\\stm32f2xx_rcc.c 0x00000000   Number         0  stm32f2xx_rcc.o ABSOLUTE
    ..\\..\\..\\Platform\\Common\\Cortex-M3\\STM32F2xx\\STM32F2xx_Drv\\STM32F2xx_StdPeriph_Driver\\src\\stm32f2xx_rng.c 0x00000000   Number         0  stm32f2xx_rng.o ABSOLUTE
    ..\\..\\..\\Platform\\Common\\Cortex-M3\\STM32F2xx\\STM32F2xx_Drv\\STM32F2xx_StdPeriph_Driver\\src\\stm32f2xx_rtc.c 0x00000000   Number         0  stm32f2xx_rtc.o ABSOLUTE
    ..\\..\\..\\Platform\\Common\\Cortex-M3\\STM32F2xx\\STM32F2xx_Drv\\STM32F2xx_StdPeriph_Driver\\src\\stm32f2xx_sdio.c 0x00000000   Number         0  stm32f2xx_sdio.o ABSOLUTE
    ..\\..\\..\\Platform\\Common\\Cortex-M3\\STM32F2xx\\STM32F2xx_Drv\\STM32F2xx_StdPeriph_Driver\\src\\stm32f2xx_spi.c 0x00000000   Number         0  stm32f2xx_spi.o ABSOLUTE
    ..\\..\\..\\Platform\\Common\\Cortex-M3\\STM32F2xx\\STM32F2xx_Drv\\STM32F2xx_StdPeriph_Driver\\src\\stm32f2xx_syscfg.c 0x00000000   Number         0  stm32f2xx_syscfg.o ABSOLUTE
    ..\\..\\..\\Platform\\Common\\Cortex-M3\\STM32F2xx\\STM32F2xx_Drv\\STM32F2xx_StdPeriph_Driver\\src\\stm32f2xx_tim.c 0x00000000   Number         0  stm32f2xx_tim.o ABSOLUTE
    ..\\..\\..\\Platform\\Common\\Cortex-M3\\STM32F2xx\\STM32F2xx_Drv\\STM32F2xx_StdPeriph_Driver\\src\\stm32f2xx_usart.c 0x00000000   Number         0  stm32f2xx_usart.o ABSOLUTE
    ..\\..\\..\\Platform\\Common\\Cortex-M3\\STM32F2xx\\STM32F2xx_Drv\\STM32F2xx_StdPeriph_Driver\\src\\stm32f2xx_wwdg.c 0x00000000   Number         0  stm32f2xx_wwdg.o ABSOLUTE
    ..\\..\\..\\Platform\\Common\\Cortex-M3\\STM32F2xx\\STM32F2xx_Drv\\system_stm32f2xx.c 0x00000000   Number         0  system_stm32f2xx.o ABSOLUTE
    ..\\..\\..\\Platform\\Common\\Cortex-M3\\STM32F2xx\\gpio_irq.c 0x00000000   Number         0  gpio_irq.o ABSOLUTE
    ..\\..\\..\\Platform\\Common\\Cortex-M3\\STM32F2xx\\rtc.c 0x00000000   Number         0  rtc.o ABSOLUTE
    ..\\..\\..\\Platform\\Common\\Cortex-M3\\STM32F2xx\\stm32f2xx_platform.c 0x00000000   Number         0  stm32f2xx_platform.o ABSOLUTE
    ..\\..\\..\\Platform\\EMW3162\\platform.c 0x00000000   Number         0  platform.o ABSOLUTE
    cdrcmple.s                               0x00000000   Number         0  cdrcmple.o ABSOLUTE
    dc.s                                     0x00000000   Number         0  dc.o ABSOLUTE
    handlers.s                               0x00000000   Number         0  handlers.o ABSOLUTE
    init.s                                   0x00000000   Number         0  init.o ABSOLUTE
    RESET                                    0x08000000   Section      392  startup_stm32f2xx_bootloader_rvmdk.o(RESET)
    .ARM.Collect$$$$00000000                 0x08000188   Section        0  entry.o(.ARM.Collect$$$$00000000)
    .ARM.Collect$$$$00000001                 0x08000188   Section        4  entry2.o(.ARM.Collect$$$$00000001)
    .ARM.Collect$$$$00000004                 0x0800018c   Section        4  entry5.o(.ARM.Collect$$$$00000004)
    .ARM.Collect$$$$00000008                 0x08000190   Section        0  entry7b.o(.ARM.Collect$$$$00000008)
    .ARM.Collect$$$$0000000A                 0x08000190   Section        0  entry8b.o(.ARM.Collect$$$$0000000A)
    .ARM.Collect$$$$0000000B                 0x08000190   Section        8  entry9a.o(.ARM.Collect$$$$0000000B)
    .ARM.Collect$$$$0000000D                 0x08000198   Section        0  entry10a.o(.ARM.Collect$$$$0000000D)
    .ARM.Collect$$$$0000000F                 0x08000198   Section        0  entry11a.o(.ARM.Collect$$$$0000000F)
    .ARM.Collect$$$$00002712                 0x08000198   Section        4  entry2.o(.ARM.Collect$$$$00002712)
    __lit__00000000                          0x08000198   Data           4  entry2.o(.ARM.Collect$$$$00002712)
    .text                                    0x0800019c   Section       28  startup_stm32f2xx_bootloader_rvmdk.o(.text)
    $v0                                      0x0800019c   Number         0  startup_stm32f2xx_bootloader_rvmdk.o(.text)
    .text                                    0x080001b8   Section       36  init.o(.text)
    i.__scatterload_copy                     0x080001dc   Section       14  handlers.o(i.__scatterload_copy)
    i.__scatterload_null                     0x080001ea   Section        2  handlers.o(i.__scatterload_null)
    i.__scatterload_zeroinit                 0x080001ec   Section       14  handlers.o(i.__scatterload_zeroinit)
    .emb_text                                0x20000000   Section       18  stm32f2xx_platform.o(.emb_text)
    $v0                                      0x20000000   Number         0  stm32f2xx_platform.o(.emb_text)
    .text                                    0x20000012   Section        0  toupper.o(.text)
    .text                                    0x2000001e   Section        0  memcpya.o(.text)
    .text                                    0x20000042   Section        0  memseta.o(.text)
    .text                                    0x20000066   Section        0  strcmp.o(.text)
    .text                                    0x20000082   Section        0  memcmp.o(.text)
    .text                                    0x2000009c   Section        0  uidiv.o(.text)
    .text                                    0x200000c8   Section        0  uldiv.o(.text)
    .text                                    0x2000012a   Section        0  dadd.o(.text)
    .text                                    0x2000012a   Section        0  iusefp.o(.text)
    .text                                    0x20000278   Section        0  dmul.o(.text)
    .text                                    0x2000035c   Section        0  ddiv.o(.text)
    .text                                    0x2000043a   Section        0  dfixul.o(.text)
    .text                                    0x2000046c   Section       40  cdrcmple.o(.text)
    .text                                    0x20000494   Section        0  llshl.o(.text)
    .text                                    0x200004b2   Section        0  llushr.o(.text)
    .text                                    0x200004d2   Section        0  llsshr.o(.text)
    .text                                    0x200004f6   Section        0  depilogue.o(.text)
    .text                                    0x200005ac   Section        0  __dczerorl2.o(.text)
    i.CalChecksum                            0x20000602   Section        0  ymodem.o(i.CalChecksum)
    i.Cal_CRC16                              0x20000616   Section        0  ymodem.o(i.Cal_CRC16)
    i.DMA1_Stream5_IRQHandler                0x2000063c   Section        0  micodriveruart.o(i.DMA1_Stream5_IRQHandler)
    i.DMA1_Stream6_IRQHandler                0x20000678   Section        0  micodriveruart.o(i.DMA1_Stream6_IRQHandler)
    i.DMA2_Stream1_IRQHandler                0x200006b8   Section        0  micodriveruart.o(i.DMA2_Stream1_IRQHandler)
    i.DMA2_Stream2_IRQHandler                0x200006fc   Section        0  micodriveruart.o(i.DMA2_Stream2_IRQHandler)
    i.DMA2_Stream6_IRQHandler                0x2000073c   Section        0  micodriveruart.o(i.DMA2_Stream6_IRQHandler)
    i.DMA2_Stream7_IRQHandler                0x20000788   Section        0  micodriveruart.o(i.DMA2_Stream7_IRQHandler)
    i.DMA_Cmd                                0x200007d0   Section        0  stm32f2xx_dma.o(i.DMA_Cmd)
    i.DMA_DeInit                             0x200007e4   Section        0  stm32f2xx_dma.o(i.DMA_DeInit)
    i.DMA_ITConfig                           0x20000908   Section        0  stm32f2xx_dma.o(i.DMA_ITConfig)
    i.DMA_Init                               0x20000934   Section        0  stm32f2xx_dma.o(i.DMA_Init)
    i.EXTI0_IRQHandler                       0x20000988   Section        0  gpio_irq.o(i.EXTI0_IRQHandler)
    i.EXTI15_10_IRQHandler                   0x2000098c   Section        0  gpio_irq.o(i.EXTI15_10_IRQHandler)
    i.EXTI1_IRQHandler                       0x20000990   Section        0  gpio_irq.o(i.EXTI1_IRQHandler)
    i.EXTI2_IRQHandler                       0x20000994   Section        0  gpio_irq.o(i.EXTI2_IRQHandler)
    i.EXTI3_IRQHandler                       0x20000998   Section        0  gpio_irq.o(i.EXTI3_IRQHandler)
    i.EXTI4_IRQHandler                       0x2000099c   Section        0  gpio_irq.o(i.EXTI4_IRQHandler)
    i.EXTI9_5_IRQHandler                     0x200009a0   Section        0  gpio_irq.o(i.EXTI9_5_IRQHandler)
    i.FLASH_ClearFlag                        0x200009a4   Section        0  stm32f2xx_flash.o(i.FLASH_ClearFlag)
    i.FLASH_EraseSector                      0x200009b0   Section        0  stm32f2xx_flash.o(i.FLASH_EraseSector)
    i.FLASH_GetStatus                        0x20000a1c   Section        0  stm32f2xx_flash.o(i.FLASH_GetStatus)
    i.FLASH_Lock                             0x20000a50   Section        0  stm32f2xx_flash.o(i.FLASH_Lock)
    i.FLASH_PrefetchBufferCmd                0x20000a60   Section        0  stm32f2xx_flash.o(i.FLASH_PrefetchBufferCmd)
    i.FLASH_ProgramByte                      0x20000a7c   Section        0  stm32f2xx_flash.o(i.FLASH_ProgramByte)
    i.FLASH_ProgramWord                      0x20000ab4   Section        0  stm32f2xx_flash.o(i.FLASH_ProgramWord)
    i.FLASH_SetLatency                       0x20000af0   Section        0  stm32f2xx_flash.o(i.FLASH_SetLatency)
    i.FLASH_Unlock                           0x20000afc   Section        0  stm32f2xx_flash.o(i.FLASH_Unlock)
    i.FLASH_WaitForLastOperation             0x20000b20   Section        0  stm32f2xx_flash.o(i.FLASH_WaitForLastOperation)
    i.GPIO_Init                              0x20000b3e   Section        0  stm32f2xx_gpio.o(i.GPIO_Init)
    i.GPIO_PinAFConfig                       0x20000bb6   Section        0  stm32f2xx_gpio.o(i.GPIO_PinAFConfig)
    i.GPIO_ReadInputDataBit                  0x20000bd6   Section        0  stm32f2xx_gpio.o(i.GPIO_ReadInputDataBit)
    i.GPIO_ResetBits                         0x20000be4   Section        0  stm32f2xx_gpio.o(i.GPIO_ResetBits)
    i.GPIO_SetBits                           0x20000be8   Section        0  stm32f2xx_gpio.o(i.GPIO_SetBits)
    i.IWDG_ReloadCounter                     0x20000bec   Section        0  stm32f2xx_iwdg.o(i.IWDG_ReloadCounter)
    i.Int2Str                                0x20000bfc   Section        0  stringutils.o(i.Int2Str)
    i.MCU_CLOCKS_NEEDED                      0x20000c3c   Section        0  stm32f2xx_platform.o(i.MCU_CLOCKS_NEEDED)
    i.MCU_CLOCKS_NOT_NEEDED                  0x20000c64   Section        0  stm32f2xx_platform.o(i.MCU_CLOCKS_NOT_NEEDED)
    i.Main_Menu                              0x20000c8c   Section        0  menu.o(i.Main_Menu)
    i.MicoFlashErase                         0x20001418   Section        0  micodriverflash.o(i.MicoFlashErase)
    i.MicoFlashFinalize                      0x2000146c   Section        0  micodriverflash.o(i.MicoFlashFinalize)
    i.MicoFlashInitialize                    0x20001484   Section        0  micodriverflash.o(i.MicoFlashInitialize)
    i.MicoFlashRead                          0x200014a0   Section        0  micodriverflash.o(i.MicoFlashRead)
    i.MicoFlashWrite                         0x200014e0   Section        0  micodriverflash.o(i.MicoFlashWrite)
    i.MicoGpioInitialize                     0x20001518   Section        0  micodrivergpio.o(i.MicoGpioInitialize)
    i.MicoGpioOutputHigh                     0x200015a8   Section        0  micodrivergpio.o(i.MicoGpioOutputHigh)
    i.MicoGpioOutputLow                      0x200015e8   Section        0  micodrivergpio.o(i.MicoGpioOutputLow)
    i.MicoMcuPowerSaveConfig                 0x20001628   Section        0  stm32f2xx_platform.o(i.MicoMcuPowerSaveConfig)
    i.MicoShouldEnterBootloader              0x20001634   Section        0  platform.o(i.MicoShouldEnterBootloader)
    i.MicoShouldEnterMFGMode                 0x2000164e   Section        0  platform.o(i.MicoShouldEnterMFGMode)
    i.MicoStdioUartInitialize                0x20001668   Section        0  micodriveruart.o(i.MicoStdioUartInitialize)
    i.MicoSystemReboot                       0x20001674   Section        0  stm32f2xx_platform.o(i.MicoSystemReboot)
    i.MicoUartRecv                           0x20001694   Section        0  micodriveruart.o(i.MicoUartRecv)
    i.MicoUartSend                           0x20001750   Section        0  micodriveruart.o(i.MicoUartSend)
    i.NVIC_Init                              0x200017f0   Section        0  misc.o(i.NVIC_Init)
    i.NVIC_PriorityGroupConfig               0x20001854   Section        0  misc.o(i.NVIC_PriorityGroupConfig)
    i.PWR_ClearFlag                          0x20001868   Section        0  stm32f2xx_pwr.o(i.PWR_ClearFlag)
    i.PWR_EnterSTANDBYMode                   0x20001878   Section        0  stm32f2xx_pwr.o(i.PWR_EnterSTANDBYMode)
    i.PWR_GetFlagStatus                      0x200018a0   Section        0  stm32f2xx_pwr.o(i.PWR_GetFlagStatus)
    i.RCC_AHB1PeriphClockCmd                 0x200018b4   Section        0  stm32f2xx_rcc.o(i.RCC_AHB1PeriphClockCmd)
    i.RCC_APB1PeriphClockCmd                 0x200018cc   Section        0  stm32f2xx_rcc.o(i.RCC_APB1PeriphClockCmd)
    i.RCC_APB2PeriphClockCmd                 0x200018e4   Section        0  stm32f2xx_rcc.o(i.RCC_APB2PeriphClockCmd)
    i.RCC_ClearFlag                          0x200018fc   Section        0  stm32f2xx_rcc.o(i.RCC_ClearFlag)
    i.RCC_GetClocksFreq                      0x2000190c   Section        0  stm32f2xx_rcc.o(i.RCC_GetClocksFreq)
    i.RCC_GetFlagStatus                      0x200019a0   Section        0  stm32f2xx_rcc.o(i.RCC_GetFlagStatus)
    i.RCC_GetSYSCLKSource                    0x200019d4   Section        0  stm32f2xx_rcc.o(i.RCC_GetSYSCLKSource)
    i.RCC_HCLKConfig                         0x200019e4   Section        0  stm32f2xx_rcc.o(i.RCC_HCLKConfig)
    i.RCC_HSEConfig                          0x200019f8   Section        0  stm32f2xx_rcc.o(i.RCC_HSEConfig)
    i.RCC_PCLK1Config                        0x20001a08   Section        0  stm32f2xx_rcc.o(i.RCC_PCLK1Config)
    i.RCC_PCLK2Config                        0x20001a1c   Section        0  stm32f2xx_rcc.o(i.RCC_PCLK2Config)
    i.RCC_PLLCmd                             0x20001a30   Section        0  stm32f2xx_rcc.o(i.RCC_PLLCmd)
    i.RCC_PLLConfig                          0x20001a3c   Section        0  stm32f2xx_rcc.o(i.RCC_PLLConfig)
    i.RCC_SYSCLKConfig                       0x20001a64   Section        0  stm32f2xx_rcc.o(i.RCC_SYSCLKConfig)
    i.RCC_WaitForHSEStartUp                  0x20001a78   Section        0  stm32f2xx_rcc.o(i.RCC_WaitForHSEStartUp)
    i.Receive_Byte                           0x20001aa4   Section        0  ymodem.o(i.Receive_Byte)
    Receive_Byte                             0x20001aa5   Thumb Code    24  ymodem.o(i.Receive_Byte)
    i.Receive_Packet                         0x20001abc   Section        0  ymodem.o(i.Receive_Packet)
    Receive_Packet                           0x20001abd   Thumb Code   152  ymodem.o(i.Receive_Packet)
    i.Send_Byte                              0x20001b54   Section        0  ymodem.o(i.Send_Byte)
    Send_Byte                                0x20001b55   Thumb Code    12  ymodem.o(i.Send_Byte)
    i.SerialDownload                         0x20001b64   Section        0  menu.o(i.SerialDownload)
    i.SerialUpload                           0x20001ce8   Section        0  menu.o(i.SerialUpload)
    i.Str2Int                                0x20001d8c   Section        0  stringutils.o(i.Str2Int)
    i.SysTick_CLKSourceConfig                0x20001e3c   Section        0  misc.o(i.SysTick_CLKSourceConfig)
    i.SysTick_Handler                        0x20001e54   Section        0  stm32f2xx_platform.o(i.SysTick_Handler)
    i.USART1_IRQHandler                      0x20001e64   Section        0  micodriveruart.o(i.USART1_IRQHandler)
    i.USART2_IRQHandler                      0x20001ea8   Section        0  micodriveruart.o(i.USART2_IRQHandler)
    i.USART6_IRQHandler                      0x20001eec   Section        0  micodriveruart.o(i.USART6_IRQHandler)
    i.USART_ClearFlag                        0x20001f34   Section        0  stm32f2xx_usart.o(i.USART_ClearFlag)
    i.USART_Cmd                              0x20001f3a   Section        0  stm32f2xx_usart.o(i.USART_Cmd)
    i.USART_DMACmd                           0x20001f4e   Section        0  stm32f2xx_usart.o(i.USART_DMACmd)
    i.USART_ITConfig                         0x20001f5e   Section        0  stm32f2xx_usart.o(i.USART_ITConfig)
    i.USART_Init                             0x20001f90   Section        0  stm32f2xx_usart.o(i.USART_Init)
    i.UpdateCRC16                            0x2000203c   Section        0  ymodem.o(i.UpdateCRC16)
    i.Ymodem_PrepareIntialPacket             0x2000205c   Section        0  ymodem.o(i.Ymodem_PrepareIntialPacket)
    i.Ymodem_PreparePacket                   0x200020b4   Section        0  ymodem.o(i.Ymodem_PreparePacket)
    i.Ymodem_Receive                         0x20002108   Section        0  ymodem.o(i.Ymodem_Receive)
    i.Ymodem_SendPacket                      0x200022b4   Section        0  ymodem.o(i.Ymodem_SendPacket)
    i.Ymodem_Transmit                        0x200022ce   Section        0  ymodem.o(i.Ymodem_Transmit)
    i._GetSector                             0x200024dc   Section        0  micodriverflash.o(i._GetSector)
    _GetSector                               0x200024dd   Thumb Code   146  micodriverflash.o(i._GetSector)
    i.__0printf                              0x20002598   Section        0  printfa.o(i.__0printf)
    i._fp_digits                             0x200025b8   Section        0  printfa.o(i._fp_digits)
    _fp_digits                               0x200025b9   Thumb Code   334  printfa.o(i._fp_digits)
    i._printf_core                           0x2000271c   Section        0  printfa.o(i._printf_core)
    _printf_core                             0x2000271d   Thumb Code  1744  printfa.o(i._printf_core)
    i._printf_post_padding                   0x20002df8   Section        0  printfa.o(i._printf_post_padding)
    _printf_post_padding                     0x20002df9   Thumb Code    36  printfa.o(i._printf_post_padding)
    i._printf_pre_padding                    0x20002e1c   Section        0  printfa.o(i._printf_pre_padding)
    _printf_pre_padding                      0x20002e1d   Thumb Code    46  printfa.o(i._printf_pre_padding)
    i.findCommandPara                        0x20002e4a   Section        0  menu.o(i.findCommandPara)
    i.fputc                                  0x20002ee4   Section        0  patch_keil.o(i.fputc)
    i.getline                                0x20002ef4   Section        0  getline.o(i.getline)
    i.gpio_irq                               0x20002f74   Section        0  gpio_irq.o(i.gpio_irq)
    i.init_architecture                      0x20003010   Section        0  stm32f2xx_platform.o(i.init_architecture)
    i.init_clocks                            0x200030c0   Section        0  stm32f2xx_platform.o(i.init_clocks)
    i.init_memory                            0x20003126   Section        0  stm32f2xx_platform.o(i.init_memory)
    i.init_platform_bootloader               0x20003128   Section        0  platform.o(i.init_platform_bootloader)
    i.internalFlashByteWrite                 0x2000315c   Section        0  micodriverflash.o(i.internalFlashByteWrite)
    internalFlashByteWrite                   0x2000315d   Thumb Code    78  micodriverflash.o(i.internalFlashByteWrite)
    i.internalFlashWrite                     0x200031b0   Section        0  micodriverflash.o(i.internalFlashWrite)
    internalFlashWrite                       0x200031b1   Thumb Code   130  micodriverflash.o(i.internalFlashWrite)
    i.internal_uart_init                     0x2000323c   Section        0  micodriveruart.o(i.internal_uart_init)
    internal_uart_init                       0x2000323d   Thumb Code   792  micodriveruart.o(i.internal_uart_init)
    i.main                                   0x20003560   Section        0  bootloaderentrance.o(i.main)
    i.mico_get_time_no_os                    0x200035a8   Section        0  stm32f2xx_platform.o(i.mico_get_time_no_os)
    i.platform_uart_receive_bytes            0x200035b4   Section        0  micodriveruart.o(i.platform_uart_receive_bytes)
    platform_uart_receive_bytes              0x200035b5   Thumb Code   140  micodriveruart.o(i.platform_uart_receive_bytes)
    i.putc                                   0x20003648   Section        0  putc.o(i.putc)
    i.ring_buffer_consume                    0x2000364c   Section        0  ringbufferutils.o(i.ring_buffer_consume)
    i.ring_buffer_get_data                   0x20003660   Section        0  ringbufferutils.o(i.ring_buffer_get_data)
    i.ring_buffer_init                       0x20003688   Section        0  ringbufferutils.o(i.ring_buffer_init)
    i.ring_buffer_used_space                 0x20003696   Section        0  ringbufferutils.o(i.ring_buffer_used_space)
    i.startApplication                       0x200036ac   Section        0  stm32f2xx_platform.o(i.startApplication)
    i.update                                 0x200036f0   Section        0  update_for_ota.o(i.update)
    i.updateLogCheck                         0x20003914   Section        0  update_for_ota.o(i.updateLogCheck)
    i.wiced_gpio_input_get                   0x200039b4   Section        0  micodrivergpio.o(i.wiced_gpio_input_get)
    .constdata                               0x200039f8   Section       12  stm32f2xx_platform.o(.constdata)
    stdio_uart_config                        0x200039f8   Data          12  stm32f2xx_platform.o(.constdata)
    .constdata                               0x20003a04   Section      348  platform.o(.constdata)
    .constdata                               0x20003b60   Section      184  platform.o(.constdata)
    .conststring                             0x20003c18   Section        9  micodriverflash.o(.conststring)
    .data                                    0x20008000   Section      209  bootloaderentrance.o(.data)
    .data                                    0x200080d1   Section      389  menu.o(.data)
    .data                                    0x20008258   Section       12  update_for_ota.o(.data)
    destFlashType                            0x20008258   Data           1  update_for_ota.o(.data)
    destStartAddress                         0x2000825c   Data           4  update_for_ota.o(.data)
    destEndAddress                           0x20008260   Data           4  update_for_ota.o(.data)
    .data                                    0x20008264   Section        4  patch_keil.o(.data)
    .data                                    0x20008268   Section       20  system_stm32f2xx.o(.data)
    .data                                    0x2000827c   Section       16  stm32f2xx_rcc.o(.data)
    APBAHBPrescTable                         0x2000827c   Data          16  stm32f2xx_rcc.o(.data)
    .data                                    0x2000828c   Section       48  stm32f2xx_platform.o(.data)
    stm32_platform_inited                    0x2000828c   Data           1  stm32f2xx_platform.o(.data)
    rtc_timeout_start_time                   0x20008290   Data           4  stm32f2xx_platform.o(.data)
    stm32f2_clock_needed_counter             0x20008294   Data           4  stm32f2xx_platform.o(.data)
    no_os_tick                               0x20008298   Data           4  stm32f2xx_platform.o(.data)
    available_wut_prescalers                 0x2000829c   Data          16  stm32f2xx_platform.o(.data)
    scale_factor_values                      0x200082ac   Data          16  stm32f2xx_platform.o(.data)
    .data                                    0x200082bc   Section        8  micodriverflash.o(.data)
    .bss                                     0x200082c4   Section     1280  menu.o(.bss)
    .bss                                     0x200087c4   Section    24576  update_for_ota.o(.bss)
    data                                     0x200087c4   Data        4096  update_for_ota.o(.bss)
    newData                                  0x200097c4   Data        4096  update_for_ota.o(.bss)
    paraSaveInRam                            0x2000a7c4   Data       16384  update_for_ota.o(.bss)
    .bss                                     0x2000e7c4   Section       48  micodriveruart.o(.bss)
    uart_interfaces                          0x2000e7c4   Data          48  micodriveruart.o(.bss)
    .bss                                     0x2000e7f4   Section       80  stm32f2xx_platform.o(.bss)
    stdio_rx_buffer                          0x2000e7f4   Data          16  stm32f2xx_platform.o(.bss)
    stdio_rx_data                            0x2000e804   Data          64  stm32f2xx_platform.o(.bss)
    .bss                                     0x2000e844   Section      192  gpio_irq.o(.bss)
    gpio_irq_data                            0x2000e844   Data         192  gpio_irq.o(.bss)
    STACK                                    0x2000e908   Section     8192  startup_stm32f2xx_bootloader_rvmdk.o(STACK)

    Global Symbols

    Symbol Name                              Value     Ov Type        Size  Object(Section)

    BuildAttributes$$THM_ISAv4$E$P$D$K$B$S$7EM$VFPi3$EXTD16$VFPS$VFMA$PE$A:L22UL41UL21$X:L11$S22US41US21$IEEE1$IW$USESV6$~STKCKD$USESV7$~SHL$OSPACE$ROPI$EBA8$MICROLIB$REQ8$PRES8$EABIv2 0x00000000   Number         0  anon$$obj.o ABSOLUTE
    __ARM_use_no_argv                        0x00000000   Number         0  bootloaderentrance.o ABSOLUTE
    __use_no_errno                           0x00000000   Number         0  useno.o ABSOLUTE
    __use_no_exception_handling              0x00000000   Number         0  useno.o ABSOLUTE
    __use_no_fp                              0x00000000   Number         0  useno.o ABSOLUTE
    __use_no_heap                            0x00000000   Number         0  useno.o ABSOLUTE
    __use_no_heap_region                     0x00000000   Number         0  useno.o ABSOLUTE
    __use_no_semihosting                     0x00000000   Number         0  useno.o ABSOLUTE
    __use_no_semihosting_swi                 0x00000000   Number         0  useno.o ABSOLUTE
    __use_no_signal_handling                 0x00000000   Number         0  useno.o ABSOLUTE
    _printf_a                                0x00000000   Number         0  stubs.o ABSOLUTE
    _printf_c                                0x00000000   Number         0  stubs.o ABSOLUTE
    _printf_charcount                        0x00000000   Number         0  stubs.o ABSOLUTE
    _printf_d                                0x00000000   Number         0  stubs.o ABSOLUTE
    _printf_e                                0x00000000   Number         0  stubs.o ABSOLUTE
    _printf_f                                0x00000000   Number         0  stubs.o ABSOLUTE
    _printf_flags                            0x00000000   Number         0  stubs.o ABSOLUTE
    _printf_fp_dec                           0x00000000   Number         0  stubs.o ABSOLUTE
    _printf_fp_hex                           0x00000000   Number         0  stubs.o ABSOLUTE
    _printf_g                                0x00000000   Number         0  stubs.o ABSOLUTE
    _printf_i                                0x00000000   Number         0  stubs.o ABSOLUTE
    _printf_int_dec                          0x00000000   Number         0  stubs.o ABSOLUTE
    _printf_l                                0x00000000   Number         0  stubs.o ABSOLUTE
    _printf_lc                               0x00000000   Number         0  stubs.o ABSOLUTE
    _printf_ll                               0x00000000   Number         0  stubs.o ABSOLUTE
    _printf_lld                              0x00000000   Number         0  stubs.o ABSOLUTE
    _printf_lli                              0x00000000   Number         0  stubs.o ABSOLUTE
    _printf_llo                              0x00000000   Number         0  stubs.o ABSOLUTE
    _printf_llu                              0x00000000   Number         0  stubs.o ABSOLUTE
    _printf_llx                              0x00000000   Number         0  stubs.o ABSOLUTE
    _printf_longlong_dec                     0x00000000   Number         0  stubs.o ABSOLUTE
    _printf_longlong_hex                     0x00000000   Number         0  stubs.o ABSOLUTE
    _printf_longlong_oct                     0x00000000   Number         0  stubs.o ABSOLUTE
    _printf_ls                               0x00000000   Number         0  stubs.o ABSOLUTE
    _printf_mbtowc                           0x00000000   Number         0  stubs.o ABSOLUTE
    _printf_n                                0x00000000   Number         0  stubs.o ABSOLUTE
    _printf_o                                0x00000000   Number         0  stubs.o ABSOLUTE
    _printf_p                                0x00000000   Number         0  stubs.o ABSOLUTE
    _printf_percent                          0x00000000   Number         0  stubs.o ABSOLUTE
    _printf_pre_padding                      0x00000000   Number         0  stubs.o ABSOLUTE
    _printf_return_value                     0x00000000   Number         0  stubs.o ABSOLUTE
    _printf_s                                0x00000000   Number         0  stubs.o ABSOLUTE
    _printf_sizespec                         0x00000000   Number         0  stubs.o ABSOLUTE
    _printf_str                              0x00000000   Number         0  stubs.o ABSOLUTE
    _printf_truncate_signed                  0x00000000   Number         0  stubs.o ABSOLUTE
    _printf_truncate_unsigned                0x00000000   Number         0  stubs.o ABSOLUTE
    _printf_u                                0x00000000   Number         0  stubs.o ABSOLUTE
    _printf_wc                               0x00000000   Number         0  stubs.o ABSOLUTE
    _printf_wctomb                           0x00000000   Number         0  stubs.o ABSOLUTE
    _printf_widthprec                        0x00000000   Number         0  stubs.o ABSOLUTE
    _printf_x                                0x00000000   Number         0  stubs.o ABSOLUTE
    PlatformEasyLinkButtonClickedCallback     - Undefined Weak Reference
    PlatformEasyLinkButtonLongPressedCallback  - Undefined Weak Reference
    PlatformStandbyButtonClickedCallback      - Undefined Weak Reference
    __cpp_initialize__aeabi_                  - Undefined Weak Reference
    __cxa_finalize                            - Undefined Weak Reference
    _clock_init                               - Undefined Weak Reference
    _microlib_exit                            - Undefined Weak Reference
    mico_get_time                             - Undefined Weak Reference
    mico_init_timer                           - Undefined Weak Reference
    mico_start_timer                          - Undefined Weak Reference
    mico_stop_timer                           - Undefined Weak Reference
    __Vectors_Size                           0x00000184   Number         0  startup_stm32f2xx_bootloader_rvmdk.o ABSOLUTE
    __Vectors                                0x08000000   Data           4  startup_stm32f2xx_bootloader_rvmdk.o(RESET)
    Fresh_ID_TAG                             0x08000184   Data           4  startup_stm32f2xx_bootloader_rvmdk.o(RESET)
    __Vectors_End                            0x08000184   Data           0  startup_stm32f2xx_bootloader_rvmdk.o(RESET)
    __main                                   0x08000189   Thumb Code     0  entry.o(.ARM.Collect$$$$00000000)
    _main_stk                                0x08000189   Thumb Code     0  entry2.o(.ARM.Collect$$$$00000001)
    _main_scatterload                        0x0800018d   Thumb Code     0  entry5.o(.ARM.Collect$$$$00000004)
    __main_after_scatterload                 0x08000191   Thumb Code     0  entry5.o(.ARM.Collect$$$$00000004)
    _main_clock                              0x08000191   Thumb Code     0  entry7b.o(.ARM.Collect$$$$00000008)
    _main_cpp_init                           0x08000191   Thumb Code     0  entry8b.o(.ARM.Collect$$$$0000000A)
    _main_init                               0x08000191   Thumb Code     0  entry9a.o(.ARM.Collect$$$$0000000B)
    __rt_final_cpp                           0x08000199   Thumb Code     0  entry10a.o(.ARM.Collect$$$$0000000D)
    __rt_final_exit                          0x08000199   Thumb Code     0  entry11a.o(.ARM.Collect$$$$0000000F)
    Reset_Handler                            0x0800019d   Thumb Code     4  startup_stm32f2xx_bootloader_rvmdk.o(.text)
    NMI_Handler                              0x080001a1   Thumb Code     2  startup_stm32f2xx_bootloader_rvmdk.o(.text)
    HardFault_Handler                        0x080001a3   Thumb Code     2  startup_stm32f2xx_bootloader_rvmdk.o(.text)
    MemManage_Handler                        0x080001a5   Thumb Code     2  startup_stm32f2xx_bootloader_rvmdk.o(.text)
    BusFault_Handler                         0x080001a7   Thumb Code     2  startup_stm32f2xx_bootloader_rvmdk.o(.text)
    UsageFault_Handler                       0x080001a9   Thumb Code     2  startup_stm32f2xx_bootloader_rvmdk.o(.text)
    SVC_Handler                              0x080001ab   Thumb Code     2  startup_stm32f2xx_bootloader_rvmdk.o(.text)
    DebugMon_Handler                         0x080001ad   Thumb Code     2  startup_stm32f2xx_bootloader_rvmdk.o(.text)
    PendSV_Handler                           0x080001af   Thumb Code     2  startup_stm32f2xx_bootloader_rvmdk.o(.text)
    ADC_IRQHandler                           0x080001b3   Thumb Code     0  startup_stm32f2xx_bootloader_rvmdk.o(.text)
    CAN1_RX0_IRQHandler                      0x080001b3   Thumb Code     0  startup_stm32f2xx_bootloader_rvmdk.o(.text)
    CAN1_RX1_IRQHandler                      0x080001b3   Thumb Code     0  startup_stm32f2xx_bootloader_rvmdk.o(.text)
    CAN1_SCE_IRQHandler                      0x080001b3   Thumb Code     0  startup_stm32f2xx_bootloader_rvmdk.o(.text)
    CAN1_TX_IRQHandler                       0x080001b3   Thumb Code     0  startup_stm32f2xx_bootloader_rvmdk.o(.text)
    CAN2_RX0_IRQHandler                      0x080001b3   Thumb Code     0  startup_stm32f2xx_bootloader_rvmdk.o(.text)
    CAN2_RX1_IRQHandler                      0x080001b3   Thumb Code     0  startup_stm32f2xx_bootloader_rvmdk.o(.text)
    CAN2_SCE_IRQHandler                      0x080001b3   Thumb Code     0  startup_stm32f2xx_bootloader_rvmdk.o(.text)
    CAN2_TX_IRQHandler                       0x080001b3   Thumb Code     0  startup_stm32f2xx_bootloader_rvmdk.o(.text)
    CRYP_IRQHandler                          0x080001b3   Thumb Code     0  startup_stm32f2xx_bootloader_rvmdk.o(.text)
    DCMI_IRQHandler                          0x080001b3   Thumb Code     0  startup_stm32f2xx_bootloader_rvmdk.o(.text)
    DMA1_Stream0_IRQHandler                  0x080001b3   Thumb Code     0  startup_stm32f2xx_bootloader_rvmdk.o(.text)
    DMA1_Stream1_IRQHandler                  0x080001b3   Thumb Code     0  startup_stm32f2xx_bootloader_rvmdk.o(.text)
    DMA1_Stream2_IRQHandler                  0x080001b3   Thumb Code     0  startup_stm32f2xx_bootloader_rvmdk.o(.text)
    DMA1_Stream3_IRQHandler                  0x080001b3   Thumb Code     0  startup_stm32f2xx_bootloader_rvmdk.o(.text)
    DMA1_Stream4_IRQHandler                  0x080001b3   Thumb Code     0  startup_stm32f2xx_bootloader_rvmdk.o(.text)
    DMA1_Stream7_IRQHandler                  0x080001b3   Thumb Code     0  startup_stm32f2xx_bootloader_rvmdk.o(.text)
    DMA2_Stream0_IRQHandler                  0x080001b3   Thumb Code     0  startup_stm32f2xx_bootloader_rvmdk.o(.text)
    DMA2_Stream3_IRQHandler                  0x080001b3   Thumb Code     0  startup_stm32f2xx_bootloader_rvmdk.o(.text)
    DMA2_Stream4_IRQHandler                  0x080001b3   Thumb Code     0  startup_stm32f2xx_bootloader_rvmdk.o(.text)
    DMA2_Stream5_IRQHandler                  0x080001b3   Thumb Code     0  startup_stm32f2xx_bootloader_rvmdk.o(.text)
    ETH_IRQHandler                           0x080001b3   Thumb Code     0  startup_stm32f2xx_bootloader_rvmdk.o(.text)
    ETH_WKUP_IRQHandler                      0x080001b3   Thumb Code     0  startup_stm32f2xx_bootloader_rvmdk.o(.text)
    FLASH_IRQHandler                         0x080001b3   Thumb Code     0  startup_stm32f2xx_bootloader_rvmdk.o(.text)
    FSMC_IRQHandler                          0x080001b3   Thumb Code     0  startup_stm32f2xx_bootloader_rvmdk.o(.text)
    HASH_RNG_IRQHandler                      0x080001b3   Thumb Code     0  startup_stm32f2xx_bootloader_rvmdk.o(.text)
    I2C1_ER_IRQHandler                       0x080001b3   Thumb Code     0  startup_stm32f2xx_bootloader_rvmdk.o(.text)
    I2C1_EV_IRQHandler                       0x080001b3   Thumb Code     0  startup_stm32f2xx_bootloader_rvmdk.o(.text)
    I2C2_ER_IRQHandler                       0x080001b3   Thumb Code     0  startup_stm32f2xx_bootloader_rvmdk.o(.text)
    I2C2_EV_IRQHandler                       0x080001b3   Thumb Code     0  startup_stm32f2xx_bootloader_rvmdk.o(.text)
    I2C3_ER_IRQHandler                       0x080001b3   Thumb Code     0  startup_stm32f2xx_bootloader_rvmdk.o(.text)
    I2C3_EV_IRQHandler                       0x080001b3   Thumb Code     0  startup_stm32f2xx_bootloader_rvmdk.o(.text)
    OTG_FS_IRQHandler                        0x080001b3   Thumb Code     0  startup_stm32f2xx_bootloader_rvmdk.o(.text)
    OTG_FS_WKUP_IRQHandler                   0x080001b3   Thumb Code     0  startup_stm32f2xx_bootloader_rvmdk.o(.text)
    OTG_HS_EP1_IN_IRQHandler                 0x080001b3   Thumb Code     0  startup_stm32f2xx_bootloader_rvmdk.o(.text)
    OTG_HS_EP1_OUT_IRQHandler                0x080001b3   Thumb Code     0  startup_stm32f2xx_bootloader_rvmdk.o(.text)
    OTG_HS_IRQHandler                        0x080001b3   Thumb Code     0  startup_stm32f2xx_bootloader_rvmdk.o(.text)
    OTG_HS_WKUP_IRQHandler                   0x080001b3   Thumb Code     0  startup_stm32f2xx_bootloader_rvmdk.o(.text)
    PVD_IRQHandler                           0x080001b3   Thumb Code     0  startup_stm32f2xx_bootloader_rvmdk.o(.text)
    RCC_IRQHandler                           0x080001b3   Thumb Code     0  startup_stm32f2xx_bootloader_rvmdk.o(.text)
    RTC_Alarm_IRQHandler                     0x080001b3   Thumb Code     0  startup_stm32f2xx_bootloader_rvmdk.o(.text)
    RTC_WKUP_IRQHandler                      0x080001b3   Thumb Code     0  startup_stm32f2xx_bootloader_rvmdk.o(.text)
    SDIO_IRQHandler                          0x080001b3   Thumb Code     0  startup_stm32f2xx_bootloader_rvmdk.o(.text)
    SPI1_IRQHandler                          0x080001b3   Thumb Code     0  startup_stm32f2xx_bootloader_rvmdk.o(.text)
    SPI2_IRQHandler                          0x080001b3   Thumb Code     0  startup_stm32f2xx_bootloader_rvmdk.o(.text)
    SPI3_IRQHandler                          0x080001b3   Thumb Code     0  startup_stm32f2xx_bootloader_rvmdk.o(.text)
    TAMP_STAMP_IRQHandler                    0x080001b3   Thumb Code     0  startup_stm32f2xx_bootloader_rvmdk.o(.text)
    TIM1_BRK_TIM9_IRQHandler                 0x080001b3   Thumb Code     0  startup_stm32f2xx_bootloader_rvmdk.o(.text)
    TIM1_CC_IRQHandler                       0x080001b3   Thumb Code     0  startup_stm32f2xx_bootloader_rvmdk.o(.text)
    TIM1_TRG_COM_TIM11_IRQHandler            0x080001b3   Thumb Code     0  startup_stm32f2xx_bootloader_rvmdk.o(.text)
    TIM1_UP_TIM10_IRQHandler                 0x080001b3   Thumb Code     0  startup_stm32f2xx_bootloader_rvmdk.o(.text)
    TIM2_IRQHandler                          0x080001b3   Thumb Code     0  startup_stm32f2xx_bootloader_rvmdk.o(.text)
    TIM3_IRQHandler                          0x080001b3   Thumb Code     0  startup_stm32f2xx_bootloader_rvmdk.o(.text)
    TIM4_IRQHandler                          0x080001b3   Thumb Code     0  startup_stm32f2xx_bootloader_rvmdk.o(.text)
    TIM5_IRQHandler                          0x080001b3   Thumb Code     0  startup_stm32f2xx_bootloader_rvmdk.o(.text)
    TIM6_DAC_IRQHandler                      0x080001b3   Thumb Code     0  startup_stm32f2xx_bootloader_rvmdk.o(.text)
    TIM7_IRQHandler                          0x080001b3   Thumb Code     0  startup_stm32f2xx_bootloader_rvmdk.o(.text)
    TIM8_BRK_TIM12_IRQHandler                0x080001b3   Thumb Code     0  startup_stm32f2xx_bootloader_rvmdk.o(.text)
    TIM8_CC_IRQHandler                       0x080001b3   Thumb Code     0  startup_stm32f2xx_bootloader_rvmdk.o(.text)
    TIM8_TRG_COM_TIM14_IRQHandler            0x080001b3   Thumb Code     0  startup_stm32f2xx_bootloader_rvmdk.o(.text)
    TIM8_UP_TIM13_IRQHandler                 0x080001b3   Thumb Code     0  startup_stm32f2xx_bootloader_rvmdk.o(.text)
    UART4_IRQHandler                         0x080001b3   Thumb Code     0  startup_stm32f2xx_bootloader_rvmdk.o(.text)
    UART5_IRQHandler                         0x080001b3   Thumb Code     0  startup_stm32f2xx_bootloader_rvmdk.o(.text)
    USART3_IRQHandler                        0x080001b3   Thumb Code     0  startup_stm32f2xx_bootloader_rvmdk.o(.text)
    WWDG_IRQHandler                          0x080001b3   Thumb Code     0  startup_stm32f2xx_bootloader_rvmdk.o(.text)
    __scatterload                            0x080001b9   Thumb Code    28  init.o(.text)
    __scatterload_rt2                        0x080001b9   Thumb Code     0  init.o(.text)
    __scatterload_copy                       0x080001dd   Thumb Code    14  handlers.o(i.__scatterload_copy)
    __scatterload_null                       0x080001eb   Thumb Code     2  handlers.o(i.__scatterload_null)
    __scatterload_zeroinit                   0x080001ed   Thumb Code    14  handlers.o(i.__scatterload_zeroinit)
    Region$$Table$$Base                      0x080001fc   Number         0  anon$$obj.o(Region$$Table)
    Region$$Table$$Limit                     0x0800022c   Number         0  anon$$obj.o(Region$$Table)
    __asm___20_stm32f2xx_platform_c_546a0d50____REV16 0x20000001   Thumb Code     4  stm32f2xx_platform.o(.emb_text)
    __asm___20_stm32f2xx_platform_c_546a0d50____REVSH 0x20000005   Thumb Code     4  stm32f2xx_platform.o(.emb_text)
    __asm___20_stm32f2xx_platform_c_546a0d50____jump_to 0x20000009   Thumb Code    10  stm32f2xx_platform.o(.emb_text)
    toupper                                  0x20000013   Thumb Code    12  toupper.o(.text)
    __aeabi_memcpy                           0x2000001f   Thumb Code    36  memcpya.o(.text)
    __aeabi_memcpy4                          0x2000001f   Thumb Code     0  memcpya.o(.text)
    __aeabi_memcpy8                          0x2000001f   Thumb Code     0  memcpya.o(.text)
    __aeabi_memset                           0x20000043   Thumb Code    14  memseta.o(.text)
    __aeabi_memset4                          0x20000043   Thumb Code     0  memseta.o(.text)
    __aeabi_memset8                          0x20000043   Thumb Code     0  memseta.o(.text)
    __aeabi_memclr                           0x20000051   Thumb Code     4  memseta.o(.text)
    __aeabi_memclr4                          0x20000051   Thumb Code     0  memseta.o(.text)
    __aeabi_memclr8                          0x20000051   Thumb Code     0  memseta.o(.text)
    _memset$wrapper                          0x20000055   Thumb Code    18  memseta.o(.text)
    strcmp                                   0x20000067   Thumb Code    28  strcmp.o(.text)
    memcmp                                   0x20000083   Thumb Code    26  memcmp.o(.text)
    __aeabi_uidiv                            0x2000009d   Thumb Code     0  uidiv.o(.text)
    __aeabi_uidivmod                         0x2000009d   Thumb Code    44  uidiv.o(.text)
    __aeabi_uldivmod                         0x200000c9   Thumb Code    98  uldiv.o(.text)
    __I$use$fp                               0x2000012b   Thumb Code     0  iusefp.o(.text)
    __aeabi_dadd                             0x2000012b   Thumb Code   322  dadd.o(.text)
    __aeabi_dsub                             0x2000026d   Thumb Code     6  dadd.o(.text)
    __aeabi_drsub                            0x20000273   Thumb Code     6  dadd.o(.text)
    __aeabi_dmul                             0x20000279   Thumb Code   228  dmul.o(.text)
    __aeabi_ddiv                             0x2000035d   Thumb Code   222  ddiv.o(.text)
    __aeabi_d2ulz                            0x2000043b   Thumb Code    48  dfixul.o(.text)
    __aeabi_cdrcmple                         0x2000046d   Thumb Code    38  cdrcmple.o(.text)
    __aeabi_llsl                             0x20000495   Thumb Code    30  llshl.o(.text)
    _ll_shift_l                              0x20000495   Thumb Code     0  llshl.o(.text)
    __aeabi_llsr                             0x200004b3   Thumb Code    32  llushr.o(.text)
    _ll_ushift_r                             0x200004b3   Thumb Code     0  llushr.o(.text)
    __aeabi_lasr                             0x200004d3   Thumb Code    36  llsshr.o(.text)
    _ll_sshift_r                             0x200004d3   Thumb Code     0  llsshr.o(.text)
    _double_round                            0x200004f7   Thumb Code    26  depilogue.o(.text)
    _double_epilogue                         0x20000511   Thumb Code   156  depilogue.o(.text)
    __decompress                             0x200005ad   Thumb Code     0  __dczerorl2.o(.text)
    __decompress1                            0x200005ad   Thumb Code    86  __dczerorl2.o(.text)
    CalChecksum                              0x20000603   Thumb Code    20  ymodem.o(i.CalChecksum)
    Cal_CRC16                                0x20000617   Thumb Code    38  ymodem.o(i.Cal_CRC16)
    DMA1_Stream5_IRQHandler                  0x2000063d   Thumb Code    50  micodriveruart.o(i.DMA1_Stream5_IRQHandler)
    DMA1_Stream6_IRQHandler                  0x20000679   Thumb Code    56  micodriveruart.o(i.DMA1_Stream6_IRQHandler)
    DMA2_Stream1_IRQHandler                  0x200006b9   Thumb Code    54  micodriveruart.o(i.DMA2_Stream1_IRQHandler)
    DMA2_Stream2_IRQHandler                  0x200006fd   Thumb Code    52  micodriveruart.o(i.DMA2_Stream2_IRQHandler)
    DMA2_Stream6_IRQHandler                  0x2000073d   Thumb Code    62  micodriveruart.o(i.DMA2_Stream6_IRQHandler)
    DMA2_Stream7_IRQHandler                  0x20000789   Thumb Code    60  micodriveruart.o(i.DMA2_Stream7_IRQHandler)
    DMA_Cmd                                  0x200007d1   Thumb Code    20  stm32f2xx_dma.o(i.DMA_Cmd)
    DMA_DeInit                               0x200007e5   Thumb Code   272  stm32f2xx_dma.o(i.DMA_DeInit)
    DMA_ITConfig                             0x20000909   Thumb Code    44  stm32f2xx_dma.o(i.DMA_ITConfig)
    DMA_Init                                 0x20000935   Thumb Code    80  stm32f2xx_dma.o(i.DMA_Init)
    EXTI0_IRQHandler                         0x20000989   Thumb Code     4  gpio_irq.o(i.EXTI0_IRQHandler)
    EXTI15_10_IRQHandler                     0x2000098d   Thumb Code     4  gpio_irq.o(i.EXTI15_10_IRQHandler)
    EXTI1_IRQHandler                         0x20000991   Thumb Code     4  gpio_irq.o(i.EXTI1_IRQHandler)
    EXTI2_IRQHandler                         0x20000995   Thumb Code     4  gpio_irq.o(i.EXTI2_IRQHandler)
    EXTI3_IRQHandler                         0x20000999   Thumb Code     4  gpio_irq.o(i.EXTI3_IRQHandler)
    EXTI4_IRQHandler                         0x2000099d   Thumb Code     4  gpio_irq.o(i.EXTI4_IRQHandler)
    EXTI9_5_IRQHandler                       0x200009a1   Thumb Code     4  gpio_irq.o(i.EXTI9_5_IRQHandler)
    FLASH_ClearFlag                          0x200009a5   Thumb Code     6  stm32f2xx_flash.o(i.FLASH_ClearFlag)
    FLASH_EraseSector                        0x200009b1   Thumb Code   104  stm32f2xx_flash.o(i.FLASH_EraseSector)
    FLASH_GetStatus                          0x20000a1d   Thumb Code    46  stm32f2xx_flash.o(i.FLASH_GetStatus)
    FLASH_Lock                               0x20000a51   Thumb Code    12  stm32f2xx_flash.o(i.FLASH_Lock)
    FLASH_PrefetchBufferCmd                  0x20000a61   Thumb Code    22  stm32f2xx_flash.o(i.FLASH_PrefetchBufferCmd)
    FLASH_ProgramByte                        0x20000a7d   Thumb Code    52  stm32f2xx_flash.o(i.FLASH_ProgramByte)
    FLASH_ProgramWord                        0x20000ab5   Thumb Code    56  stm32f2xx_flash.o(i.FLASH_ProgramWord)
    FLASH_SetLatency                         0x20000af1   Thumb Code     6  stm32f2xx_flash.o(i.FLASH_SetLatency)
    FLASH_Unlock                             0x20000afd   Thumb Code    22  stm32f2xx_flash.o(i.FLASH_Unlock)
    FLASH_WaitForLastOperation               0x20000b21   Thumb Code    30  stm32f2xx_flash.o(i.FLASH_WaitForLastOperation)
    GPIO_Init                                0x20000b3f   Thumb Code   120  stm32f2xx_gpio.o(i.GPIO_Init)
    GPIO_PinAFConfig                         0x20000bb7   Thumb Code    32  stm32f2xx_gpio.o(i.GPIO_PinAFConfig)
    GPIO_ReadInputDataBit                    0x20000bd7   Thumb Code    14  stm32f2xx_gpio.o(i.GPIO_ReadInputDataBit)
    GPIO_ResetBits                           0x20000be5   Thumb Code     4  stm32f2xx_gpio.o(i.GPIO_ResetBits)
    GPIO_SetBits                             0x20000be9   Thumb Code     4  stm32f2xx_gpio.o(i.GPIO_SetBits)
    IWDG_ReloadCounter                       0x20000bed   Thumb Code    10  stm32f2xx_iwdg.o(i.IWDG_ReloadCounter)
    Int2Str                                  0x20000bfd   Thumb Code    60  stringutils.o(i.Int2Str)
    MCU_CLOCKS_NEEDED                        0x20000c3d   Thumb Code    32  stm32f2xx_platform.o(i.MCU_CLOCKS_NEEDED)
    MCU_CLOCKS_NOT_NEEDED                    0x20000c65   Thumb Code    32  stm32f2xx_platform.o(i.MCU_CLOCKS_NOT_NEEDED)
    Main_Menu                                0x20000c8d   Thumb Code   956  menu.o(i.Main_Menu)
    MicoFlashErase                           0x20001419   Thumb Code    78  micodriverflash.o(i.MicoFlashErase)
    MicoFlashFinalize                        0x2000146d   Thumb Code    18  micodriverflash.o(i.MicoFlashFinalize)
    MicoFlashInitialize                      0x20001485   Thumb Code    24  micodriverflash.o(i.MicoFlashInitialize)
    MicoFlashRead                            0x200014a1   Thumb Code    60  micodriverflash.o(i.MicoFlashRead)
    MicoFlashWrite                           0x200014e1   Thumb Code    52  micodriverflash.o(i.MicoFlashWrite)
    MicoGpioInitialize                       0x20001519   Thumb Code   134  micodrivergpio.o(i.MicoGpioInitialize)
    MicoGpioOutputHigh                       0x200015a9   Thumb Code    54  micodrivergpio.o(i.MicoGpioOutputHigh)
    MicoGpioOutputLow                        0x200015e9   Thumb Code    54  micodrivergpio.o(i.MicoGpioOutputLow)
    MicoMcuPowerSaveConfig                   0x20001629   Thumb Code    12  stm32f2xx_platform.o(i.MicoMcuPowerSaveConfig)
    MicoShouldEnterBootloader                0x20001635   Thumb Code    26  platform.o(i.MicoShouldEnterBootloader)
    MicoShouldEnterMFGMode                   0x2000164f   Thumb Code    26  platform.o(i.MicoShouldEnterMFGMode)
    MicoStdioUartInitialize                  0x20001669   Thumb Code    10  micodriveruart.o(i.MicoStdioUartInitialize)
    MicoSystemReboot                         0x20001675   Thumb Code    24  stm32f2xx_platform.o(i.MicoSystemReboot)
    MicoUartRecv                             0x20001695   Thumb Code   178  micodriveruart.o(i.MicoUartRecv)
    MicoUartSend                             0x20001751   Thumb Code   150  micodriveruart.o(i.MicoUartSend)
    NVIC_Init                                0x200017f1   Thumb Code    96  misc.o(i.NVIC_Init)
    NVIC_PriorityGroupConfig                 0x20001855   Thumb Code    10  misc.o(i.NVIC_PriorityGroupConfig)
    PWR_ClearFlag                            0x20001869   Thumb Code    12  stm32f2xx_pwr.o(i.PWR_ClearFlag)
    PWR_EnterSTANDBYMode                     0x20001879   Thumb Code    32  stm32f2xx_pwr.o(i.PWR_EnterSTANDBYMode)
    PWR_GetFlagStatus                        0x200018a1   Thumb Code    16  stm32f2xx_pwr.o(i.PWR_GetFlagStatus)
    RCC_AHB1PeriphClockCmd                   0x200018b5   Thumb Code    18  stm32f2xx_rcc.o(i.RCC_AHB1PeriphClockCmd)
    RCC_APB1PeriphClockCmd                   0x200018cd   Thumb Code    18  stm32f2xx_rcc.o(i.RCC_APB1PeriphClockCmd)
    RCC_APB2PeriphClockCmd                   0x200018e5   Thumb Code    18  stm32f2xx_rcc.o(i.RCC_APB2PeriphClockCmd)
    RCC_ClearFlag                            0x200018fd   Thumb Code    12  stm32f2xx_rcc.o(i.RCC_ClearFlag)
    RCC_GetClocksFreq                        0x2000190d   Thumb Code   132  stm32f2xx_rcc.o(i.RCC_GetClocksFreq)
    RCC_GetFlagStatus                        0x200019a1   Thumb Code    46  stm32f2xx_rcc.o(i.RCC_GetFlagStatus)
    RCC_GetSYSCLKSource                      0x200019d5   Thumb Code    10  stm32f2xx_rcc.o(i.RCC_GetSYSCLKSource)
    RCC_HCLKConfig                           0x200019e5   Thumb Code    14  stm32f2xx_rcc.o(i.RCC_HCLKConfig)
    RCC_HSEConfig                            0x200019f9   Thumb Code    10  stm32f2xx_rcc.o(i.RCC_HSEConfig)
    RCC_PCLK1Config                          0x20001a09   Thumb Code    14  stm32f2xx_rcc.o(i.RCC_PCLK1Config)
    RCC_PCLK2Config                          0x20001a1d   Thumb Code    16  stm32f2xx_rcc.o(i.RCC_PCLK2Config)
    RCC_PLLCmd                               0x20001a31   Thumb Code     6  stm32f2xx_rcc.o(i.RCC_PLLCmd)
    RCC_PLLConfig                            0x20001a3d   Thumb Code    30  stm32f2xx_rcc.o(i.RCC_PLLConfig)
    RCC_SYSCLKConfig                         0x20001a65   Thumb Code    14  stm32f2xx_rcc.o(i.RCC_SYSCLKConfig)
    RCC_WaitForHSEStartUp                    0x20001a79   Thumb Code    44  stm32f2xx_rcc.o(i.RCC_WaitForHSEStartUp)
    SerialDownload                           0x20001b65   Thumb Code   110  menu.o(i.SerialDownload)
    SerialUpload                             0x20001ce9   Thumb Code    64  menu.o(i.SerialUpload)
    Str2Int                                  0x20001d8d   Thumb Code   176  stringutils.o(i.Str2Int)
    SysTick_CLKSourceConfig                  0x20001e3d   Thumb Code    24  misc.o(i.SysTick_CLKSourceConfig)
    SysTick_Handler                          0x20001e55   Thumb Code    12  stm32f2xx_platform.o(i.SysTick_Handler)
    USART1_IRQHandler                        0x20001e65   Thumb Code    56  micodriveruart.o(i.USART1_IRQHandler)
    USART2_IRQHandler                        0x20001ea9   Thumb Code    56  micodriveruart.o(i.USART2_IRQHandler)
    USART6_IRQHandler                        0x20001eed   Thumb Code    58  micodriveruart.o(i.USART6_IRQHandler)
    USART_ClearFlag                          0x20001f35   Thumb Code     6  stm32f2xx_usart.o(i.USART_ClearFlag)
    USART_Cmd                                0x20001f3b   Thumb Code    20  stm32f2xx_usart.o(i.USART_Cmd)
    USART_DMACmd                             0x20001f4f   Thumb Code    16  stm32f2xx_usart.o(i.USART_DMACmd)
    USART_ITConfig                           0x20001f5f   Thumb Code    48  stm32f2xx_usart.o(i.USART_ITConfig)
    USART_Init                               0x20001f91   Thumb Code   164  stm32f2xx_usart.o(i.USART_Init)
    UpdateCRC16                              0x2000203d   Thumb Code    32  ymodem.o(i.UpdateCRC16)
    Ymodem_PrepareIntialPacket               0x2000205d   Thumb Code    88  ymodem.o(i.Ymodem_PrepareIntialPacket)
    Ymodem_PreparePacket                     0x200020b5   Thumb Code    82  ymodem.o(i.Ymodem_PreparePacket)
    Ymodem_Receive                           0x20002109   Thumb Code   422  ymodem.o(i.Ymodem_Receive)
    Ymodem_SendPacket                        0x200022b5   Thumb Code    26  ymodem.o(i.Ymodem_SendPacket)
    Ymodem_Transmit                          0x200022cf   Thumb Code   524  ymodem.o(i.Ymodem_Transmit)
    __0printf                                0x20002599   Thumb Code    22  printfa.o(i.__0printf)
    __1printf                                0x20002599   Thumb Code     0  printfa.o(i.__0printf)
    __2printf                                0x20002599   Thumb Code     0  printfa.o(i.__0printf)
    __c89printf                              0x20002599   Thumb Code     0  printfa.o(i.__0printf)
    printf                                   0x20002599   Thumb Code     0  printfa.o(i.__0printf)
    findCommandPara                          0x20002e4b   Thumb Code   154  menu.o(i.findCommandPara)
    fputc                                    0x20002ee5   Thumb Code    16  patch_keil.o(i.fputc)
    getline                                  0x20002ef5   Thumb Code   122  getline.o(i.getline)
    gpio_irq                                 0x20002f75   Thumb Code   142  gpio_irq.o(i.gpio_irq)
    init_architecture                        0x20003011   Thumb Code   154  stm32f2xx_platform.o(i.init_architecture)
    init_clocks                              0x200030c1   Thumb Code   102  stm32f2xx_platform.o(i.init_clocks)
    init_memory                              0x20003127   Thumb Code     2  stm32f2xx_platform.o(i.init_memory)
    init_platform_bootloader                 0x20003129   Thumb Code    50  platform.o(i.init_platform_bootloader)
    main                                     0x20003561   Thumb Code    52  bootloaderentrance.o(i.main)
    mico_get_time_no_os                      0x200035a9   Thumb Code     6  stm32f2xx_platform.o(i.mico_get_time_no_os)
    putc                                     0x20003649   Thumb Code     4  putc.o(i.putc)
    ring_buffer_consume                      0x2000364d   Thumb Code    20  ringbufferutils.o(i.ring_buffer_consume)
    ring_buffer_get_data                     0x20003661   Thumb Code    40  ringbufferutils.o(i.ring_buffer_get_data)
    ring_buffer_init                         0x20003689   Thumb Code    14  ringbufferutils.o(i.ring_buffer_init)
    ring_buffer_used_space                   0x20003697   Thumb Code    20  ringbufferutils.o(i.ring_buffer_used_space)
    startApplication                         0x200036ad   Thumb Code    54  stm32f2xx_platform.o(i.startApplication)
    update                                   0x200036f1   Thumb Code   510  update_for_ota.o(i.update)
    updateLogCheck                           0x20003915   Thumb Code   136  update_for_ota.o(i.updateLogCheck)
    wiced_gpio_input_get                     0x200039b5   Thumb Code    62  micodrivergpio.o(i.wiced_gpio_input_get)
    gpio_mapping                             0x20003a04   Data         348  platform.o(.constdata)
    uart_mapping                             0x20003b60   Data         184  platform.o(.constdata)
    menu                                     0x20008000   Data         209  bootloaderentrance.o(.data)
    MEMMAP                                   0x200080d1   Data         371  menu.o(.data)
    ERROR_STR                                0x20008244   Data          18  menu.o(.data)
    __stdout                                 0x20008264   Data           4  patch_keil.o(.data)
    SystemCoreClock                          0x20008268   Data           4  system_stm32f2xx.o(.data)
    AHBPrescTable                            0x2000826c   Data          16  system_stm32f2xx.o(.data)
    flash_name                               0x200082bc   Data           8  micodriverflash.o(.data)
    tab_1024                                 0x200082c4   Data        1024  menu.o(.bss)
    FileName                                 0x200086c4   Data         256  menu.o(.bss)
    __initial_sp                             0x20010908   Data           0  startup_stm32f2xx_bootloader_rvmdk.o(STACK)



==============================================================================

Memory Map of the image

  Image Entry point : 0x08000189

  Load Region LR_IROM1 (Base: 0x08000000, Size: 0x00004114, Max: 0x00004000, ABSOLUTE, COMPRESSED[0x00003fcc])

    Execution Region ER_IROM1 (Base: 0x08000000, Size: 0x0000022c, Max: 0x00004000, ABSOLUTE)

    Base Addr    Size         Type   Attr      Idx    E Section Name        Object

    0x08000000   0x00000188   Data   RO         4276    RESET               startup_stm32f2xx_bootloader_rvmdk.o
    0x08000188   0x00000000   Code   RO         5051  * .ARM.Collect$$$$00000000  mc_w.l(entry.o)
    0x08000188   0x00000004   Code   RO         5393    .ARM.Collect$$$$00000001  mc_w.l(entry2.o)
    0x0800018c   0x00000004   Code   RO         5396    .ARM.Collect$$$$00000004  mc_w.l(entry5.o)
    0x08000190   0x00000000   Code   RO         5398    .ARM.Collect$$$$00000008  mc_w.l(entry7b.o)
    0x08000190   0x00000000   Code   RO         5400    .ARM.Collect$$$$0000000A  mc_w.l(entry8b.o)
    0x08000190   0x00000008   Code   RO         5401    .ARM.Collect$$$$0000000B  mc_w.l(entry9a.o)
    0x08000198   0x00000000   Code   RO         5403    .ARM.Collect$$$$0000000D  mc_w.l(entry10a.o)
    0x08000198   0x00000000   Code   RO         5405    .ARM.Collect$$$$0000000F  mc_w.l(entry11a.o)
    0x08000198   0x00000004   Code   RO         5394    .ARM.Collect$$$$00002712  mc_w.l(entry2.o)
    0x0800019c   0x0000001c   Code   RO         4277    .text               startup_stm32f2xx_bootloader_rvmdk.o
    0x080001b8   0x00000024   Code   RO         5424    .text               mc_w.l(init.o)
    0x080001dc   0x0000000e   Code   RO         5436    i.__scatterload_copy  mc_w.l(handlers.o)
    0x080001ea   0x00000002   Code   RO         5437    i.__scatterload_null  mc_w.l(handlers.o)
    0x080001ec   0x0000000e   Code   RO         5438    i.__scatterload_zeroinit  mc_w.l(handlers.o)
    0x080001fa   0x00000002   PAD
    0x080001fc   0x00000030   Data   RO         5434    Region$$Table       anon$$obj.o


    Execution Region ER_IROM2 (Base: 0x20000000, Size: 0x00003c24, Max: 0x00004000, ABSOLUTE)

    Base Addr    Size         Type   Attr      Idx    E Section Name        Object

    0x20000000   0x00000012   Code   RO         4467    .emb_text           stm32f2xx_platform.o
    0x20000012   0x0000000c   Code   RO         5084    .text               mc_w.l(toupper.o)
    0x2000001e   0x00000024   Code   RO         5088    .text               mc_w.l(memcpya.o)
    0x20000042   0x00000024   Code   RO         5090    .text               mc_w.l(memseta.o)
    0x20000066   0x0000001c   Code   RO         5096    .text               mc_w.l(strcmp.o)
    0x20000082   0x0000001a   Code   RO         5098    .text               mc_w.l(memcmp.o)
    0x2000009c   0x0000002c   Code   RO         5407    .text               mc_w.l(uidiv.o)
    0x200000c8   0x00000062   Code   RO         5409    .text               mc_w.l(uldiv.o)
    0x2000012a   0x00000000   Code   RO         5413    .text               mc_w.l(iusefp.o)
    0x2000012a   0x0000014e   Code   RO         5414    .text               mf_w.l(dadd.o)
    0x20000278   0x000000e4   Code   RO         5416    .text               mf_w.l(dmul.o)
    0x2000035c   0x000000de   Code   RO         5418    .text               mf_w.l(ddiv.o)
    0x2000043a   0x00000030   Code   RO         5420    .text               mf_w.l(dfixul.o)
    0x2000046a   0x00000002   PAD
    0x2000046c   0x00000028   Code   RO         5422    .text               mf_w.l(cdrcmple.o)
    0x20000494   0x0000001e   Code   RO         5426    .text               mc_w.l(llshl.o)
    0x200004b2   0x00000020   Code   RO         5428    .text               mc_w.l(llushr.o)
    0x200004d2   0x00000024   Code   RO         5430    .text               mc_w.l(llsshr.o)
    0x200004f6   0x000000b6   Code   RO         5432    .text               mf_w.l(depilogue.o)
    0x200005ac   0x00000056   Code   RO         5442    .text               mc_w.l(__dczerorl2.o)
    0x20000602   0x00000014   Code   RO          213    i.CalChecksum       ymodem.o
    0x20000616   0x00000026   Code   RO          214    i.Cal_CRC16         ymodem.o
    0x2000063c   0x0000003c   Code   RO         4356    i.DMA1_Stream5_IRQHandler  micodriveruart.o
    0x20000678   0x00000040   Code   RO         4357    i.DMA1_Stream6_IRQHandler  micodriveruart.o
    0x200006b8   0x00000044   Code   RO         4358    i.DMA2_Stream1_IRQHandler  micodriveruart.o
    0x200006fc   0x00000040   Code   RO         4359    i.DMA2_Stream2_IRQHandler  micodriveruart.o
    0x2000073c   0x0000004c   Code   RO         4360    i.DMA2_Stream6_IRQHandler  micodriveruart.o
    0x20000788   0x00000048   Code   RO         4361    i.DMA2_Stream7_IRQHandler  micodriveruart.o
    0x200007d0   0x00000014   Code   RO         1360    i.DMA_Cmd           stm32f2xx_dma.o
    0x200007e4   0x00000124   Code   RO         1361    i.DMA_DeInit        stm32f2xx_dma.o
    0x20000908   0x0000002c   Code   RO         1371    i.DMA_ITConfig      stm32f2xx_dma.o
    0x20000934   0x00000054   Code   RO         1372    i.DMA_Init          stm32f2xx_dma.o
    0x20000988   0x00000004   Code   RO         4820    i.EXTI0_IRQHandler  gpio_irq.o
    0x2000098c   0x00000004   Code   RO         4821    i.EXTI15_10_IRQHandler  gpio_irq.o
    0x20000990   0x00000004   Code   RO         4822    i.EXTI1_IRQHandler  gpio_irq.o
    0x20000994   0x00000004   Code   RO         4823    i.EXTI2_IRQHandler  gpio_irq.o
    0x20000998   0x00000004   Code   RO         4824    i.EXTI3_IRQHandler  gpio_irq.o
    0x2000099c   0x00000004   Code   RO         4825    i.EXTI4_IRQHandler  gpio_irq.o
    0x200009a0   0x00000004   Code   RO         4826    i.EXTI9_5_IRQHandler  gpio_irq.o
    0x200009a4   0x0000000c   Code   RO         1546    i.FLASH_ClearFlag   stm32f2xx_flash.o
    0x200009b0   0x0000006c   Code   RO         1550    i.FLASH_EraseSector  stm32f2xx_flash.o
    0x20000a1c   0x00000034   Code   RO         1552    i.FLASH_GetStatus   stm32f2xx_flash.o
    0x20000a50   0x00000010   Code   RO         1556    i.FLASH_Lock        stm32f2xx_flash.o
    0x20000a60   0x0000001c   Code   RO         1568    i.FLASH_PrefetchBufferCmd  stm32f2xx_flash.o
    0x20000a7c   0x00000038   Code   RO         1569    i.FLASH_ProgramByte  stm32f2xx_flash.o
    0x20000ab4   0x0000003c   Code   RO         1572    i.FLASH_ProgramWord  stm32f2xx_flash.o
    0x20000af0   0x0000000c   Code   RO         1573    i.FLASH_SetLatency  stm32f2xx_flash.o
    0x20000afc   0x00000024   Code   RO         1574    i.FLASH_Unlock      stm32f2xx_flash.o
    0x20000b20   0x0000001e   Code   RO         1575    i.FLASH_WaitForLastOperation  stm32f2xx_flash.o
    0x20000b3e   0x00000078   Code   RO         1867    i.GPIO_Init         stm32f2xx_gpio.o
    0x20000bb6   0x00000020   Code   RO         1868    i.GPIO_PinAFConfig  stm32f2xx_gpio.o
    0x20000bd6   0x0000000e   Code   RO         1871    i.GPIO_ReadInputDataBit  stm32f2xx_gpio.o
    0x20000be4   0x00000004   Code   RO         1874    i.GPIO_ResetBits    stm32f2xx_gpio.o
    0x20000be8   0x00000004   Code   RO         1875    i.GPIO_SetBits      stm32f2xx_gpio.o
    0x20000bec   0x00000010   Code   RO         2341    i.IWDG_ReloadCounter  stm32f2xx_iwdg.o
    0x20000bfc   0x00000040   Code   RO          398    i.Int2Str           stringutils.o
    0x20000c3c   0x00000028   Code   RO         4468    i.MCU_CLOCKS_NEEDED  stm32f2xx_platform.o
    0x20000c64   0x00000028   Code   RO         4469    i.MCU_CLOCKS_NOT_NEEDED  stm32f2xx_platform.o
    0x20000c8c   0x0000078c   Code   RO          138    i.Main_Menu         menu.o
    0x20001418   0x00000054   Code   RO         4709    i.MicoFlashErase    micodriverflash.o
    0x2000146c   0x00000018   Code   RO         4710    i.MicoFlashFinalize  micodriverflash.o
    0x20001484   0x0000001c   Code   RO         4711    i.MicoFlashInitialize  micodriverflash.o
    0x200014a0   0x00000040   Code   RO         4712    i.MicoFlashRead     micodriverflash.o
    0x200014e0   0x00000038   Code   RO         4713    i.MicoFlashWrite    micodriverflash.o
    0x20001518   0x00000090   Code   RO         4285    i.MicoGpioInitialize  micodrivergpio.o
    0x200015a8   0x00000040   Code   RO         4286    i.MicoGpioOutputHigh  micodrivergpio.o
    0x200015e8   0x00000040   Code   RO         4287    i.MicoGpioOutputLow  micodrivergpio.o
    0x20001628   0x0000000c   Code   RO         4470    i.MicoMcuPowerSaveConfig  stm32f2xx_platform.o
    0x20001634   0x0000001a   Code   RO         4955    i.MicoShouldEnterBootloader  platform.o
    0x2000164e   0x0000001a   Code   RO         4956    i.MicoShouldEnterMFGMode  platform.o
    0x20001668   0x0000000a   Code   RO         4362    i.MicoStdioUartInitialize  micodriveruart.o
    0x20001672   0x00000002   PAD
    0x20001674   0x00000020   Code   RO         4471    i.MicoSystemReboot  stm32f2xx_platform.o
    0x20001694   0x000000bc   Code   RO         4366    i.MicoUartRecv      micodriveruart.o
    0x20001750   0x000000a0   Code   RO         4367    i.MicoUartSend      micodriveruart.o
    0x200017f0   0x00000064   Code   RO          652    i.NVIC_Init         misc.o
    0x20001854   0x00000014   Code   RO          653    i.NVIC_PriorityGroupConfig  misc.o
    0x20001868   0x00000010   Code   RO         2390    i.PWR_ClearFlag     stm32f2xx_pwr.o
    0x20001878   0x00000028   Code   RO         2392    i.PWR_EnterSTANDBYMode  stm32f2xx_pwr.o
    0x200018a0   0x00000014   Code   RO         2395    i.PWR_GetFlagStatus  stm32f2xx_pwr.o
    0x200018b4   0x00000018   Code   RO         2467    i.RCC_AHB1PeriphClockCmd  stm32f2xx_rcc.o
    0x200018cc   0x00000018   Code   RO         2476    i.RCC_APB1PeriphClockCmd  stm32f2xx_rcc.o
    0x200018e4   0x00000018   Code   RO         2479    i.RCC_APB2PeriphClockCmd  stm32f2xx_rcc.o
    0x200018fc   0x00000010   Code   RO         2484    i.RCC_ClearFlag     stm32f2xx_rcc.o
    0x2000190c   0x00000094   Code   RO         2488    i.RCC_GetClocksFreq  stm32f2xx_rcc.o
    0x200019a0   0x00000034   Code   RO         2489    i.RCC_GetFlagStatus  stm32f2xx_rcc.o
    0x200019d4   0x00000010   Code   RO         2491    i.RCC_GetSYSCLKSource  stm32f2xx_rcc.o
    0x200019e4   0x00000014   Code   RO         2492    i.RCC_HCLKConfig    stm32f2xx_rcc.o
    0x200019f8   0x00000010   Code   RO         2493    i.RCC_HSEConfig     stm32f2xx_rcc.o
    0x20001a08   0x00000014   Code   RO         2501    i.RCC_PCLK1Config   stm32f2xx_rcc.o
    0x20001a1c   0x00000014   Code   RO         2502    i.RCC_PCLK2Config   stm32f2xx_rcc.o
    0x20001a30   0x0000000c   Code   RO         2503    i.RCC_PLLCmd        stm32f2xx_rcc.o
    0x20001a3c   0x00000028   Code   RO         2504    i.RCC_PLLConfig     stm32f2xx_rcc.o
    0x20001a64   0x00000014   Code   RO         2509    i.RCC_SYSCLKConfig  stm32f2xx_rcc.o
    0x20001a78   0x0000002c   Code   RO         2510    i.RCC_WaitForHSEStartUp  stm32f2xx_rcc.o
    0x20001aa4   0x00000018   Code   RO          215    i.Receive_Byte      ymodem.o
    0x20001abc   0x00000098   Code   RO          216    i.Receive_Packet    ymodem.o
    0x20001b54   0x00000010   Code   RO          217    i.Send_Byte         ymodem.o
    0x20001b64   0x00000184   Code   RO          139    i.SerialDownload    menu.o
    0x20001ce8   0x000000a4   Code   RO          140    i.SerialUpload      menu.o
    0x20001d8c   0x000000b0   Code   RO          399    i.Str2Int           stringutils.o
    0x20001e3c   0x00000018   Code   RO          656    i.SysTick_CLKSourceConfig  misc.o
    0x20001e54   0x00000010   Code   RO         4474    i.SysTick_Handler   stm32f2xx_platform.o
    0x20001e64   0x00000044   Code   RO         4368    i.USART1_IRQHandler  micodriveruart.o
    0x20001ea8   0x00000044   Code   RO         4369    i.USART2_IRQHandler  micodriveruart.o
    0x20001eec   0x00000048   Code   RO         4370    i.USART6_IRQHandler  micodriveruart.o
    0x20001f34   0x00000006   Code   RO         4027    i.USART_ClearFlag   stm32f2xx_usart.o
    0x20001f3a   0x00000014   Code   RO         4031    i.USART_Cmd         stm32f2xx_usart.o
    0x20001f4e   0x00000010   Code   RO         4032    i.USART_DMACmd      stm32f2xx_usart.o
    0x20001f5e   0x00000030   Code   RO         4037    i.USART_ITConfig    stm32f2xx_usart.o
    0x20001f8e   0x00000002   PAD
    0x20001f90   0x000000ac   Code   RO         4038    i.USART_Init        stm32f2xx_usart.o
    0x2000203c   0x00000020   Code   RO          218    i.UpdateCRC16       ymodem.o
    0x2000205c   0x00000058   Code   RO          220    i.Ymodem_PrepareIntialPacket  ymodem.o
    0x200020b4   0x00000052   Code   RO          221    i.Ymodem_PreparePacket  ymodem.o
    0x20002106   0x00000002   PAD
    0x20002108   0x000001ac   Code   RO          222    i.Ymodem_Receive    ymodem.o
    0x200022b4   0x0000001a   Code   RO          223    i.Ymodem_SendPacket  ymodem.o
    0x200022ce   0x0000020c   Code   RO          224    i.Ymodem_Transmit   ymodem.o
    0x200024da   0x00000002   PAD
    0x200024dc   0x000000bc   Code   RO         4714    i._GetSector        micodriverflash.o
    0x20002598   0x00000020   Code   RO         5335    i.__0printf         mc_w.l(printfa.o)
    0x200025b8   0x00000164   Code   RO         5342    i._fp_digits        mc_w.l(printfa.o)
    0x2000271c   0x000006dc   Code   RO         5343    i._printf_core      mc_w.l(printfa.o)
    0x20002df8   0x00000024   Code   RO         5344    i._printf_post_padding  mc_w.l(printfa.o)
    0x20002e1c   0x0000002e   Code   RO         5345    i._printf_pre_padding  mc_w.l(printfa.o)
    0x20002e4a   0x0000009a   Code   RO          141    i.findCommandPara   menu.o
    0x20002ee4   0x00000010   Code   RO          294    i.fputc             patch_keil.o
    0x20002ef4   0x00000080   Code   RO          113    i.getline           getline.o
    0x20002f74   0x0000009c   Code   RO         4827    i.gpio_irq          gpio_irq.o
    0x20003010   0x000000b0   Code   RO         4475    i.init_architecture  stm32f2xx_platform.o
    0x200030c0   0x00000066   Code   RO         4476    i.init_clocks       stm32f2xx_platform.o
    0x20003126   0x00000002   Code   RO         4477    i.init_memory       stm32f2xx_platform.o
    0x20003128   0x00000032   Code   RO         4964    i.init_platform_bootloader  platform.o
    0x2000315a   0x00000002   PAD
    0x2000315c   0x00000054   Code   RO         4717    i.internalFlashByteWrite  micodriverflash.o
    0x200031b0   0x0000008c   Code   RO         4718    i.internalFlashWrite  micodriverflash.o
    0x2000323c   0x00000324   Code   RO         4371    i.internal_uart_init  micodriveruart.o
    0x20003560   0x00000048   Code   RO            1    i.main              bootloaderentrance.o
    0x200035a8   0x0000000c   Code   RO         4478    i.mico_get_time_no_os  stm32f2xx_platform.o
    0x200035b4   0x00000094   Code   RO         4372    i.platform_uart_receive_bytes  micodriveruart.o
    0x20003648   0x00000004   Code   RO         5054    i.putc              mc_w.l(putc.o)
    0x2000364c   0x00000014   Code   RO          505    i.ring_buffer_consume  ringbufferutils.o
    0x20003660   0x00000028   Code   RO          508    i.ring_buffer_get_data  ringbufferutils.o
    0x20003688   0x0000000e   Code   RO          509    i.ring_buffer_init  ringbufferutils.o
    0x20003696   0x00000014   Code   RO          510    i.ring_buffer_used_space  ringbufferutils.o
    0x200036aa   0x00000002   PAD
    0x200036ac   0x00000044   Code   RO         4483    i.startApplication  stm32f2xx_platform.o
    0x200036f0   0x00000224   Code   RO          189    i.update            update_for_ota.o
    0x20003914   0x000000a0   Code   RO          190    i.updateLogCheck    update_for_ota.o
    0x200039b4   0x00000044   Code   RO         4289    i.wiced_gpio_input_get  micodrivergpio.o
    0x200039f8   0x0000000c   Data   RO         4487    .constdata          stm32f2xx_platform.o
    0x20003a04   0x0000015c   Data   RO         4968    .constdata          platform.o
    0x20003b60   0x000000b8   Data   RO         4972    .constdata          platform.o
    0x20003c18   0x00000009   Data   RO         4719    .conststring        micodriverflash.o


    Execution Region RW_IRAM1 (Base: 0x20008000, Size: 0x00008908, Max: 0x00012000, ABSOLUTE, COMPRESSED[0x0000017c])

    Base Addr    Size         Type   Attr      Idx    E Section Name        Object

    0x20008000   0x000000d1   Data   RW            2    .data               bootloaderentrance.o
    0x200080d1   0x00000185   Data   RW          143    .data               menu.o
    0x20008256   0x00000002   PAD
    0x20008258   0x0000000c   Data   RW          192    .data               update_for_ota.o
    0x20008264   0x00000004   Data   RW          300    .data               patch_keil.o
    0x20008268   0x00000014   Data   RW          557    .data               system_stm32f2xx.o
    0x2000827c   0x00000010   Data   RW         2511    .data               stm32f2xx_rcc.o
    0x2000828c   0x00000030   Data   RW         4488    .data               stm32f2xx_platform.o
    0x200082bc   0x00000008   Data   RW         4720    .data               micodriverflash.o
    0x200082c4   0x00000500   Zero   RW          142    .bss                menu.o
    0x200087c4   0x00006000   Zero   RW          191    .bss                update_for_ota.o
    0x2000e7c4   0x00000030   Zero   RW         4373    .bss                micodriveruart.o
    0x2000e7f4   0x00000050   Zero   RW         4485    .bss                stm32f2xx_platform.o
    0x2000e844   0x000000c0   Zero   RW         4830    .bss                gpio_irq.o
    0x2000e904   0x00000004   PAD
    0x2000e908   0x00002000   Zero   RW         4274    STACK               startup_stm32f2xx_bootloader_rvmdk.o


==============================================================================

Image component sizes


      Code (inc. data)   RO Data    RW Data    ZI Data      Debug   Object Name

        72         20          0        209          0      23358   bootloaderentrance.o
       128          6          0          0          0      13334   getline.o
       184         14          0          0        192       5390   gpio_irq.o
      2638       1354          0        389       1280       5530   menu.o
       668         82          9          8          0       8325   micodriverflash.o
       340         36          0          0          0       4401   micodrivergpio.o
      1922        148          0          0         48      11240   micodriveruart.o
       144         14          0          0          0       4537   misc.o
        16          0          0          4          0       2510   patch_keil.o
       102          0        532          0          0       5689   platform.o
        94          0          0          0          0       2957   ringbufferutils.o
        28          4        392          0       8192        960   startup_stm32f2xx_bootloader_rvmdk.o
       440         24          0          0          0      17401   stm32f2xx_dma.o
       410         54          0          0          0      13450   stm32f2xx_flash.o
       174          0          0          0          0      10707   stm32f2xx_gpio.o
        16          6          0          0          0        641   stm32f2xx_iwdg.o
       518         70         12         48         80     259324   stm32f2xx_platform.o
        76         16          0          0          0       2015   stm32f2xx_pwr.o
       496         94          0         16          0      25758   stm32f2xx_rcc.o
       262          8          0          0          0      10831   stm32f2xx_usart.o
       240          4          0          0          0       2402   stringutils.o
         0          0          0         20          0     274280   system_stm32f2xx.o
       708         62          0         12      24576       3650   update_for_ota.o
      1430         10          0          0          0       9052   ymodem.o

    ----------------------------------------------------------------------
     11118       2026        996        708      34372     717742   Object Totals
         0          0         48          0          0          0   (incl. Generated)
        12          0          3          2          4          0   (incl. Padding)

    ----------------------------------------------------------------------

      Code (inc. data)   RO Data    RW Data    ZI Data      Debug   Library Member Name

        86          0          0          0          0          0   __dczerorl2.o
         0          0          0          0          0          0   entry.o
         0          0          0          0          0          0   entry10a.o
         0          0          0          0          0          0   entry11a.o
         8          4          0          0          0          0   entry2.o
         4          0          0          0          0          0   entry5.o
         0          0          0          0          0          0   entry7b.o
         0          0          0          0          0          0   entry8b.o
         8          4          0          0          0          0   entry9a.o
        30          0          0          0          0          0   handlers.o
        36          8          0          0          0         68   init.o
         0          0          0          0          0          0   iusefp.o
        30          0          0          0          0         68   llshl.o
        36          0          0          0          0         68   llsshr.o
        32          0          0          0          0         68   llushr.o
        26          0          0          0          0         80   memcmp.o
        36          0          0          0          0         68   memcpya.o
        36          0          0          0          0        108   memseta.o
      2226         90          0          0          0        444   printfa.o
         4          0          0          0          0         68   putc.o
        28          0          0          0          0         76   strcmp.o
        12          0          0          0          0         68   toupper.o
        44          0          0          0          0         80   uidiv.o
        98          0          0          0          0         92   uldiv.o
        40          2          0          0          0         68   cdrcmple.o
       334          0          0          0          0        148   dadd.o
       222          0          0          0          0        100   ddiv.o
       182          0          0          0          0        176   depilogue.o
        48          0          0          0          0         68   dfixul.o
       228          0          0          0          0         96   dmul.o

    ----------------------------------------------------------------------
      3838        108          0          0          0       2012   Library Totals
         4          0          0          0          0          0   (incl. Padding)

    ----------------------------------------------------------------------

      Code (inc. data)   RO Data    RW Data    ZI Data      Debug   Library Name

      2780        106          0          0          0       1356   mc_w.l
      1054          2          0          0          0        656   mf_w.l

    ----------------------------------------------------------------------
      3838        108          0          0          0       2012   Library Totals

    ----------------------------------------------------------------------

==============================================================================


      Code (inc. data)   RO Data    RW Data    ZI Data      Debug   

     14956       2134        996        708      34372     707698   Grand Totals
     14956       2134        996        380      34372     707698   ELF Image Totals (compressed)
     14956       2134        996        380          0          0   ROM Totals

==============================================================================

    Total RO  Size (Code + RO Data)                15952 (  15.58kB)
    Total RW  Size (RW Data + ZI Data)             35080 (  34.26kB)
    Total ROM Size (Code + RO Data + RW Data)      16332 (  15.95kB)

==============================================================================

