<!doctype html public "-//w3c//dtd html 4.0 transitional//en">
<html><head>
<title>Static Call Graph - [..\..\..\Build\Bootloader\EMW3162\Obj_RVMDK\bootloader.axf]</title></head>
<body><HR>
<H1>Static Call Graph for image ..\..\..\Build\Bootloader\EMW3162\Obj_RVMDK\bootloader.axf</H1><HR>
<BR><P>#&#060CALLGRAPH&#062# ARM Linker, 5040049: Last Updated: Fri Feb 27 14:03:59 2015
<BR><P>
<H3>Maximum Stack Usage =       1728 bytes + Unknown(Cycles, Untraceable Function Pointers)</H3><H3>
Call chain for Maximum Stack Depth:</H3>
main &rArr; Main_Menu &rArr; SerialUpload &rArr; Ymodem_Transmit &rArr; Receive_Byte &rArr; MicoUartRecv &rArr; platform_uart_receive_bytes &rArr; USART_ITConfig
<P>
<H3>
Mutually Recursive functions
</H3> <LI><a href="#[1]">NMI_Handler</a>&nbsp;&nbsp;&nbsp;&rArr;&nbsp;&nbsp;&nbsp;<a href="#[1]">NMI_Handler</a><BR>
 <LI><a href="#[2]">HardFault_Handler</a>&nbsp;&nbsp;&nbsp;&rArr;&nbsp;&nbsp;&nbsp;<a href="#[2]">HardFault_Handler</a><BR>
 <LI><a href="#[3]">MemManage_Handler</a>&nbsp;&nbsp;&nbsp;&rArr;&nbsp;&nbsp;&nbsp;<a href="#[3]">MemManage_Handler</a><BR>
 <LI><a href="#[4]">BusFault_Handler</a>&nbsp;&nbsp;&nbsp;&rArr;&nbsp;&nbsp;&nbsp;<a href="#[4]">BusFault_Handler</a><BR>
 <LI><a href="#[5]">UsageFault_Handler</a>&nbsp;&nbsp;&nbsp;&rArr;&nbsp;&nbsp;&nbsp;<a href="#[5]">UsageFault_Handler</a><BR>
 <LI><a href="#[6]">SVC_Handler</a>&nbsp;&nbsp;&nbsp;&rArr;&nbsp;&nbsp;&nbsp;<a href="#[6]">SVC_Handler</a><BR>
 <LI><a href="#[7]">DebugMon_Handler</a>&nbsp;&nbsp;&nbsp;&rArr;&nbsp;&nbsp;&nbsp;<a href="#[7]">DebugMon_Handler</a><BR>
 <LI><a href="#[8]">PendSV_Handler</a>&nbsp;&nbsp;&nbsp;&rArr;&nbsp;&nbsp;&nbsp;<a href="#[8]">PendSV_Handler</a><BR>
 <LI><a href="#[1c]">ADC_IRQHandler</a>&nbsp;&nbsp;&nbsp;&rArr;&nbsp;&nbsp;&nbsp;<a href="#[1c]">ADC_IRQHandler</a><BR>
</UL>
<P>
<H3>
Function Pointers
</H3><UL>
 <LI><a href="#[1c]">ADC_IRQHandler</a> from startup_stm32f2xx_bootloader_rvmdk.o(.text) referenced from startup_stm32f2xx_bootloader_rvmdk.o(RESET)
 <LI><a href="#[4]">BusFault_Handler</a> from startup_stm32f2xx_bootloader_rvmdk.o(.text) referenced from startup_stm32f2xx_bootloader_rvmdk.o(RESET)
 <LI><a href="#[1e]">CAN1_RX0_IRQHandler</a> from startup_stm32f2xx_bootloader_rvmdk.o(.text) referenced from startup_stm32f2xx_bootloader_rvmdk.o(RESET)
 <LI><a href="#[1f]">CAN1_RX1_IRQHandler</a> from startup_stm32f2xx_bootloader_rvmdk.o(.text) referenced from startup_stm32f2xx_bootloader_rvmdk.o(RESET)
 <LI><a href="#[20]">CAN1_SCE_IRQHandler</a> from startup_stm32f2xx_bootloader_rvmdk.o(.text) referenced from startup_stm32f2xx_bootloader_rvmdk.o(RESET)
 <LI><a href="#[1d]">CAN1_TX_IRQHandler</a> from startup_stm32f2xx_bootloader_rvmdk.o(.text) referenced from startup_stm32f2xx_bootloader_rvmdk.o(RESET)
 <LI><a href="#[4a]">CAN2_RX0_IRQHandler</a> from startup_stm32f2xx_bootloader_rvmdk.o(.text) referenced from startup_stm32f2xx_bootloader_rvmdk.o(RESET)
 <LI><a href="#[4b]">CAN2_RX1_IRQHandler</a> from startup_stm32f2xx_bootloader_rvmdk.o(.text) referenced from startup_stm32f2xx_bootloader_rvmdk.o(RESET)
 <LI><a href="#[4c]">CAN2_SCE_IRQHandler</a> from startup_stm32f2xx_bootloader_rvmdk.o(.text) referenced from startup_stm32f2xx_bootloader_rvmdk.o(RESET)
 <LI><a href="#[49]">CAN2_TX_IRQHandler</a> from startup_stm32f2xx_bootloader_rvmdk.o(.text) referenced from startup_stm32f2xx_bootloader_rvmdk.o(RESET)
 <LI><a href="#[59]">CRYP_IRQHandler</a> from startup_stm32f2xx_bootloader_rvmdk.o(.text) referenced from startup_stm32f2xx_bootloader_rvmdk.o(RESET)
 <LI><a href="#[58]">DCMI_IRQHandler</a> from startup_stm32f2xx_bootloader_rvmdk.o(.text) referenced from startup_stm32f2xx_bootloader_rvmdk.o(RESET)
 <LI><a href="#[15]">DMA1_Stream0_IRQHandler</a> from startup_stm32f2xx_bootloader_rvmdk.o(.text) referenced from startup_stm32f2xx_bootloader_rvmdk.o(RESET)
 <LI><a href="#[16]">DMA1_Stream1_IRQHandler</a> from startup_stm32f2xx_bootloader_rvmdk.o(.text) referenced from startup_stm32f2xx_bootloader_rvmdk.o(RESET)
 <LI><a href="#[17]">DMA1_Stream2_IRQHandler</a> from startup_stm32f2xx_bootloader_rvmdk.o(.text) referenced from startup_stm32f2xx_bootloader_rvmdk.o(RESET)
 <LI><a href="#[18]">DMA1_Stream3_IRQHandler</a> from startup_stm32f2xx_bootloader_rvmdk.o(.text) referenced from startup_stm32f2xx_bootloader_rvmdk.o(RESET)
 <LI><a href="#[19]">DMA1_Stream4_IRQHandler</a> from startup_stm32f2xx_bootloader_rvmdk.o(.text) referenced from startup_stm32f2xx_bootloader_rvmdk.o(RESET)
 <LI><a href="#[1a]">DMA1_Stream5_IRQHandler</a> from micodriveruart.o(i.DMA1_Stream5_IRQHandler) referenced from startup_stm32f2xx_bootloader_rvmdk.o(RESET)
 <LI><a href="#[1b]">DMA1_Stream6_IRQHandler</a> from micodriveruart.o(i.DMA1_Stream6_IRQHandler) referenced from startup_stm32f2xx_bootloader_rvmdk.o(RESET)
 <LI><a href="#[39]">DMA1_Stream7_IRQHandler</a> from startup_stm32f2xx_bootloader_rvmdk.o(.text) referenced from startup_stm32f2xx_bootloader_rvmdk.o(RESET)
 <LI><a href="#[42]">DMA2_Stream0_IRQHandler</a> from startup_stm32f2xx_bootloader_rvmdk.o(.text) referenced from startup_stm32f2xx_bootloader_rvmdk.o(RESET)
 <LI><a href="#[43]">DMA2_Stream1_IRQHandler</a> from micodriveruart.o(i.DMA2_Stream1_IRQHandler) referenced from startup_stm32f2xx_bootloader_rvmdk.o(RESET)
 <LI><a href="#[44]">DMA2_Stream2_IRQHandler</a> from micodriveruart.o(i.DMA2_Stream2_IRQHandler) referenced from startup_stm32f2xx_bootloader_rvmdk.o(RESET)
 <LI><a href="#[45]">DMA2_Stream3_IRQHandler</a> from startup_stm32f2xx_bootloader_rvmdk.o(.text) referenced from startup_stm32f2xx_bootloader_rvmdk.o(RESET)
 <LI><a href="#[46]">DMA2_Stream4_IRQHandler</a> from startup_stm32f2xx_bootloader_rvmdk.o(.text) referenced from startup_stm32f2xx_bootloader_rvmdk.o(RESET)
 <LI><a href="#[4e]">DMA2_Stream5_IRQHandler</a> from startup_stm32f2xx_bootloader_rvmdk.o(.text) referenced from startup_stm32f2xx_bootloader_rvmdk.o(RESET)
 <LI><a href="#[4f]">DMA2_Stream6_IRQHandler</a> from micodriveruart.o(i.DMA2_Stream6_IRQHandler) referenced from startup_stm32f2xx_bootloader_rvmdk.o(RESET)
 <LI><a href="#[50]">DMA2_Stream7_IRQHandler</a> from micodriveruart.o(i.DMA2_Stream7_IRQHandler) referenced from startup_stm32f2xx_bootloader_rvmdk.o(RESET)
 <LI><a href="#[7]">DebugMon_Handler</a> from startup_stm32f2xx_bootloader_rvmdk.o(.text) referenced from startup_stm32f2xx_bootloader_rvmdk.o(RESET)
 <LI><a href="#[47]">ETH_IRQHandler</a> from startup_stm32f2xx_bootloader_rvmdk.o(.text) referenced from startup_stm32f2xx_bootloader_rvmdk.o(RESET)
 <LI><a href="#[48]">ETH_WKUP_IRQHandler</a> from startup_stm32f2xx_bootloader_rvmdk.o(.text) referenced from startup_stm32f2xx_bootloader_rvmdk.o(RESET)
 <LI><a href="#[10]">EXTI0_IRQHandler</a> from gpio_irq.o(i.EXTI0_IRQHandler) referenced from startup_stm32f2xx_bootloader_rvmdk.o(RESET)
 <LI><a href="#[32]">EXTI15_10_IRQHandler</a> from gpio_irq.o(i.EXTI15_10_IRQHandler) referenced from startup_stm32f2xx_bootloader_rvmdk.o(RESET)
 <LI><a href="#[11]">EXTI1_IRQHandler</a> from gpio_irq.o(i.EXTI1_IRQHandler) referenced from startup_stm32f2xx_bootloader_rvmdk.o(RESET)
 <LI><a href="#[12]">EXTI2_IRQHandler</a> from gpio_irq.o(i.EXTI2_IRQHandler) referenced from startup_stm32f2xx_bootloader_rvmdk.o(RESET)
 <LI><a href="#[13]">EXTI3_IRQHandler</a> from gpio_irq.o(i.EXTI3_IRQHandler) referenced from startup_stm32f2xx_bootloader_rvmdk.o(RESET)
 <LI><a href="#[14]">EXTI4_IRQHandler</a> from gpio_irq.o(i.EXTI4_IRQHandler) referenced from startup_stm32f2xx_bootloader_rvmdk.o(RESET)
 <LI><a href="#[21]">EXTI9_5_IRQHandler</a> from gpio_irq.o(i.EXTI9_5_IRQHandler) referenced from startup_stm32f2xx_bootloader_rvmdk.o(RESET)
 <LI><a href="#[e]">FLASH_IRQHandler</a> from startup_stm32f2xx_bootloader_rvmdk.o(.text) referenced from startup_stm32f2xx_bootloader_rvmdk.o(RESET)
 <LI><a href="#[3a]">FSMC_IRQHandler</a> from startup_stm32f2xx_bootloader_rvmdk.o(.text) referenced from startup_stm32f2xx_bootloader_rvmdk.o(RESET)
 <LI><a href="#[5a]">HASH_RNG_IRQHandler</a> from startup_stm32f2xx_bootloader_rvmdk.o(.text) referenced from startup_stm32f2xx_bootloader_rvmdk.o(RESET)
 <LI><a href="#[2]">HardFault_Handler</a> from startup_stm32f2xx_bootloader_rvmdk.o(.text) referenced from startup_stm32f2xx_bootloader_rvmdk.o(RESET)
 <LI><a href="#[2a]">I2C1_ER_IRQHandler</a> from startup_stm32f2xx_bootloader_rvmdk.o(.text) referenced from startup_stm32f2xx_bootloader_rvmdk.o(RESET)
 <LI><a href="#[29]">I2C1_EV_IRQHandler</a> from startup_stm32f2xx_bootloader_rvmdk.o(.text) referenced from startup_stm32f2xx_bootloader_rvmdk.o(RESET)
 <LI><a href="#[2c]">I2C2_ER_IRQHandler</a> from startup_stm32f2xx_bootloader_rvmdk.o(.text) referenced from startup_stm32f2xx_bootloader_rvmdk.o(RESET)
 <LI><a href="#[2b]">I2C2_EV_IRQHandler</a> from startup_stm32f2xx_bootloader_rvmdk.o(.text) referenced from startup_stm32f2xx_bootloader_rvmdk.o(RESET)
 <LI><a href="#[53]">I2C3_ER_IRQHandler</a> from startup_stm32f2xx_bootloader_rvmdk.o(.text) referenced from startup_stm32f2xx_bootloader_rvmdk.o(RESET)
 <LI><a href="#[52]">I2C3_EV_IRQHandler</a> from startup_stm32f2xx_bootloader_rvmdk.o(.text) referenced from startup_stm32f2xx_bootloader_rvmdk.o(RESET)
 <LI><a href="#[3]">MemManage_Handler</a> from startup_stm32f2xx_bootloader_rvmdk.o(.text) referenced from startup_stm32f2xx_bootloader_rvmdk.o(RESET)
 <LI><a href="#[1]">NMI_Handler</a> from startup_stm32f2xx_bootloader_rvmdk.o(.text) referenced from startup_stm32f2xx_bootloader_rvmdk.o(RESET)
 <LI><a href="#[4d]">OTG_FS_IRQHandler</a> from startup_stm32f2xx_bootloader_rvmdk.o(.text) referenced from startup_stm32f2xx_bootloader_rvmdk.o(RESET)
 <LI><a href="#[34]">OTG_FS_WKUP_IRQHandler</a> from startup_stm32f2xx_bootloader_rvmdk.o(.text) referenced from startup_stm32f2xx_bootloader_rvmdk.o(RESET)
 <LI><a href="#[55]">OTG_HS_EP1_IN_IRQHandler</a> from startup_stm32f2xx_bootloader_rvmdk.o(.text) referenced from startup_stm32f2xx_bootloader_rvmdk.o(RESET)
 <LI><a href="#[54]">OTG_HS_EP1_OUT_IRQHandler</a> from startup_stm32f2xx_bootloader_rvmdk.o(.text) referenced from startup_stm32f2xx_bootloader_rvmdk.o(RESET)
 <LI><a href="#[57]">OTG_HS_IRQHandler</a> from startup_stm32f2xx_bootloader_rvmdk.o(.text) referenced from startup_stm32f2xx_bootloader_rvmdk.o(RESET)
 <LI><a href="#[56]">OTG_HS_WKUP_IRQHandler</a> from startup_stm32f2xx_bootloader_rvmdk.o(.text) referenced from startup_stm32f2xx_bootloader_rvmdk.o(RESET)
 <LI><a href="#[b]">PVD_IRQHandler</a> from startup_stm32f2xx_bootloader_rvmdk.o(.text) referenced from startup_stm32f2xx_bootloader_rvmdk.o(RESET)
 <LI><a href="#[8]">PendSV_Handler</a> from startup_stm32f2xx_bootloader_rvmdk.o(.text) referenced from startup_stm32f2xx_bootloader_rvmdk.o(RESET)
 <LI><a href="#[5f]">RCC_AHB1PeriphClockCmd</a> from stm32f2xx_rcc.o(i.RCC_AHB1PeriphClockCmd) referenced 4 times from platform.o(.constdata)
 <LI><a href="#[5e]">RCC_APB2PeriphClockCmd</a> from stm32f2xx_rcc.o(i.RCC_APB2PeriphClockCmd) referenced 2 times from platform.o(.constdata)
 <LI><a href="#[f]">RCC_IRQHandler</a> from startup_stm32f2xx_bootloader_rvmdk.o(.text) referenced from startup_stm32f2xx_bootloader_rvmdk.o(RESET)
 <LI><a href="#[33]">RTC_Alarm_IRQHandler</a> from startup_stm32f2xx_bootloader_rvmdk.o(.text) referenced from startup_stm32f2xx_bootloader_rvmdk.o(RESET)
 <LI><a href="#[d]">RTC_WKUP_IRQHandler</a> from startup_stm32f2xx_bootloader_rvmdk.o(.text) referenced from startup_stm32f2xx_bootloader_rvmdk.o(RESET)
 <LI><a href="#[0]">Reset_Handler</a> from startup_stm32f2xx_bootloader_rvmdk.o(.text) referenced from startup_stm32f2xx_bootloader_rvmdk.o(RESET)
 <LI><a href="#[3b]">SDIO_IRQHandler</a> from startup_stm32f2xx_bootloader_rvmdk.o(.text) referenced from startup_stm32f2xx_bootloader_rvmdk.o(RESET)
 <LI><a href="#[2d]">SPI1_IRQHandler</a> from startup_stm32f2xx_bootloader_rvmdk.o(.text) referenced from startup_stm32f2xx_bootloader_rvmdk.o(RESET)
 <LI><a href="#[2e]">SPI2_IRQHandler</a> from startup_stm32f2xx_bootloader_rvmdk.o(.text) referenced from startup_stm32f2xx_bootloader_rvmdk.o(RESET)
 <LI><a href="#[3d]">SPI3_IRQHandler</a> from startup_stm32f2xx_bootloader_rvmdk.o(.text) referenced from startup_stm32f2xx_bootloader_rvmdk.o(RESET)
 <LI><a href="#[6]">SVC_Handler</a> from startup_stm32f2xx_bootloader_rvmdk.o(.text) referenced from startup_stm32f2xx_bootloader_rvmdk.o(RESET)
 <LI><a href="#[9]">SysTick_Handler</a> from stm32f2xx_platform.o(i.SysTick_Handler) referenced from startup_stm32f2xx_bootloader_rvmdk.o(RESET)
 <LI><a href="#[c]">TAMP_STAMP_IRQHandler</a> from startup_stm32f2xx_bootloader_rvmdk.o(.text) referenced from startup_stm32f2xx_bootloader_rvmdk.o(RESET)
 <LI><a href="#[22]">TIM1_BRK_TIM9_IRQHandler</a> from startup_stm32f2xx_bootloader_rvmdk.o(.text) referenced from startup_stm32f2xx_bootloader_rvmdk.o(RESET)
 <LI><a href="#[25]">TIM1_CC_IRQHandler</a> from startup_stm32f2xx_bootloader_rvmdk.o(.text) referenced from startup_stm32f2xx_bootloader_rvmdk.o(RESET)
 <LI><a href="#[24]">TIM1_TRG_COM_TIM11_IRQHandler</a> from startup_stm32f2xx_bootloader_rvmdk.o(.text) referenced from startup_stm32f2xx_bootloader_rvmdk.o(RESET)
 <LI><a href="#[23]">TIM1_UP_TIM10_IRQHandler</a> from startup_stm32f2xx_bootloader_rvmdk.o(.text) referenced from startup_stm32f2xx_bootloader_rvmdk.o(RESET)
 <LI><a href="#[26]">TIM2_IRQHandler</a> from startup_stm32f2xx_bootloader_rvmdk.o(.text) referenced from startup_stm32f2xx_bootloader_rvmdk.o(RESET)
 <LI><a href="#[27]">TIM3_IRQHandler</a> from startup_stm32f2xx_bootloader_rvmdk.o(.text) referenced from startup_stm32f2xx_bootloader_rvmdk.o(RESET)
 <LI><a href="#[28]">TIM4_IRQHandler</a> from startup_stm32f2xx_bootloader_rvmdk.o(.text) referenced from startup_stm32f2xx_bootloader_rvmdk.o(RESET)
 <LI><a href="#[3c]">TIM5_IRQHandler</a> from startup_stm32f2xx_bootloader_rvmdk.o(.text) referenced from startup_stm32f2xx_bootloader_rvmdk.o(RESET)
 <LI><a href="#[40]">TIM6_DAC_IRQHandler</a> from startup_stm32f2xx_bootloader_rvmdk.o(.text) referenced from startup_stm32f2xx_bootloader_rvmdk.o(RESET)
 <LI><a href="#[41]">TIM7_IRQHandler</a> from startup_stm32f2xx_bootloader_rvmdk.o(.text) referenced from startup_stm32f2xx_bootloader_rvmdk.o(RESET)
 <LI><a href="#[35]">TIM8_BRK_TIM12_IRQHandler</a> from startup_stm32f2xx_bootloader_rvmdk.o(.text) referenced from startup_stm32f2xx_bootloader_rvmdk.o(RESET)
 <LI><a href="#[38]">TIM8_CC_IRQHandler</a> from startup_stm32f2xx_bootloader_rvmdk.o(.text) referenced from startup_stm32f2xx_bootloader_rvmdk.o(RESET)
 <LI><a href="#[37]">TIM8_TRG_COM_TIM14_IRQHandler</a> from startup_stm32f2xx_bootloader_rvmdk.o(.text) referenced from startup_stm32f2xx_bootloader_rvmdk.o(RESET)
 <LI><a href="#[36]">TIM8_UP_TIM13_IRQHandler</a> from startup_stm32f2xx_bootloader_rvmdk.o(.text) referenced from startup_stm32f2xx_bootloader_rvmdk.o(RESET)
 <LI><a href="#[3e]">UART4_IRQHandler</a> from startup_stm32f2xx_bootloader_rvmdk.o(.text) referenced from startup_stm32f2xx_bootloader_rvmdk.o(RESET)
 <LI><a href="#[3f]">UART5_IRQHandler</a> from startup_stm32f2xx_bootloader_rvmdk.o(.text) referenced from startup_stm32f2xx_bootloader_rvmdk.o(RESET)
 <LI><a href="#[2f]">USART1_IRQHandler</a> from micodriveruart.o(i.USART1_IRQHandler) referenced from startup_stm32f2xx_bootloader_rvmdk.o(RESET)
 <LI><a href="#[30]">USART2_IRQHandler</a> from micodriveruart.o(i.USART2_IRQHandler) referenced from startup_stm32f2xx_bootloader_rvmdk.o(RESET)
 <LI><a href="#[31]">USART3_IRQHandler</a> from startup_stm32f2xx_bootloader_rvmdk.o(.text) referenced from startup_stm32f2xx_bootloader_rvmdk.o(RESET)
 <LI><a href="#[51]">USART6_IRQHandler</a> from micodriveruart.o(i.USART6_IRQHandler) referenced from startup_stm32f2xx_bootloader_rvmdk.o(RESET)
 <LI><a href="#[5]">UsageFault_Handler</a> from startup_stm32f2xx_bootloader_rvmdk.o(.text) referenced from startup_stm32f2xx_bootloader_rvmdk.o(RESET)
 <LI><a href="#[a]">WWDG_IRQHandler</a> from startup_stm32f2xx_bootloader_rvmdk.o(.text) referenced from startup_stm32f2xx_bootloader_rvmdk.o(RESET)
 <LI><a href="#[5c]">__main</a> from entry.o(.ARM.Collect$$$$00000000) referenced from startup_stm32f2xx_bootloader_rvmdk.o(.text)
 <LI><a href="#[5d]">fputc</a> from patch_keil.o(i.fputc) referenced from printfa.o(i.__0printf)
 <LI><a href="#[5b]">main</a> from bootloaderentrance.o(i.main) referenced from entry9a.o(.ARM.Collect$$$$0000000B)
</UL>
<P>
<H3>
Global Symbols
</H3>
<P><STRONG><a name="[5c]"></a>__main</STRONG> (Thumb, 0 bytes, Stack size unknown bytes, entry.o(.ARM.Collect$$$$00000000))
<BR>[Address Reference Count : 1]<UL><LI> startup_stm32f2xx_bootloader_rvmdk.o(.text)
</UL>
<P><STRONG><a name="[e4]"></a>_main_stk</STRONG> (Thumb, 0 bytes, Stack size unknown bytes, entry2.o(.ARM.Collect$$$$00000001))

<P><STRONG><a name="[60]"></a>_main_scatterload</STRONG> (Thumb, 0 bytes, Stack size unknown bytes, entry5.o(.ARM.Collect$$$$00000004))
<BR><BR>[Calls]<UL><LI><a href="#[61]">&gt;&gt;</a>&nbsp;&nbsp;&nbsp;__scatterload
</UL>

<P><STRONG><a name="[62]"></a>__main_after_scatterload</STRONG> (Thumb, 0 bytes, Stack size unknown bytes, entry5.o(.ARM.Collect$$$$00000004))
<BR><BR>[Called By]<UL><LI><a href="#[61]">&gt;&gt;</a>&nbsp;&nbsp;&nbsp;__scatterload
</UL>

<P><STRONG><a name="[e5]"></a>_main_clock</STRONG> (Thumb, 0 bytes, Stack size unknown bytes, entry7b.o(.ARM.Collect$$$$00000008))

<P><STRONG><a name="[e6]"></a>_main_cpp_init</STRONG> (Thumb, 0 bytes, Stack size unknown bytes, entry8b.o(.ARM.Collect$$$$0000000A))

<P><STRONG><a name="[e7]"></a>_main_init</STRONG> (Thumb, 0 bytes, Stack size unknown bytes, entry9a.o(.ARM.Collect$$$$0000000B))

<P><STRONG><a name="[e8]"></a>__rt_final_cpp</STRONG> (Thumb, 0 bytes, Stack size unknown bytes, entry10a.o(.ARM.Collect$$$$0000000D))

<P><STRONG><a name="[e9]"></a>__rt_final_exit</STRONG> (Thumb, 0 bytes, Stack size unknown bytes, entry11a.o(.ARM.Collect$$$$0000000F))

<P><STRONG><a name="[0]"></a>Reset_Handler</STRONG> (Thumb, 4 bytes, Stack size 0 bytes, startup_stm32f2xx_bootloader_rvmdk.o(.text))
<BR>[Address Reference Count : 1]<UL><LI> startup_stm32f2xx_bootloader_rvmdk.o(RESET)
</UL>
<P><STRONG><a name="[1]"></a>NMI_Handler</STRONG> (Thumb, 2 bytes, Stack size 0 bytes, startup_stm32f2xx_bootloader_rvmdk.o(.text))
<BR><BR>[Calls]<UL><LI><a href="#[1]">&gt;&gt;</a>&nbsp;&nbsp;&nbsp;NMI_Handler
</UL>
<BR>[Called By]<UL><LI><a href="#[1]">&gt;&gt;</a>&nbsp;&nbsp;&nbsp;NMI_Handler
</UL>
<BR>[Address Reference Count : 1]<UL><LI> startup_stm32f2xx_bootloader_rvmdk.o(RESET)
</UL>
<P><STRONG><a name="[2]"></a>HardFault_Handler</STRONG> (Thumb, 2 bytes, Stack size 0 bytes, startup_stm32f2xx_bootloader_rvmdk.o(.text))
<BR><BR>[Calls]<UL><LI><a href="#[2]">&gt;&gt;</a>&nbsp;&nbsp;&nbsp;HardFault_Handler
</UL>
<BR>[Called By]<UL><LI><a href="#[2]">&gt;&gt;</a>&nbsp;&nbsp;&nbsp;HardFault_Handler
</UL>
<BR>[Address Reference Count : 1]<UL><LI> startup_stm32f2xx_bootloader_rvmdk.o(RESET)
</UL>
<P><STRONG><a name="[3]"></a>MemManage_Handler</STRONG> (Thumb, 2 bytes, Stack size 0 bytes, startup_stm32f2xx_bootloader_rvmdk.o(.text))
<BR><BR>[Calls]<UL><LI><a href="#[3]">&gt;&gt;</a>&nbsp;&nbsp;&nbsp;MemManage_Handler
</UL>
<BR>[Called By]<UL><LI><a href="#[3]">&gt;&gt;</a>&nbsp;&nbsp;&nbsp;MemManage_Handler
</UL>
<BR>[Address Reference Count : 1]<UL><LI> startup_stm32f2xx_bootloader_rvmdk.o(RESET)
</UL>
<P><STRONG><a name="[4]"></a>BusFault_Handler</STRONG> (Thumb, 2 bytes, Stack size 0 bytes, startup_stm32f2xx_bootloader_rvmdk.o(.text))
<BR><BR>[Calls]<UL><LI><a href="#[4]">&gt;&gt;</a>&nbsp;&nbsp;&nbsp;BusFault_Handler
</UL>
<BR>[Called By]<UL><LI><a href="#[4]">&gt;&gt;</a>&nbsp;&nbsp;&nbsp;BusFault_Handler
</UL>
<BR>[Address Reference Count : 1]<UL><LI> startup_stm32f2xx_bootloader_rvmdk.o(RESET)
</UL>
<P><STRONG><a name="[5]"></a>UsageFault_Handler</STRONG> (Thumb, 2 bytes, Stack size 0 bytes, startup_stm32f2xx_bootloader_rvmdk.o(.text))
<BR><BR>[Calls]<UL><LI><a href="#[5]">&gt;&gt;</a>&nbsp;&nbsp;&nbsp;UsageFault_Handler
</UL>
<BR>[Called By]<UL><LI><a href="#[5]">&gt;&gt;</a>&nbsp;&nbsp;&nbsp;UsageFault_Handler
</UL>
<BR>[Address Reference Count : 1]<UL><LI> startup_stm32f2xx_bootloader_rvmdk.o(RESET)
</UL>
<P><STRONG><a name="[6]"></a>SVC_Handler</STRONG> (Thumb, 2 bytes, Stack size 0 bytes, startup_stm32f2xx_bootloader_rvmdk.o(.text))
<BR><BR>[Calls]<UL><LI><a href="#[6]">&gt;&gt;</a>&nbsp;&nbsp;&nbsp;SVC_Handler
</UL>
<BR>[Called By]<UL><LI><a href="#[6]">&gt;&gt;</a>&nbsp;&nbsp;&nbsp;SVC_Handler
</UL>
<BR>[Address Reference Count : 1]<UL><LI> startup_stm32f2xx_bootloader_rvmdk.o(RESET)
</UL>
<P><STRONG><a name="[7]"></a>DebugMon_Handler</STRONG> (Thumb, 2 bytes, Stack size 0 bytes, startup_stm32f2xx_bootloader_rvmdk.o(.text))
<BR><BR>[Calls]<UL><LI><a href="#[7]">&gt;&gt;</a>&nbsp;&nbsp;&nbsp;DebugMon_Handler
</UL>
<BR>[Called By]<UL><LI><a href="#[7]">&gt;&gt;</a>&nbsp;&nbsp;&nbsp;DebugMon_Handler
</UL>
<BR>[Address Reference Count : 1]<UL><LI> startup_stm32f2xx_bootloader_rvmdk.o(RESET)
</UL>
<P><STRONG><a name="[8]"></a>PendSV_Handler</STRONG> (Thumb, 2 bytes, Stack size 0 bytes, startup_stm32f2xx_bootloader_rvmdk.o(.text))
<BR><BR>[Calls]<UL><LI><a href="#[8]">&gt;&gt;</a>&nbsp;&nbsp;&nbsp;PendSV_Handler
</UL>
<BR>[Called By]<UL><LI><a href="#[8]">&gt;&gt;</a>&nbsp;&nbsp;&nbsp;PendSV_Handler
</UL>
<BR>[Address Reference Count : 1]<UL><LI> startup_stm32f2xx_bootloader_rvmdk.o(RESET)
</UL>
<P><STRONG><a name="[1c]"></a>ADC_IRQHandler</STRONG> (Thumb, 0 bytes, Stack size 0 bytes, startup_stm32f2xx_bootloader_rvmdk.o(.text))
<BR><BR>[Calls]<UL><LI><a href="#[1c]">&gt;&gt;</a>&nbsp;&nbsp;&nbsp;ADC_IRQHandler
</UL>
<BR>[Called By]<UL><LI><a href="#[1c]">&gt;&gt;</a>&nbsp;&nbsp;&nbsp;ADC_IRQHandler
</UL>
<BR>[Address Reference Count : 1]<UL><LI> startup_stm32f2xx_bootloader_rvmdk.o(RESET)
</UL>
<P><STRONG><a name="[1e]"></a>CAN1_RX0_IRQHandler</STRONG> (Thumb, 0 bytes, Stack size 0 bytes, startup_stm32f2xx_bootloader_rvmdk.o(.text))
<BR>[Address Reference Count : 1]<UL><LI> startup_stm32f2xx_bootloader_rvmdk.o(RESET)
</UL>
<P><STRONG><a name="[1f]"></a>CAN1_RX1_IRQHandler</STRONG> (Thumb, 0 bytes, Stack size 0 bytes, startup_stm32f2xx_bootloader_rvmdk.o(.text))
<BR>[Address Reference Count : 1]<UL><LI> startup_stm32f2xx_bootloader_rvmdk.o(RESET)
</UL>
<P><STRONG><a name="[20]"></a>CAN1_SCE_IRQHandler</STRONG> (Thumb, 0 bytes, Stack size 0 bytes, startup_stm32f2xx_bootloader_rvmdk.o(.text))
<BR>[Address Reference Count : 1]<UL><LI> startup_stm32f2xx_bootloader_rvmdk.o(RESET)
</UL>
<P><STRONG><a name="[1d]"></a>CAN1_TX_IRQHandler</STRONG> (Thumb, 0 bytes, Stack size 0 bytes, startup_stm32f2xx_bootloader_rvmdk.o(.text))
<BR>[Address Reference Count : 1]<UL><LI> startup_stm32f2xx_bootloader_rvmdk.o(RESET)
</UL>
<P><STRONG><a name="[4a]"></a>CAN2_RX0_IRQHandler</STRONG> (Thumb, 0 bytes, Stack size 0 bytes, startup_stm32f2xx_bootloader_rvmdk.o(.text))
<BR>[Address Reference Count : 1]<UL><LI> startup_stm32f2xx_bootloader_rvmdk.o(RESET)
</UL>
<P><STRONG><a name="[4b]"></a>CAN2_RX1_IRQHandler</STRONG> (Thumb, 0 bytes, Stack size 0 bytes, startup_stm32f2xx_bootloader_rvmdk.o(.text))
<BR>[Address Reference Count : 1]<UL><LI> startup_stm32f2xx_bootloader_rvmdk.o(RESET)
</UL>
<P><STRONG><a name="[4c]"></a>CAN2_SCE_IRQHandler</STRONG> (Thumb, 0 bytes, Stack size 0 bytes, startup_stm32f2xx_bootloader_rvmdk.o(.text))
<BR>[Address Reference Count : 1]<UL><LI> startup_stm32f2xx_bootloader_rvmdk.o(RESET)
</UL>
<P><STRONG><a name="[49]"></a>CAN2_TX_IRQHandler</STRONG> (Thumb, 0 bytes, Stack size 0 bytes, startup_stm32f2xx_bootloader_rvmdk.o(.text))
<BR>[Address Reference Count : 1]<UL><LI> startup_stm32f2xx_bootloader_rvmdk.o(RESET)
</UL>
<P><STRONG><a name="[59]"></a>CRYP_IRQHandler</STRONG> (Thumb, 0 bytes, Stack size 0 bytes, startup_stm32f2xx_bootloader_rvmdk.o(.text))
<BR>[Address Reference Count : 1]<UL><LI> startup_stm32f2xx_bootloader_rvmdk.o(RESET)
</UL>
<P><STRONG><a name="[58]"></a>DCMI_IRQHandler</STRONG> (Thumb, 0 bytes, Stack size 0 bytes, startup_stm32f2xx_bootloader_rvmdk.o(.text))
<BR>[Address Reference Count : 1]<UL><LI> startup_stm32f2xx_bootloader_rvmdk.o(RESET)
</UL>
<P><STRONG><a name="[15]"></a>DMA1_Stream0_IRQHandler</STRONG> (Thumb, 0 bytes, Stack size 0 bytes, startup_stm32f2xx_bootloader_rvmdk.o(.text))
<BR>[Address Reference Count : 1]<UL><LI> startup_stm32f2xx_bootloader_rvmdk.o(RESET)
</UL>
<P><STRONG><a name="[16]"></a>DMA1_Stream1_IRQHandler</STRONG> (Thumb, 0 bytes, Stack size 0 bytes, startup_stm32f2xx_bootloader_rvmdk.o(.text))
<BR>[Address Reference Count : 1]<UL><LI> startup_stm32f2xx_bootloader_rvmdk.o(RESET)
</UL>
<P><STRONG><a name="[17]"></a>DMA1_Stream2_IRQHandler</STRONG> (Thumb, 0 bytes, Stack size 0 bytes, startup_stm32f2xx_bootloader_rvmdk.o(.text))
<BR>[Address Reference Count : 1]<UL><LI> startup_stm32f2xx_bootloader_rvmdk.o(RESET)
</UL>
<P><STRONG><a name="[18]"></a>DMA1_Stream3_IRQHandler</STRONG> (Thumb, 0 bytes, Stack size 0 bytes, startup_stm32f2xx_bootloader_rvmdk.o(.text))
<BR>[Address Reference Count : 1]<UL><LI> startup_stm32f2xx_bootloader_rvmdk.o(RESET)
</UL>
<P><STRONG><a name="[19]"></a>DMA1_Stream4_IRQHandler</STRONG> (Thumb, 0 bytes, Stack size 0 bytes, startup_stm32f2xx_bootloader_rvmdk.o(.text))
<BR>[Address Reference Count : 1]<UL><LI> startup_stm32f2xx_bootloader_rvmdk.o(RESET)
</UL>
<P><STRONG><a name="[39]"></a>DMA1_Stream7_IRQHandler</STRONG> (Thumb, 0 bytes, Stack size 0 bytes, startup_stm32f2xx_bootloader_rvmdk.o(.text))
<BR>[Address Reference Count : 1]<UL><LI> startup_stm32f2xx_bootloader_rvmdk.o(RESET)
</UL>
<P><STRONG><a name="[42]"></a>DMA2_Stream0_IRQHandler</STRONG> (Thumb, 0 bytes, Stack size 0 bytes, startup_stm32f2xx_bootloader_rvmdk.o(.text))
<BR>[Address Reference Count : 1]<UL><LI> startup_stm32f2xx_bootloader_rvmdk.o(RESET)
</UL>
<P><STRONG><a name="[45]"></a>DMA2_Stream3_IRQHandler</STRONG> (Thumb, 0 bytes, Stack size 0 bytes, startup_stm32f2xx_bootloader_rvmdk.o(.text))
<BR>[Address Reference Count : 1]<UL><LI> startup_stm32f2xx_bootloader_rvmdk.o(RESET)
</UL>
<P><STRONG><a name="[46]"></a>DMA2_Stream4_IRQHandler</STRONG> (Thumb, 0 bytes, Stack size 0 bytes, startup_stm32f2xx_bootloader_rvmdk.o(.text))
<BR>[Address Reference Count : 1]<UL><LI> startup_stm32f2xx_bootloader_rvmdk.o(RESET)
</UL>
<P><STRONG><a name="[4e]"></a>DMA2_Stream5_IRQHandler</STRONG> (Thumb, 0 bytes, Stack size 0 bytes, startup_stm32f2xx_bootloader_rvmdk.o(.text))
<BR>[Address Reference Count : 1]<UL><LI> startup_stm32f2xx_bootloader_rvmdk.o(RESET)
</UL>
<P><STRONG><a name="[47]"></a>ETH_IRQHandler</STRONG> (Thumb, 0 bytes, Stack size 0 bytes, startup_stm32f2xx_bootloader_rvmdk.o(.text))
<BR>[Address Reference Count : 1]<UL><LI> startup_stm32f2xx_bootloader_rvmdk.o(RESET)
</UL>
<P><STRONG><a name="[48]"></a>ETH_WKUP_IRQHandler</STRONG> (Thumb, 0 bytes, Stack size 0 bytes, startup_stm32f2xx_bootloader_rvmdk.o(.text))
<BR>[Address Reference Count : 1]<UL><LI> startup_stm32f2xx_bootloader_rvmdk.o(RESET)
</UL>
<P><STRONG><a name="[e]"></a>FLASH_IRQHandler</STRONG> (Thumb, 0 bytes, Stack size 0 bytes, startup_stm32f2xx_bootloader_rvmdk.o(.text))
<BR>[Address Reference Count : 1]<UL><LI> startup_stm32f2xx_bootloader_rvmdk.o(RESET)
</UL>
<P><STRONG><a name="[3a]"></a>FSMC_IRQHandler</STRONG> (Thumb, 0 bytes, Stack size 0 bytes, startup_stm32f2xx_bootloader_rvmdk.o(.text))
<BR>[Address Reference Count : 1]<UL><LI> startup_stm32f2xx_bootloader_rvmdk.o(RESET)
</UL>
<P><STRONG><a name="[5a]"></a>HASH_RNG_IRQHandler</STRONG> (Thumb, 0 bytes, Stack size 0 bytes, startup_stm32f2xx_bootloader_rvmdk.o(.text))
<BR>[Address Reference Count : 1]<UL><LI> startup_stm32f2xx_bootloader_rvmdk.o(RESET)
</UL>
<P><STRONG><a name="[2a]"></a>I2C1_ER_IRQHandler</STRONG> (Thumb, 0 bytes, Stack size 0 bytes, startup_stm32f2xx_bootloader_rvmdk.o(.text))
<BR>[Address Reference Count : 1]<UL><LI> startup_stm32f2xx_bootloader_rvmdk.o(RESET)
</UL>
<P><STRONG><a name="[29]"></a>I2C1_EV_IRQHandler</STRONG> (Thumb, 0 bytes, Stack size 0 bytes, startup_stm32f2xx_bootloader_rvmdk.o(.text))
<BR>[Address Reference Count : 1]<UL><LI> startup_stm32f2xx_bootloader_rvmdk.o(RESET)
</UL>
<P><STRONG><a name="[2c]"></a>I2C2_ER_IRQHandler</STRONG> (Thumb, 0 bytes, Stack size 0 bytes, startup_stm32f2xx_bootloader_rvmdk.o(.text))
<BR>[Address Reference Count : 1]<UL><LI> startup_stm32f2xx_bootloader_rvmdk.o(RESET)
</UL>
<P><STRONG><a name="[2b]"></a>I2C2_EV_IRQHandler</STRONG> (Thumb, 0 bytes, Stack size 0 bytes, startup_stm32f2xx_bootloader_rvmdk.o(.text))
<BR>[Address Reference Count : 1]<UL><LI> startup_stm32f2xx_bootloader_rvmdk.o(RESET)
</UL>
<P><STRONG><a name="[53]"></a>I2C3_ER_IRQHandler</STRONG> (Thumb, 0 bytes, Stack size 0 bytes, startup_stm32f2xx_bootloader_rvmdk.o(.text))
<BR>[Address Reference Count : 1]<UL><LI> startup_stm32f2xx_bootloader_rvmdk.o(RESET)
</UL>
<P><STRONG><a name="[52]"></a>I2C3_EV_IRQHandler</STRONG> (Thumb, 0 bytes, Stack size 0 bytes, startup_stm32f2xx_bootloader_rvmdk.o(.text))
<BR>[Address Reference Count : 1]<UL><LI> startup_stm32f2xx_bootloader_rvmdk.o(RESET)
</UL>
<P><STRONG><a name="[4d]"></a>OTG_FS_IRQHandler</STRONG> (Thumb, 0 bytes, Stack size 0 bytes, startup_stm32f2xx_bootloader_rvmdk.o(.text))
<BR>[Address Reference Count : 1]<UL><LI> startup_stm32f2xx_bootloader_rvmdk.o(RESET)
</UL>
<P><STRONG><a name="[34]"></a>OTG_FS_WKUP_IRQHandler</STRONG> (Thumb, 0 bytes, Stack size 0 bytes, startup_stm32f2xx_bootloader_rvmdk.o(.text))
<BR>[Address Reference Count : 1]<UL><LI> startup_stm32f2xx_bootloader_rvmdk.o(RESET)
</UL>
<P><STRONG><a name="[55]"></a>OTG_HS_EP1_IN_IRQHandler</STRONG> (Thumb, 0 bytes, Stack size 0 bytes, startup_stm32f2xx_bootloader_rvmdk.o(.text))
<BR>[Address Reference Count : 1]<UL><LI> startup_stm32f2xx_bootloader_rvmdk.o(RESET)
</UL>
<P><STRONG><a name="[54]"></a>OTG_HS_EP1_OUT_IRQHandler</STRONG> (Thumb, 0 bytes, Stack size 0 bytes, startup_stm32f2xx_bootloader_rvmdk.o(.text))
<BR>[Address Reference Count : 1]<UL><LI> startup_stm32f2xx_bootloader_rvmdk.o(RESET)
</UL>
<P><STRONG><a name="[57]"></a>OTG_HS_IRQHandler</STRONG> (Thumb, 0 bytes, Stack size 0 bytes, startup_stm32f2xx_bootloader_rvmdk.o(.text))
<BR>[Address Reference Count : 1]<UL><LI> startup_stm32f2xx_bootloader_rvmdk.o(RESET)
</UL>
<P><STRONG><a name="[56]"></a>OTG_HS_WKUP_IRQHandler</STRONG> (Thumb, 0 bytes, Stack size 0 bytes, startup_stm32f2xx_bootloader_rvmdk.o(.text))
<BR>[Address Reference Count : 1]<UL><LI> startup_stm32f2xx_bootloader_rvmdk.o(RESET)
</UL>
<P><STRONG><a name="[b]"></a>PVD_IRQHandler</STRONG> (Thumb, 0 bytes, Stack size 0 bytes, startup_stm32f2xx_bootloader_rvmdk.o(.text))
<BR>[Address Reference Count : 1]<UL><LI> startup_stm32f2xx_bootloader_rvmdk.o(RESET)
</UL>
<P><STRONG><a name="[f]"></a>RCC_IRQHandler</STRONG> (Thumb, 0 bytes, Stack size 0 bytes, startup_stm32f2xx_bootloader_rvmdk.o(.text))
<BR>[Address Reference Count : 1]<UL><LI> startup_stm32f2xx_bootloader_rvmdk.o(RESET)
</UL>
<P><STRONG><a name="[33]"></a>RTC_Alarm_IRQHandler</STRONG> (Thumb, 0 bytes, Stack size 0 bytes, startup_stm32f2xx_bootloader_rvmdk.o(.text))
<BR>[Address Reference Count : 1]<UL><LI> startup_stm32f2xx_bootloader_rvmdk.o(RESET)
</UL>
<P><STRONG><a name="[d]"></a>RTC_WKUP_IRQHandler</STRONG> (Thumb, 0 bytes, Stack size 0 bytes, startup_stm32f2xx_bootloader_rvmdk.o(.text))
<BR>[Address Reference Count : 1]<UL><LI> startup_stm32f2xx_bootloader_rvmdk.o(RESET)
</UL>
<P><STRONG><a name="[3b]"></a>SDIO_IRQHandler</STRONG> (Thumb, 0 bytes, Stack size 0 bytes, startup_stm32f2xx_bootloader_rvmdk.o(.text))
<BR>[Address Reference Count : 1]<UL><LI> startup_stm32f2xx_bootloader_rvmdk.o(RESET)
</UL>
<P><STRONG><a name="[2d]"></a>SPI1_IRQHandler</STRONG> (Thumb, 0 bytes, Stack size 0 bytes, startup_stm32f2xx_bootloader_rvmdk.o(.text))
<BR>[Address Reference Count : 1]<UL><LI> startup_stm32f2xx_bootloader_rvmdk.o(RESET)
</UL>
<P><STRONG><a name="[2e]"></a>SPI2_IRQHandler</STRONG> (Thumb, 0 bytes, Stack size 0 bytes, startup_stm32f2xx_bootloader_rvmdk.o(.text))
<BR>[Address Reference Count : 1]<UL><LI> startup_stm32f2xx_bootloader_rvmdk.o(RESET)
</UL>
<P><STRONG><a name="[3d]"></a>SPI3_IRQHandler</STRONG> (Thumb, 0 bytes, Stack size 0 bytes, startup_stm32f2xx_bootloader_rvmdk.o(.text))
<BR>[Address Reference Count : 1]<UL><LI> startup_stm32f2xx_bootloader_rvmdk.o(RESET)
</UL>
<P><STRONG><a name="[c]"></a>TAMP_STAMP_IRQHandler</STRONG> (Thumb, 0 bytes, Stack size 0 bytes, startup_stm32f2xx_bootloader_rvmdk.o(.text))
<BR>[Address Reference Count : 1]<UL><LI> startup_stm32f2xx_bootloader_rvmdk.o(RESET)
</UL>
<P><STRONG><a name="[22]"></a>TIM1_BRK_TIM9_IRQHandler</STRONG> (Thumb, 0 bytes, Stack size 0 bytes, startup_stm32f2xx_bootloader_rvmdk.o(.text))
<BR>[Address Reference Count : 1]<UL><LI> startup_stm32f2xx_bootloader_rvmdk.o(RESET)
</UL>
<P><STRONG><a name="[25]"></a>TIM1_CC_IRQHandler</STRONG> (Thumb, 0 bytes, Stack size 0 bytes, startup_stm32f2xx_bootloader_rvmdk.o(.text))
<BR>[Address Reference Count : 1]<UL><LI> startup_stm32f2xx_bootloader_rvmdk.o(RESET)
</UL>
<P><STRONG><a name="[24]"></a>TIM1_TRG_COM_TIM11_IRQHandler</STRONG> (Thumb, 0 bytes, Stack size 0 bytes, startup_stm32f2xx_bootloader_rvmdk.o(.text))
<BR>[Address Reference Count : 1]<UL><LI> startup_stm32f2xx_bootloader_rvmdk.o(RESET)
</UL>
<P><STRONG><a name="[23]"></a>TIM1_UP_TIM10_IRQHandler</STRONG> (Thumb, 0 bytes, Stack size 0 bytes, startup_stm32f2xx_bootloader_rvmdk.o(.text))
<BR>[Address Reference Count : 1]<UL><LI> startup_stm32f2xx_bootloader_rvmdk.o(RESET)
</UL>
<P><STRONG><a name="[26]"></a>TIM2_IRQHandler</STRONG> (Thumb, 0 bytes, Stack size 0 bytes, startup_stm32f2xx_bootloader_rvmdk.o(.text))
<BR>[Address Reference Count : 1]<UL><LI> startup_stm32f2xx_bootloader_rvmdk.o(RESET)
</UL>
<P><STRONG><a name="[27]"></a>TIM3_IRQHandler</STRONG> (Thumb, 0 bytes, Stack size 0 bytes, startup_stm32f2xx_bootloader_rvmdk.o(.text))
<BR>[Address Reference Count : 1]<UL><LI> startup_stm32f2xx_bootloader_rvmdk.o(RESET)
</UL>
<P><STRONG><a name="[28]"></a>TIM4_IRQHandler</STRONG> (Thumb, 0 bytes, Stack size 0 bytes, startup_stm32f2xx_bootloader_rvmdk.o(.text))
<BR>[Address Reference Count : 1]<UL><LI> startup_stm32f2xx_bootloader_rvmdk.o(RESET)
</UL>
<P><STRONG><a name="[3c]"></a>TIM5_IRQHandler</STRONG> (Thumb, 0 bytes, Stack size 0 bytes, startup_stm32f2xx_bootloader_rvmdk.o(.text))
<BR>[Address Reference Count : 1]<UL><LI> startup_stm32f2xx_bootloader_rvmdk.o(RESET)
</UL>
<P><STRONG><a name="[40]"></a>TIM6_DAC_IRQHandler</STRONG> (Thumb, 0 bytes, Stack size 0 bytes, startup_stm32f2xx_bootloader_rvmdk.o(.text))
<BR>[Address Reference Count : 1]<UL><LI> startup_stm32f2xx_bootloader_rvmdk.o(RESET)
</UL>
<P><STRONG><a name="[41]"></a>TIM7_IRQHandler</STRONG> (Thumb, 0 bytes, Stack size 0 bytes, startup_stm32f2xx_bootloader_rvmdk.o(.text))
<BR>[Address Reference Count : 1]<UL><LI> startup_stm32f2xx_bootloader_rvmdk.o(RESET)
</UL>
<P><STRONG><a name="[35]"></a>TIM8_BRK_TIM12_IRQHandler</STRONG> (Thumb, 0 bytes, Stack size 0 bytes, startup_stm32f2xx_bootloader_rvmdk.o(.text))
<BR>[Address Reference Count : 1]<UL><LI> startup_stm32f2xx_bootloader_rvmdk.o(RESET)
</UL>
<P><STRONG><a name="[38]"></a>TIM8_CC_IRQHandler</STRONG> (Thumb, 0 bytes, Stack size 0 bytes, startup_stm32f2xx_bootloader_rvmdk.o(.text))
<BR>[Address Reference Count : 1]<UL><LI> startup_stm32f2xx_bootloader_rvmdk.o(RESET)
</UL>
<P><STRONG><a name="[37]"></a>TIM8_TRG_COM_TIM14_IRQHandler</STRONG> (Thumb, 0 bytes, Stack size 0 bytes, startup_stm32f2xx_bootloader_rvmdk.o(.text))
<BR>[Address Reference Count : 1]<UL><LI> startup_stm32f2xx_bootloader_rvmdk.o(RESET)
</UL>
<P><STRONG><a name="[36]"></a>TIM8_UP_TIM13_IRQHandler</STRONG> (Thumb, 0 bytes, Stack size 0 bytes, startup_stm32f2xx_bootloader_rvmdk.o(.text))
<BR>[Address Reference Count : 1]<UL><LI> startup_stm32f2xx_bootloader_rvmdk.o(RESET)
</UL>
<P><STRONG><a name="[3e]"></a>UART4_IRQHandler</STRONG> (Thumb, 0 bytes, Stack size 0 bytes, startup_stm32f2xx_bootloader_rvmdk.o(.text))
<BR>[Address Reference Count : 1]<UL><LI> startup_stm32f2xx_bootloader_rvmdk.o(RESET)
</UL>
<P><STRONG><a name="[3f]"></a>UART5_IRQHandler</STRONG> (Thumb, 0 bytes, Stack size 0 bytes, startup_stm32f2xx_bootloader_rvmdk.o(.text))
<BR>[Address Reference Count : 1]<UL><LI> startup_stm32f2xx_bootloader_rvmdk.o(RESET)
</UL>
<P><STRONG><a name="[31]"></a>USART3_IRQHandler</STRONG> (Thumb, 0 bytes, Stack size 0 bytes, startup_stm32f2xx_bootloader_rvmdk.o(.text))
<BR>[Address Reference Count : 1]<UL><LI> startup_stm32f2xx_bootloader_rvmdk.o(RESET)
</UL>
<P><STRONG><a name="[a]"></a>WWDG_IRQHandler</STRONG> (Thumb, 0 bytes, Stack size 0 bytes, startup_stm32f2xx_bootloader_rvmdk.o(.text))
<BR>[Address Reference Count : 1]<UL><LI> startup_stm32f2xx_bootloader_rvmdk.o(RESET)
</UL>
<P><STRONG><a name="[61]"></a>__scatterload</STRONG> (Thumb, 28 bytes, Stack size 0 bytes, init.o(.text))
<BR><BR>[Calls]<UL><LI><a href="#[62]">&gt;&gt;</a>&nbsp;&nbsp;&nbsp;__main_after_scatterload
</UL>
<BR>[Called By]<UL><LI><a href="#[60]">&gt;&gt;</a>&nbsp;&nbsp;&nbsp;_main_scatterload
</UL>

<P><STRONG><a name="[ea]"></a>__scatterload_rt2</STRONG> (Thumb, 0 bytes, Stack size 0 bytes, init.o(.text), UNUSED)

<P><STRONG><a name="[eb]"></a>__scatterload_copy</STRONG> (Thumb, 14 bytes, Stack size unknown bytes, handlers.o(i.__scatterload_copy), UNUSED)

<P><STRONG><a name="[ec]"></a>__scatterload_null</STRONG> (Thumb, 2 bytes, Stack size unknown bytes, handlers.o(i.__scatterload_null), UNUSED)

<P><STRONG><a name="[ed]"></a>__scatterload_zeroinit</STRONG> (Thumb, 14 bytes, Stack size unknown bytes, handlers.o(i.__scatterload_zeroinit), UNUSED)

<P><STRONG><a name="[ee]"></a>__asm___20_stm32f2xx_platform_c_546a0d50____REV16</STRONG> (Thumb, 4 bytes, Stack size 0 bytes, stm32f2xx_platform.o(.emb_text), UNUSED)

<P><STRONG><a name="[ef]"></a>__asm___20_stm32f2xx_platform_c_546a0d50____REVSH</STRONG> (Thumb, 4 bytes, Stack size 0 bytes, stm32f2xx_platform.o(.emb_text), UNUSED)

<P><STRONG><a name="[e0]"></a>__asm___20_stm32f2xx_platform_c_546a0d50____jump_to</STRONG> (Thumb, 10 bytes, Stack size 0 bytes, stm32f2xx_platform.o(.emb_text))
<BR><BR>[Called By]<UL><LI><a href="#[88]">&gt;&gt;</a>&nbsp;&nbsp;&nbsp;startApplication
</UL>

<P><STRONG><a name="[7e]"></a>toupper</STRONG> (Thumb, 12 bytes, Stack size 0 bytes, toupper.o(.text))
<BR><BR>[Called By]<UL><LI><a href="#[81]">&gt;&gt;</a>&nbsp;&nbsp;&nbsp;findCommandPara
<LI><a href="#[7a]">&gt;&gt;</a>&nbsp;&nbsp;&nbsp;Main_Menu
</UL>

<P><STRONG><a name="[8f]"></a>__aeabi_memcpy</STRONG> (Thumb, 36 bytes, Stack size 0 bytes, memcpya.o(.text))
<BR><BR>[Called By]<UL><LI><a href="#[8e]">&gt;&gt;</a>&nbsp;&nbsp;&nbsp;MicoFlashRead
<LI><a href="#[b0]">&gt;&gt;</a>&nbsp;&nbsp;&nbsp;Ymodem_Receive
<LI><a href="#[a0]">&gt;&gt;</a>&nbsp;&nbsp;&nbsp;MicoUartRecv
</UL>

<P><STRONG><a name="[f0]"></a>__aeabi_memcpy4</STRONG> (Thumb, 0 bytes, Stack size 0 bytes, memcpya.o(.text), UNUSED)

<P><STRONG><a name="[f1]"></a>__aeabi_memcpy8</STRONG> (Thumb, 0 bytes, Stack size 0 bytes, memcpya.o(.text), UNUSED)

<P><STRONG><a name="[64]"></a>__aeabi_memset</STRONG> (Thumb, 14 bytes, Stack size 0 bytes, memseta.o(.text))
<BR><BR>[Called By]<UL><LI><a href="#[de]">&gt;&gt;</a>&nbsp;&nbsp;&nbsp;update
<LI><a href="#[65]">&gt;&gt;</a>&nbsp;&nbsp;&nbsp;_memset$wrapper
<LI><a href="#[63]">&gt;&gt;</a>&nbsp;&nbsp;&nbsp;__aeabi_memclr
</UL>

<P><STRONG><a name="[f2]"></a>__aeabi_memset4</STRONG> (Thumb, 0 bytes, Stack size 0 bytes, memseta.o(.text), UNUSED)

<P><STRONG><a name="[f3]"></a>__aeabi_memset8</STRONG> (Thumb, 0 bytes, Stack size 0 bytes, memseta.o(.text), UNUSED)

<P><STRONG><a name="[63]"></a>__aeabi_memclr</STRONG> (Thumb, 4 bytes, Stack size 0 bytes, memseta.o(.text), UNUSED)
<BR><BR>[Calls]<UL><LI><a href="#[64]">&gt;&gt;</a>&nbsp;&nbsp;&nbsp;__aeabi_memset
</UL>

<P><STRONG><a name="[7b]"></a>__aeabi_memclr4</STRONG> (Thumb, 0 bytes, Stack size 0 bytes, memseta.o(.text))
<BR><BR>[Called By]<UL><LI><a href="#[7a]">&gt;&gt;</a>&nbsp;&nbsp;&nbsp;Main_Menu
</UL>

<P><STRONG><a name="[f4]"></a>__aeabi_memclr8</STRONG> (Thumb, 0 bytes, Stack size 0 bytes, memseta.o(.text), UNUSED)

<P><STRONG><a name="[65]"></a>_memset$wrapper</STRONG> (Thumb, 18 bytes, Stack size 8 bytes, memseta.o(.text), UNUSED)
<BR><BR>[Calls]<UL><LI><a href="#[64]">&gt;&gt;</a>&nbsp;&nbsp;&nbsp;__aeabi_memset
</UL>

<P><STRONG><a name="[7f]"></a>strcmp</STRONG> (Thumb, 28 bytes, Stack size 8 bytes, strcmp.o(.text))
<BR><BR>[Stack]<UL><LI>Max Depth = 8<LI>Call Chain = strcmp
</UL>
<BR>[Called By]<UL><LI><a href="#[7a]">&gt;&gt;</a>&nbsp;&nbsp;&nbsp;Main_Menu
</UL>

<P><STRONG><a name="[e2]"></a>memcmp</STRONG> (Thumb, 26 bytes, Stack size 12 bytes, memcmp.o(.text))
<BR><BR>[Stack]<UL><LI>Max Depth = 12<LI>Call Chain = memcmp
</UL>
<BR>[Called By]<UL><LI><a href="#[de]">&gt;&gt;</a>&nbsp;&nbsp;&nbsp;update
</UL>

<P><STRONG><a name="[f5]"></a>__aeabi_uidiv</STRONG> (Thumb, 0 bytes, Stack size 12 bytes, uidiv.o(.text), UNUSED)

<P><STRONG><a name="[c0]"></a>__aeabi_uidivmod</STRONG> (Thumb, 44 bytes, Stack size 12 bytes, uidiv.o(.text), UNUSED)
<BR><BR>[Called By]<UL><LI><a href="#[bb]">&gt;&gt;</a>&nbsp;&nbsp;&nbsp;_printf_core
</UL>

<P><STRONG><a name="[66]"></a>__aeabi_uldivmod</STRONG> (Thumb, 98 bytes, Stack size 40 bytes, uldiv.o(.text), UNUSED)
<BR><BR>[Calls]<UL><LI><a href="#[67]">&gt;&gt;</a>&nbsp;&nbsp;&nbsp;__aeabi_llsr
<LI><a href="#[68]">&gt;&gt;</a>&nbsp;&nbsp;&nbsp;__aeabi_llsl
</UL>
<BR>[Called By]<UL><LI><a href="#[bb]">&gt;&gt;</a>&nbsp;&nbsp;&nbsp;_printf_core
<LI><a href="#[bc]">&gt;&gt;</a>&nbsp;&nbsp;&nbsp;_fp_digits
</UL>

<P><STRONG><a name="[f6]"></a>__I$use$fp</STRONG> (Thumb, 0 bytes, Stack size 48 bytes, iusefp.o(.text), UNUSED)

<P><STRONG><a name="[69]"></a>__aeabi_dadd</STRONG> (Thumb, 322 bytes, Stack size 48 bytes, dadd.o(.text), UNUSED)
<BR><BR>[Calls]<UL><LI><a href="#[6a]">&gt;&gt;</a>&nbsp;&nbsp;&nbsp;__aeabi_lasr
<LI><a href="#[68]">&gt;&gt;</a>&nbsp;&nbsp;&nbsp;__aeabi_llsl
<LI><a href="#[6c]">&gt;&gt;</a>&nbsp;&nbsp;&nbsp;_double_round
<LI><a href="#[6b]">&gt;&gt;</a>&nbsp;&nbsp;&nbsp;_double_epilogue
</UL>
<BR>[Called By]<UL><LI><a href="#[bc]">&gt;&gt;</a>&nbsp;&nbsp;&nbsp;_fp_digits
<LI><a href="#[6e]">&gt;&gt;</a>&nbsp;&nbsp;&nbsp;__aeabi_drsub
<LI><a href="#[6d]">&gt;&gt;</a>&nbsp;&nbsp;&nbsp;__aeabi_dsub
</UL>

<P><STRONG><a name="[6d]"></a>__aeabi_dsub</STRONG> (Thumb, 6 bytes, Stack size 0 bytes, dadd.o(.text), UNUSED)
<BR><BR>[Calls]<UL><LI><a href="#[69]">&gt;&gt;</a>&nbsp;&nbsp;&nbsp;__aeabi_dadd
</UL>

<P><STRONG><a name="[6e]"></a>__aeabi_drsub</STRONG> (Thumb, 6 bytes, Stack size 0 bytes, dadd.o(.text), UNUSED)
<BR><BR>[Calls]<UL><LI><a href="#[69]">&gt;&gt;</a>&nbsp;&nbsp;&nbsp;__aeabi_dadd
</UL>

<P><STRONG><a name="[6f]"></a>__aeabi_dmul</STRONG> (Thumb, 228 bytes, Stack size 48 bytes, dmul.o(.text), UNUSED)
<BR><BR>[Calls]<UL><LI><a href="#[6b]">&gt;&gt;</a>&nbsp;&nbsp;&nbsp;_double_epilogue
</UL>
<BR>[Called By]<UL><LI><a href="#[bc]">&gt;&gt;</a>&nbsp;&nbsp;&nbsp;_fp_digits
</UL>

<P><STRONG><a name="[70]"></a>__aeabi_ddiv</STRONG> (Thumb, 222 bytes, Stack size 32 bytes, ddiv.o(.text), UNUSED)
<BR><BR>[Calls]<UL><LI><a href="#[6c]">&gt;&gt;</a>&nbsp;&nbsp;&nbsp;_double_round
</UL>
<BR>[Called By]<UL><LI><a href="#[bc]">&gt;&gt;</a>&nbsp;&nbsp;&nbsp;_fp_digits
</UL>

<P><STRONG><a name="[71]"></a>__aeabi_d2ulz</STRONG> (Thumb, 48 bytes, Stack size 0 bytes, dfixul.o(.text), UNUSED)
<BR><BR>[Calls]<UL><LI><a href="#[67]">&gt;&gt;</a>&nbsp;&nbsp;&nbsp;__aeabi_llsr
<LI><a href="#[68]">&gt;&gt;</a>&nbsp;&nbsp;&nbsp;__aeabi_llsl
</UL>
<BR>[Called By]<UL><LI><a href="#[bc]">&gt;&gt;</a>&nbsp;&nbsp;&nbsp;_fp_digits
</UL>

<P><STRONG><a name="[bd]"></a>__aeabi_cdrcmple</STRONG> (Thumb, 38 bytes, Stack size 0 bytes, cdrcmple.o(.text), UNUSED)
<BR><BR>[Called By]<UL><LI><a href="#[bc]">&gt;&gt;</a>&nbsp;&nbsp;&nbsp;_fp_digits
</UL>

<P><STRONG><a name="[68]"></a>__aeabi_llsl</STRONG> (Thumb, 30 bytes, Stack size 0 bytes, llshl.o(.text), UNUSED)
<BR><BR>[Called By]<UL><LI><a href="#[6b]">&gt;&gt;</a>&nbsp;&nbsp;&nbsp;_double_epilogue
<LI><a href="#[66]">&gt;&gt;</a>&nbsp;&nbsp;&nbsp;__aeabi_uldivmod
<LI><a href="#[69]">&gt;&gt;</a>&nbsp;&nbsp;&nbsp;__aeabi_dadd
<LI><a href="#[71]">&gt;&gt;</a>&nbsp;&nbsp;&nbsp;__aeabi_d2ulz
</UL>

<P><STRONG><a name="[f7]"></a>_ll_shift_l</STRONG> (Thumb, 0 bytes, Stack size 0 bytes, llshl.o(.text), UNUSED)

<P><STRONG><a name="[67]"></a>__aeabi_llsr</STRONG> (Thumb, 32 bytes, Stack size 0 bytes, llushr.o(.text), UNUSED)
<BR><BR>[Called By]<UL><LI><a href="#[6b]">&gt;&gt;</a>&nbsp;&nbsp;&nbsp;_double_epilogue
<LI><a href="#[66]">&gt;&gt;</a>&nbsp;&nbsp;&nbsp;__aeabi_uldivmod
<LI><a href="#[71]">&gt;&gt;</a>&nbsp;&nbsp;&nbsp;__aeabi_d2ulz
</UL>

<P><STRONG><a name="[f8]"></a>_ll_ushift_r</STRONG> (Thumb, 0 bytes, Stack size 0 bytes, llushr.o(.text), UNUSED)

<P><STRONG><a name="[6a]"></a>__aeabi_lasr</STRONG> (Thumb, 36 bytes, Stack size 0 bytes, llsshr.o(.text), UNUSED)
<BR><BR>[Called By]<UL><LI><a href="#[69]">&gt;&gt;</a>&nbsp;&nbsp;&nbsp;__aeabi_dadd
</UL>

<P><STRONG><a name="[f9]"></a>_ll_sshift_r</STRONG> (Thumb, 0 bytes, Stack size 0 bytes, llsshr.o(.text), UNUSED)

<P><STRONG><a name="[6c]"></a>_double_round</STRONG> (Thumb, 26 bytes, Stack size 8 bytes, depilogue.o(.text), UNUSED)
<BR><BR>[Called By]<UL><LI><a href="#[6b]">&gt;&gt;</a>&nbsp;&nbsp;&nbsp;_double_epilogue
<LI><a href="#[70]">&gt;&gt;</a>&nbsp;&nbsp;&nbsp;__aeabi_ddiv
<LI><a href="#[69]">&gt;&gt;</a>&nbsp;&nbsp;&nbsp;__aeabi_dadd
</UL>

<P><STRONG><a name="[6b]"></a>_double_epilogue</STRONG> (Thumb, 156 bytes, Stack size 32 bytes, depilogue.o(.text), UNUSED)
<BR><BR>[Calls]<UL><LI><a href="#[67]">&gt;&gt;</a>&nbsp;&nbsp;&nbsp;__aeabi_llsr
<LI><a href="#[68]">&gt;&gt;</a>&nbsp;&nbsp;&nbsp;__aeabi_llsl
<LI><a href="#[6c]">&gt;&gt;</a>&nbsp;&nbsp;&nbsp;_double_round
</UL>
<BR>[Called By]<UL><LI><a href="#[6f]">&gt;&gt;</a>&nbsp;&nbsp;&nbsp;__aeabi_dmul
<LI><a href="#[69]">&gt;&gt;</a>&nbsp;&nbsp;&nbsp;__aeabi_dadd
</UL>

<P><STRONG><a name="[fa]"></a>__decompress</STRONG> (Thumb, 0 bytes, Stack size unknown bytes, __dczerorl2.o(.text), UNUSED)

<P><STRONG><a name="[fb]"></a>__decompress1</STRONG> (Thumb, 86 bytes, Stack size unknown bytes, __dczerorl2.o(.text), UNUSED)

<P><STRONG><a name="[b9]"></a>CalChecksum</STRONG> (Thumb, 20 bytes, Stack size 0 bytes, ymodem.o(i.CalChecksum))
<BR><BR>[Called By]<UL><LI><a href="#[b2]">&gt;&gt;</a>&nbsp;&nbsp;&nbsp;Ymodem_Transmit
</UL>

<P><STRONG><a name="[72]"></a>Cal_CRC16</STRONG> (Thumb, 38 bytes, Stack size 12 bytes, ymodem.o(i.Cal_CRC16))
<BR><BR>[Stack]<UL><LI>Max Depth = 12<LI>Call Chain = Cal_CRC16
</UL>
<BR>[Calls]<UL><LI><a href="#[73]">&gt;&gt;</a>&nbsp;&nbsp;&nbsp;UpdateCRC16
</UL>
<BR>[Called By]<UL><LI><a href="#[b2]">&gt;&gt;</a>&nbsp;&nbsp;&nbsp;Ymodem_Transmit
</UL>

<P><STRONG><a name="[1a]"></a>DMA1_Stream5_IRQHandler</STRONG> (Thumb, 50 bytes, Stack size 0 bytes, micodriveruart.o(i.DMA1_Stream5_IRQHandler))
<BR>[Address Reference Count : 1]<UL><LI> startup_stm32f2xx_bootloader_rvmdk.o(RESET)
</UL>
<P><STRONG><a name="[1b]"></a>DMA1_Stream6_IRQHandler</STRONG> (Thumb, 56 bytes, Stack size 0 bytes, micodriveruart.o(i.DMA1_Stream6_IRQHandler))
<BR>[Address Reference Count : 1]<UL><LI> startup_stm32f2xx_bootloader_rvmdk.o(RESET)
</UL>
<P><STRONG><a name="[43]"></a>DMA2_Stream1_IRQHandler</STRONG> (Thumb, 54 bytes, Stack size 0 bytes, micodriveruart.o(i.DMA2_Stream1_IRQHandler))
<BR>[Address Reference Count : 1]<UL><LI> startup_stm32f2xx_bootloader_rvmdk.o(RESET)
</UL>
<P><STRONG><a name="[44]"></a>DMA2_Stream2_IRQHandler</STRONG> (Thumb, 52 bytes, Stack size 0 bytes, micodriveruart.o(i.DMA2_Stream2_IRQHandler))
<BR>[Address Reference Count : 1]<UL><LI> startup_stm32f2xx_bootloader_rvmdk.o(RESET)
</UL>
<P><STRONG><a name="[4f]"></a>DMA2_Stream6_IRQHandler</STRONG> (Thumb, 62 bytes, Stack size 8 bytes, micodriveruart.o(i.DMA2_Stream6_IRQHandler))
<BR><BR>[Stack]<UL><LI>Max Depth = 8<LI>Call Chain = DMA2_Stream6_IRQHandler
</UL>
<BR>[Address Reference Count : 1]<UL><LI> startup_stm32f2xx_bootloader_rvmdk.o(RESET)
</UL>
<P><STRONG><a name="[50]"></a>DMA2_Stream7_IRQHandler</STRONG> (Thumb, 60 bytes, Stack size 8 bytes, micodriveruart.o(i.DMA2_Stream7_IRQHandler))
<BR><BR>[Stack]<UL><LI>Max Depth = 8<LI>Call Chain = DMA2_Stream7_IRQHandler
</UL>
<BR>[Address Reference Count : 1]<UL><LI> startup_stm32f2xx_bootloader_rvmdk.o(RESET)
</UL>
<P><STRONG><a name="[a9]"></a>DMA_Cmd</STRONG> (Thumb, 20 bytes, Stack size 0 bytes, stm32f2xx_dma.o(i.DMA_Cmd))
<BR><BR>[Called By]<UL><LI><a href="#[a6]">&gt;&gt;</a>&nbsp;&nbsp;&nbsp;MicoUartSend
</UL>

<P><STRONG><a name="[d8]"></a>DMA_DeInit</STRONG> (Thumb, 272 bytes, Stack size 28 bytes, stm32f2xx_dma.o(i.DMA_DeInit))
<BR><BR>[Stack]<UL><LI>Max Depth = 28<LI>Call Chain = DMA_DeInit
</UL>
<BR>[Called By]<UL><LI><a href="#[9f]">&gt;&gt;</a>&nbsp;&nbsp;&nbsp;internal_uart_init
</UL>

<P><STRONG><a name="[db]"></a>DMA_ITConfig</STRONG> (Thumb, 44 bytes, Stack size 0 bytes, stm32f2xx_dma.o(i.DMA_ITConfig))
<BR><BR>[Called By]<UL><LI><a href="#[9f]">&gt;&gt;</a>&nbsp;&nbsp;&nbsp;internal_uart_init
</UL>

<P><STRONG><a name="[d9]"></a>DMA_Init</STRONG> (Thumb, 80 bytes, Stack size 12 bytes, stm32f2xx_dma.o(i.DMA_Init))
<BR><BR>[Stack]<UL><LI>Max Depth = 12<LI>Call Chain = DMA_Init
</UL>
<BR>[Called By]<UL><LI><a href="#[9f]">&gt;&gt;</a>&nbsp;&nbsp;&nbsp;internal_uart_init
</UL>

<P><STRONG><a name="[10]"></a>EXTI0_IRQHandler</STRONG> (Thumb, 4 bytes, Stack size 0 bytes, gpio_irq.o(i.EXTI0_IRQHandler))
<BR><BR>[Calls]<UL><LI><a href="#[74]">&gt;&gt;</a>&nbsp;&nbsp;&nbsp;gpio_irq
</UL>
<BR>[Address Reference Count : 1]<UL><LI> startup_stm32f2xx_bootloader_rvmdk.o(RESET)
</UL>
<P><STRONG><a name="[32]"></a>EXTI15_10_IRQHandler</STRONG> (Thumb, 4 bytes, Stack size 0 bytes, gpio_irq.o(i.EXTI15_10_IRQHandler))
<BR><BR>[Calls]<UL><LI><a href="#[74]">&gt;&gt;</a>&nbsp;&nbsp;&nbsp;gpio_irq
</UL>
<BR>[Address Reference Count : 1]<UL><LI> startup_stm32f2xx_bootloader_rvmdk.o(RESET)
</UL>
<P><STRONG><a name="[11]"></a>EXTI1_IRQHandler</STRONG> (Thumb, 4 bytes, Stack size 0 bytes, gpio_irq.o(i.EXTI1_IRQHandler))
<BR><BR>[Calls]<UL><LI><a href="#[74]">&gt;&gt;</a>&nbsp;&nbsp;&nbsp;gpio_irq
</UL>
<BR>[Address Reference Count : 1]<UL><LI> startup_stm32f2xx_bootloader_rvmdk.o(RESET)
</UL>
<P><STRONG><a name="[12]"></a>EXTI2_IRQHandler</STRONG> (Thumb, 4 bytes, Stack size 0 bytes, gpio_irq.o(i.EXTI2_IRQHandler))
<BR><BR>[Calls]<UL><LI><a href="#[74]">&gt;&gt;</a>&nbsp;&nbsp;&nbsp;gpio_irq
</UL>
<BR>[Address Reference Count : 1]<UL><LI> startup_stm32f2xx_bootloader_rvmdk.o(RESET)
</UL>
<P><STRONG><a name="[13]"></a>EXTI3_IRQHandler</STRONG> (Thumb, 4 bytes, Stack size 0 bytes, gpio_irq.o(i.EXTI3_IRQHandler))
<BR><BR>[Calls]<UL><LI><a href="#[74]">&gt;&gt;</a>&nbsp;&nbsp;&nbsp;gpio_irq
</UL>
<BR>[Address Reference Count : 1]<UL><LI> startup_stm32f2xx_bootloader_rvmdk.o(RESET)
</UL>
<P><STRONG><a name="[14]"></a>EXTI4_IRQHandler</STRONG> (Thumb, 4 bytes, Stack size 0 bytes, gpio_irq.o(i.EXTI4_IRQHandler))
<BR><BR>[Calls]<UL><LI><a href="#[74]">&gt;&gt;</a>&nbsp;&nbsp;&nbsp;gpio_irq
</UL>
<BR>[Address Reference Count : 1]<UL><LI> startup_stm32f2xx_bootloader_rvmdk.o(RESET)
</UL>
<P><STRONG><a name="[21]"></a>EXTI9_5_IRQHandler</STRONG> (Thumb, 4 bytes, Stack size 0 bytes, gpio_irq.o(i.EXTI9_5_IRQHandler))
<BR><BR>[Calls]<UL><LI><a href="#[74]">&gt;&gt;</a>&nbsp;&nbsp;&nbsp;gpio_irq
</UL>
<BR>[Address Reference Count : 1]<UL><LI> startup_stm32f2xx_bootloader_rvmdk.o(RESET)
</UL>
<P><STRONG><a name="[8d]"></a>FLASH_ClearFlag</STRONG> (Thumb, 6 bytes, Stack size 0 bytes, stm32f2xx_flash.o(i.FLASH_ClearFlag))
<BR><BR>[Called By]<UL><LI><a href="#[82]">&gt;&gt;</a>&nbsp;&nbsp;&nbsp;MicoFlashInitialize
</UL>

<P><STRONG><a name="[75]"></a>FLASH_EraseSector</STRONG> (Thumb, 104 bytes, Stack size 16 bytes, stm32f2xx_flash.o(i.FLASH_EraseSector))
<BR><BR>[Stack]<UL><LI>Max Depth = 24<LI>Call Chain = FLASH_EraseSector &rArr; FLASH_WaitForLastOperation
</UL>
<BR>[Calls]<UL><LI><a href="#[76]">&gt;&gt;</a>&nbsp;&nbsp;&nbsp;FLASH_WaitForLastOperation
</UL>
<BR>[Called By]<UL><LI><a href="#[86]">&gt;&gt;</a>&nbsp;&nbsp;&nbsp;MicoFlashErase
</UL>

<P><STRONG><a name="[79]"></a>FLASH_GetStatus</STRONG> (Thumb, 46 bytes, Stack size 0 bytes, stm32f2xx_flash.o(i.FLASH_GetStatus))
<BR><BR>[Called By]<UL><LI><a href="#[76]">&gt;&gt;</a>&nbsp;&nbsp;&nbsp;FLASH_WaitForLastOperation
</UL>

<P><STRONG><a name="[8b]"></a>FLASH_Lock</STRONG> (Thumb, 12 bytes, Stack size 0 bytes, stm32f2xx_flash.o(i.FLASH_Lock))
<BR><BR>[Called By]<UL><LI><a href="#[84]">&gt;&gt;</a>&nbsp;&nbsp;&nbsp;MicoFlashFinalize
</UL>

<P><STRONG><a name="[cf]"></a>FLASH_PrefetchBufferCmd</STRONG> (Thumb, 22 bytes, Stack size 0 bytes, stm32f2xx_flash.o(i.FLASH_PrefetchBufferCmd))
<BR><BR>[Called By]<UL><LI><a href="#[c9]">&gt;&gt;</a>&nbsp;&nbsp;&nbsp;init_clocks
</UL>

<P><STRONG><a name="[77]"></a>FLASH_ProgramByte</STRONG> (Thumb, 52 bytes, Stack size 16 bytes, stm32f2xx_flash.o(i.FLASH_ProgramByte))
<BR><BR>[Stack]<UL><LI>Max Depth = 24<LI>Call Chain = FLASH_ProgramByte &rArr; FLASH_WaitForLastOperation
</UL>
<BR>[Calls]<UL><LI><a href="#[76]">&gt;&gt;</a>&nbsp;&nbsp;&nbsp;FLASH_WaitForLastOperation
</UL>
<BR>[Called By]<UL><LI><a href="#[d6]">&gt;&gt;</a>&nbsp;&nbsp;&nbsp;internalFlashByteWrite
</UL>

<P><STRONG><a name="[78]"></a>FLASH_ProgramWord</STRONG> (Thumb, 56 bytes, Stack size 16 bytes, stm32f2xx_flash.o(i.FLASH_ProgramWord))
<BR><BR>[Stack]<UL><LI>Max Depth = 24<LI>Call Chain = FLASH_ProgramWord &rArr; FLASH_WaitForLastOperation
</UL>
<BR>[Calls]<UL><LI><a href="#[76]">&gt;&gt;</a>&nbsp;&nbsp;&nbsp;FLASH_WaitForLastOperation
</UL>
<BR>[Called By]<UL><LI><a href="#[91]">&gt;&gt;</a>&nbsp;&nbsp;&nbsp;internalFlashWrite
</UL>

<P><STRONG><a name="[ce]"></a>FLASH_SetLatency</STRONG> (Thumb, 6 bytes, Stack size 0 bytes, stm32f2xx_flash.o(i.FLASH_SetLatency))
<BR><BR>[Called By]<UL><LI><a href="#[c9]">&gt;&gt;</a>&nbsp;&nbsp;&nbsp;init_clocks
</UL>

<P><STRONG><a name="[8c]"></a>FLASH_Unlock</STRONG> (Thumb, 22 bytes, Stack size 0 bytes, stm32f2xx_flash.o(i.FLASH_Unlock))
<BR><BR>[Called By]<UL><LI><a href="#[82]">&gt;&gt;</a>&nbsp;&nbsp;&nbsp;MicoFlashInitialize
</UL>

<P><STRONG><a name="[76]"></a>FLASH_WaitForLastOperation</STRONG> (Thumb, 30 bytes, Stack size 8 bytes, stm32f2xx_flash.o(i.FLASH_WaitForLastOperation))
<BR><BR>[Stack]<UL><LI>Max Depth = 8<LI>Call Chain = FLASH_WaitForLastOperation
</UL>
<BR>[Calls]<UL><LI><a href="#[79]">&gt;&gt;</a>&nbsp;&nbsp;&nbsp;FLASH_GetStatus
</UL>
<BR>[Called By]<UL><LI><a href="#[78]">&gt;&gt;</a>&nbsp;&nbsp;&nbsp;FLASH_ProgramWord
<LI><a href="#[77]">&gt;&gt;</a>&nbsp;&nbsp;&nbsp;FLASH_ProgramByte
<LI><a href="#[75]">&gt;&gt;</a>&nbsp;&nbsp;&nbsp;FLASH_EraseSector
</UL>

<P><STRONG><a name="[94]"></a>GPIO_Init</STRONG> (Thumb, 120 bytes, Stack size 20 bytes, stm32f2xx_gpio.o(i.GPIO_Init))
<BR><BR>[Stack]<UL><LI>Max Depth = 20<LI>Call Chain = GPIO_Init
</UL>
<BR>[Called By]<UL><LI><a href="#[9f]">&gt;&gt;</a>&nbsp;&nbsp;&nbsp;internal_uart_init
<LI><a href="#[92]">&gt;&gt;</a>&nbsp;&nbsp;&nbsp;MicoGpioInitialize
</UL>

<P><STRONG><a name="[d7]"></a>GPIO_PinAFConfig</STRONG> (Thumb, 32 bytes, Stack size 8 bytes, stm32f2xx_gpio.o(i.GPIO_PinAFConfig))
<BR><BR>[Stack]<UL><LI>Max Depth = 8<LI>Call Chain = GPIO_PinAFConfig
</UL>
<BR>[Called By]<UL><LI><a href="#[9f]">&gt;&gt;</a>&nbsp;&nbsp;&nbsp;internal_uart_init
</UL>

<P><STRONG><a name="[e3]"></a>GPIO_ReadInputDataBit</STRONG> (Thumb, 14 bytes, Stack size 0 bytes, stm32f2xx_gpio.o(i.GPIO_ReadInputDataBit))
<BR><BR>[Called By]<UL><LI><a href="#[9c]">&gt;&gt;</a>&nbsp;&nbsp;&nbsp;wiced_gpio_input_get
</UL>

<P><STRONG><a name="[98]"></a>GPIO_ResetBits</STRONG> (Thumb, 4 bytes, Stack size 0 bytes, stm32f2xx_gpio.o(i.GPIO_ResetBits))
<BR><BR>[Called By]<UL><LI><a href="#[97]">&gt;&gt;</a>&nbsp;&nbsp;&nbsp;MicoGpioOutputLow
</UL>

<P><STRONG><a name="[96]"></a>GPIO_SetBits</STRONG> (Thumb, 4 bytes, Stack size 0 bytes, stm32f2xx_gpio.o(i.GPIO_SetBits))
<BR><BR>[Called By]<UL><LI><a href="#[95]">&gt;&gt;</a>&nbsp;&nbsp;&nbsp;MicoGpioOutputHigh
</UL>

<P><STRONG><a name="[b3]"></a>IWDG_ReloadCounter</STRONG> (Thumb, 10 bytes, Stack size 0 bytes, stm32f2xx_iwdg.o(i.IWDG_ReloadCounter))
<BR><BR>[Called By]<UL><LI><a href="#[9]">&gt;&gt;</a>&nbsp;&nbsp;&nbsp;SysTick_Handler
</UL>

<P><STRONG><a name="[b1]"></a>Int2Str</STRONG> (Thumb, 60 bytes, Stack size 20 bytes, stringutils.o(i.Int2Str))
<BR><BR>[Stack]<UL><LI>Max Depth = 20<LI>Call Chain = Int2Str
</UL>
<BR>[Called By]<UL><LI><a href="#[b6]">&gt;&gt;</a>&nbsp;&nbsp;&nbsp;Ymodem_PrepareIntialPacket
<LI><a href="#[85]">&gt;&gt;</a>&nbsp;&nbsp;&nbsp;SerialDownload
</UL>

<P><STRONG><a name="[99]"></a>MCU_CLOCKS_NEEDED</STRONG> (Thumb, 32 bytes, Stack size 0 bytes, stm32f2xx_platform.o(i.MCU_CLOCKS_NEEDED))
<BR><BR>[Called By]<UL><LI><a href="#[c1]">&gt;&gt;</a>&nbsp;&nbsp;&nbsp;init_architecture
<LI><a href="#[93]">&gt;&gt;</a>&nbsp;&nbsp;&nbsp;MicoMcuPowerSaveConfig
</UL>

<P><STRONG><a name="[9a]"></a>MCU_CLOCKS_NOT_NEEDED</STRONG> (Thumb, 32 bytes, Stack size 0 bytes, stm32f2xx_platform.o(i.MCU_CLOCKS_NOT_NEEDED))
<BR><BR>[Called By]<UL><LI><a href="#[93]">&gt;&gt;</a>&nbsp;&nbsp;&nbsp;MicoMcuPowerSaveConfig
</UL>

<P><STRONG><a name="[7a]"></a>Main_Menu</STRONG> (Thumb, 956 bytes, Stack size 264 bytes, menu.o(i.Main_Menu))
<BR><BR>[Stack]<UL><LI>Max Depth = 1728<LI>Call Chain = Main_Menu &rArr; SerialUpload &rArr; Ymodem_Transmit &rArr; Receive_Byte &rArr; MicoUartRecv &rArr; platform_uart_receive_bytes &rArr; USART_ITConfig
</UL>
<BR>[Calls]<UL><LI><a href="#[87]">&gt;&gt;</a>&nbsp;&nbsp;&nbsp;Str2Int
<LI><a href="#[89]">&gt;&gt;</a>&nbsp;&nbsp;&nbsp;MicoSystemReboot
<LI><a href="#[82]">&gt;&gt;</a>&nbsp;&nbsp;&nbsp;MicoFlashInitialize
<LI><a href="#[84]">&gt;&gt;</a>&nbsp;&nbsp;&nbsp;MicoFlashFinalize
<LI><a href="#[86]">&gt;&gt;</a>&nbsp;&nbsp;&nbsp;MicoFlashErase
<LI><a href="#[81]">&gt;&gt;</a>&nbsp;&nbsp;&nbsp;findCommandPara
<LI><a href="#[83]">&gt;&gt;</a>&nbsp;&nbsp;&nbsp;SerialUpload
<LI><a href="#[85]">&gt;&gt;</a>&nbsp;&nbsp;&nbsp;SerialDownload
<LI><a href="#[7d]">&gt;&gt;</a>&nbsp;&nbsp;&nbsp;getline
<LI><a href="#[88]">&gt;&gt;</a>&nbsp;&nbsp;&nbsp;startApplication
<LI><a href="#[7f]">&gt;&gt;</a>&nbsp;&nbsp;&nbsp;strcmp
<LI><a href="#[7b]">&gt;&gt;</a>&nbsp;&nbsp;&nbsp;__aeabi_memclr4
<LI><a href="#[7e]">&gt;&gt;</a>&nbsp;&nbsp;&nbsp;toupper
<LI><a href="#[80]">&gt;&gt;</a>&nbsp;&nbsp;&nbsp;printf
<LI><a href="#[7c]">&gt;&gt;</a>&nbsp;&nbsp;&nbsp;__2printf
</UL>
<BR>[Called By]<UL><LI><a href="#[5b]">&gt;&gt;</a>&nbsp;&nbsp;&nbsp;main
</UL>

<P><STRONG><a name="[86]"></a>MicoFlashErase</STRONG> (Thumb, 78 bytes, Stack size 16 bytes, micodriverflash.o(i.MicoFlashErase))
<BR><BR>[Stack]<UL><LI>Max Depth = 40<LI>Call Chain = MicoFlashErase &rArr; FLASH_EraseSector &rArr; FLASH_WaitForLastOperation
</UL>
<BR>[Calls]<UL><LI><a href="#[75]">&gt;&gt;</a>&nbsp;&nbsp;&nbsp;FLASH_EraseSector
<LI><a href="#[8a]">&gt;&gt;</a>&nbsp;&nbsp;&nbsp;_GetSector
</UL>
<BR>[Called By]<UL><LI><a href="#[b0]">&gt;&gt;</a>&nbsp;&nbsp;&nbsp;Ymodem_Receive
<LI><a href="#[de]">&gt;&gt;</a>&nbsp;&nbsp;&nbsp;update
<LI><a href="#[7a]">&gt;&gt;</a>&nbsp;&nbsp;&nbsp;Main_Menu
</UL>

<P><STRONG><a name="[84]"></a>MicoFlashFinalize</STRONG> (Thumb, 18 bytes, Stack size 8 bytes, micodriverflash.o(i.MicoFlashFinalize))
<BR><BR>[Stack]<UL><LI>Max Depth = 8<LI>Call Chain = MicoFlashFinalize
</UL>
<BR>[Calls]<UL><LI><a href="#[8b]">&gt;&gt;</a>&nbsp;&nbsp;&nbsp;FLASH_Lock
</UL>
<BR>[Called By]<UL><LI><a href="#[b0]">&gt;&gt;</a>&nbsp;&nbsp;&nbsp;Ymodem_Receive
<LI><a href="#[de]">&gt;&gt;</a>&nbsp;&nbsp;&nbsp;update
<LI><a href="#[7a]">&gt;&gt;</a>&nbsp;&nbsp;&nbsp;Main_Menu
</UL>

<P><STRONG><a name="[82]"></a>MicoFlashInitialize</STRONG> (Thumb, 24 bytes, Stack size 8 bytes, micodriverflash.o(i.MicoFlashInitialize))
<BR><BR>[Stack]<UL><LI>Max Depth = 8<LI>Call Chain = MicoFlashInitialize
</UL>
<BR>[Calls]<UL><LI><a href="#[8c]">&gt;&gt;</a>&nbsp;&nbsp;&nbsp;FLASH_Unlock
<LI><a href="#[8d]">&gt;&gt;</a>&nbsp;&nbsp;&nbsp;FLASH_ClearFlag
</UL>
<BR>[Called By]<UL><LI><a href="#[b0]">&gt;&gt;</a>&nbsp;&nbsp;&nbsp;Ymodem_Receive
<LI><a href="#[de]">&gt;&gt;</a>&nbsp;&nbsp;&nbsp;update
<LI><a href="#[7a]">&gt;&gt;</a>&nbsp;&nbsp;&nbsp;Main_Menu
</UL>

<P><STRONG><a name="[8e]"></a>MicoFlashRead</STRONG> (Thumb, 60 bytes, Stack size 16 bytes, micodriverflash.o(i.MicoFlashRead))
<BR><BR>[Stack]<UL><LI>Max Depth = 16<LI>Call Chain = MicoFlashRead
</UL>
<BR>[Calls]<UL><LI><a href="#[8f]">&gt;&gt;</a>&nbsp;&nbsp;&nbsp;__aeabi_memcpy
</UL>
<BR>[Called By]<UL><LI><a href="#[b7]">&gt;&gt;</a>&nbsp;&nbsp;&nbsp;Ymodem_PreparePacket
<LI><a href="#[de]">&gt;&gt;</a>&nbsp;&nbsp;&nbsp;update
</UL>

<P><STRONG><a name="[90]"></a>MicoFlashWrite</STRONG> (Thumb, 52 bytes, Stack size 8 bytes, micodriverflash.o(i.MicoFlashWrite))
<BR><BR>[Stack]<UL><LI>Max Depth = 96<LI>Call Chain = MicoFlashWrite &rArr; internalFlashWrite &rArr; internalFlashByteWrite &rArr; FLASH_ProgramByte &rArr; FLASH_WaitForLastOperation
</UL>
<BR>[Calls]<UL><LI><a href="#[91]">&gt;&gt;</a>&nbsp;&nbsp;&nbsp;internalFlashWrite
</UL>
<BR>[Called By]<UL><LI><a href="#[b0]">&gt;&gt;</a>&nbsp;&nbsp;&nbsp;Ymodem_Receive
<LI><a href="#[de]">&gt;&gt;</a>&nbsp;&nbsp;&nbsp;update
</UL>

<P><STRONG><a name="[92]"></a>MicoGpioInitialize</STRONG> (Thumb, 134 bytes, Stack size 32 bytes, micodrivergpio.o(i.MicoGpioInitialize))
<BR><BR>[Stack]<UL><LI>Max Depth = 52<LI>Call Chain = MicoGpioInitialize &rArr; GPIO_Init
</UL>
<BR>[Calls]<UL><LI><a href="#[94]">&gt;&gt;</a>&nbsp;&nbsp;&nbsp;GPIO_Init
<LI><a href="#[5f]">&gt;&gt;</a>&nbsp;&nbsp;&nbsp;RCC_AHB1PeriphClockCmd
<LI><a href="#[93]">&gt;&gt;</a>&nbsp;&nbsp;&nbsp;MicoMcuPowerSaveConfig
</UL>
<BR>[Called By]<UL><LI><a href="#[d5]">&gt;&gt;</a>&nbsp;&nbsp;&nbsp;init_platform_bootloader
</UL>

<P><STRONG><a name="[95]"></a>MicoGpioOutputHigh</STRONG> (Thumb, 54 bytes, Stack size 8 bytes, micodrivergpio.o(i.MicoGpioOutputHigh))
<BR><BR>[Stack]<UL><LI>Max Depth = 8<LI>Call Chain = MicoGpioOutputHigh
</UL>
<BR>[Calls]<UL><LI><a href="#[96]">&gt;&gt;</a>&nbsp;&nbsp;&nbsp;GPIO_SetBits
<LI><a href="#[93]">&gt;&gt;</a>&nbsp;&nbsp;&nbsp;MicoMcuPowerSaveConfig
</UL>
<BR>[Called By]<UL><LI><a href="#[d5]">&gt;&gt;</a>&nbsp;&nbsp;&nbsp;init_platform_bootloader
</UL>

<P><STRONG><a name="[97]"></a>MicoGpioOutputLow</STRONG> (Thumb, 54 bytes, Stack size 8 bytes, micodrivergpio.o(i.MicoGpioOutputLow))
<BR><BR>[Stack]<UL><LI>Max Depth = 8<LI>Call Chain = MicoGpioOutputLow
</UL>
<BR>[Calls]<UL><LI><a href="#[98]">&gt;&gt;</a>&nbsp;&nbsp;&nbsp;GPIO_ResetBits
<LI><a href="#[93]">&gt;&gt;</a>&nbsp;&nbsp;&nbsp;MicoMcuPowerSaveConfig
</UL>
<BR>[Called By]<UL><LI><a href="#[d5]">&gt;&gt;</a>&nbsp;&nbsp;&nbsp;init_platform_bootloader
</UL>

<P><STRONG><a name="[93]"></a>MicoMcuPowerSaveConfig</STRONG> (Thumb, 12 bytes, Stack size 0 bytes, stm32f2xx_platform.o(i.MicoMcuPowerSaveConfig))
<BR><BR>[Calls]<UL><LI><a href="#[9a]">&gt;&gt;</a>&nbsp;&nbsp;&nbsp;MCU_CLOCKS_NOT_NEEDED
<LI><a href="#[99]">&gt;&gt;</a>&nbsp;&nbsp;&nbsp;MCU_CLOCKS_NEEDED
</UL>
<BR>[Called By]<UL><LI><a href="#[a6]">&gt;&gt;</a>&nbsp;&nbsp;&nbsp;MicoUartSend
<LI><a href="#[9f]">&gt;&gt;</a>&nbsp;&nbsp;&nbsp;internal_uart_init
<LI><a href="#[9c]">&gt;&gt;</a>&nbsp;&nbsp;&nbsp;wiced_gpio_input_get
<LI><a href="#[97]">&gt;&gt;</a>&nbsp;&nbsp;&nbsp;MicoGpioOutputLow
<LI><a href="#[95]">&gt;&gt;</a>&nbsp;&nbsp;&nbsp;MicoGpioOutputHigh
<LI><a href="#[92]">&gt;&gt;</a>&nbsp;&nbsp;&nbsp;MicoGpioInitialize
</UL>

<P><STRONG><a name="[9b]"></a>MicoShouldEnterBootloader</STRONG> (Thumb, 26 bytes, Stack size 8 bytes, platform.o(i.MicoShouldEnterBootloader))
<BR><BR>[Stack]<UL><LI>Max Depth = 16<LI>Call Chain = MicoShouldEnterBootloader &rArr; wiced_gpio_input_get
</UL>
<BR>[Calls]<UL><LI><a href="#[9c]">&gt;&gt;</a>&nbsp;&nbsp;&nbsp;wiced_gpio_input_get
</UL>
<BR>[Called By]<UL><LI><a href="#[5b]">&gt;&gt;</a>&nbsp;&nbsp;&nbsp;main
</UL>

<P><STRONG><a name="[9d]"></a>MicoShouldEnterMFGMode</STRONG> (Thumb, 26 bytes, Stack size 8 bytes, platform.o(i.MicoShouldEnterMFGMode))
<BR><BR>[Stack]<UL><LI>Max Depth = 16<LI>Call Chain = MicoShouldEnterMFGMode &rArr; wiced_gpio_input_get
</UL>
<BR>[Calls]<UL><LI><a href="#[9c]">&gt;&gt;</a>&nbsp;&nbsp;&nbsp;wiced_gpio_input_get
</UL>
<BR>[Called By]<UL><LI><a href="#[5b]">&gt;&gt;</a>&nbsp;&nbsp;&nbsp;main
</UL>

<P><STRONG><a name="[9e]"></a>MicoStdioUartInitialize</STRONG> (Thumb, 10 bytes, Stack size 0 bytes, micodriveruart.o(i.MicoStdioUartInitialize))
<BR><BR>[Stack]<UL><LI>Max Depth = 192<LI>Call Chain = MicoStdioUartInitialize &rArr; internal_uart_init &rArr; USART_Init &rArr; RCC_GetClocksFreq
</UL>
<BR>[Calls]<UL><LI><a href="#[9f]">&gt;&gt;</a>&nbsp;&nbsp;&nbsp;internal_uart_init
</UL>
<BR>[Called By]<UL><LI><a href="#[c1]">&gt;&gt;</a>&nbsp;&nbsp;&nbsp;init_architecture
</UL>

<P><STRONG><a name="[89]"></a>MicoSystemReboot</STRONG> (Thumb, 24 bytes, Stack size 0 bytes, stm32f2xx_platform.o(i.MicoSystemReboot))
<BR><BR>[Called By]<UL><LI><a href="#[7a]">&gt;&gt;</a>&nbsp;&nbsp;&nbsp;Main_Menu
</UL>

<P><STRONG><a name="[a0]"></a>MicoUartRecv</STRONG> (Thumb, 178 bytes, Stack size 48 bytes, micodriveruart.o(i.MicoUartRecv))
<BR><BR>[Stack]<UL><LI>Max Depth = 80<LI>Call Chain = MicoUartRecv &rArr; platform_uart_receive_bytes &rArr; USART_ITConfig
</UL>
<BR>[Calls]<UL><LI><a href="#[a1]">&gt;&gt;</a>&nbsp;&nbsp;&nbsp;ring_buffer_used_space
<LI><a href="#[a3]">&gt;&gt;</a>&nbsp;&nbsp;&nbsp;ring_buffer_get_data
<LI><a href="#[a4]">&gt;&gt;</a>&nbsp;&nbsp;&nbsp;ring_buffer_consume
<LI><a href="#[a2]">&gt;&gt;</a>&nbsp;&nbsp;&nbsp;mico_get_time_no_os
<LI><a href="#[a5]">&gt;&gt;</a>&nbsp;&nbsp;&nbsp;platform_uart_receive_bytes
<LI><a href="#[8f]">&gt;&gt;</a>&nbsp;&nbsp;&nbsp;__aeabi_memcpy
</UL>
<BR>[Called By]<UL><LI><a href="#[ac]">&gt;&gt;</a>&nbsp;&nbsp;&nbsp;Receive_Byte
<LI><a href="#[83]">&gt;&gt;</a>&nbsp;&nbsp;&nbsp;SerialUpload
<LI><a href="#[7d]">&gt;&gt;</a>&nbsp;&nbsp;&nbsp;getline
</UL>

<P><STRONG><a name="[a6]"></a>MicoUartSend</STRONG> (Thumb, 150 bytes, Stack size 32 bytes, micodriveruart.o(i.MicoUartSend))
<BR><BR>[Stack]<UL><LI>Max Depth = 32<LI>Call Chain = MicoUartSend
</UL>
<BR>[Calls]<UL><LI><a href="#[a9]">&gt;&gt;</a>&nbsp;&nbsp;&nbsp;DMA_Cmd
<LI><a href="#[93]">&gt;&gt;</a>&nbsp;&nbsp;&nbsp;MicoMcuPowerSaveConfig
<LI><a href="#[a7]">&gt;&gt;</a>&nbsp;&nbsp;&nbsp;USART_DMACmd
<LI><a href="#[a8]">&gt;&gt;</a>&nbsp;&nbsp;&nbsp;USART_ClearFlag
</UL>
<BR>[Called By]<UL><LI><a href="#[5d]">&gt;&gt;</a>&nbsp;&nbsp;&nbsp;fputc
</UL>

<P><STRONG><a name="[da]"></a>NVIC_Init</STRONG> (Thumb, 96 bytes, Stack size 12 bytes, misc.o(i.NVIC_Init))
<BR><BR>[Stack]<UL><LI>Max Depth = 12<LI>Call Chain = NVIC_Init
</UL>
<BR>[Called By]<UL><LI><a href="#[9f]">&gt;&gt;</a>&nbsp;&nbsp;&nbsp;internal_uart_init
</UL>

<P><STRONG><a name="[c7]"></a>NVIC_PriorityGroupConfig</STRONG> (Thumb, 10 bytes, Stack size 0 bytes, misc.o(i.NVIC_PriorityGroupConfig))
<BR><BR>[Called By]<UL><LI><a href="#[c1]">&gt;&gt;</a>&nbsp;&nbsp;&nbsp;init_architecture
</UL>

<P><STRONG><a name="[c6]"></a>PWR_ClearFlag</STRONG> (Thumb, 12 bytes, Stack size 0 bytes, stm32f2xx_pwr.o(i.PWR_ClearFlag))
<BR><BR>[Called By]<UL><LI><a href="#[c1]">&gt;&gt;</a>&nbsp;&nbsp;&nbsp;init_architecture
</UL>

<P><STRONG><a name="[c5]"></a>PWR_EnterSTANDBYMode</STRONG> (Thumb, 32 bytes, Stack size 0 bytes, stm32f2xx_pwr.o(i.PWR_EnterSTANDBYMode))
<BR><BR>[Called By]<UL><LI><a href="#[c1]">&gt;&gt;</a>&nbsp;&nbsp;&nbsp;init_architecture
</UL>

<P><STRONG><a name="[c3]"></a>PWR_GetFlagStatus</STRONG> (Thumb, 16 bytes, Stack size 0 bytes, stm32f2xx_pwr.o(i.PWR_GetFlagStatus))
<BR><BR>[Called By]<UL><LI><a href="#[c1]">&gt;&gt;</a>&nbsp;&nbsp;&nbsp;init_architecture
</UL>

<P><STRONG><a name="[5f]"></a>RCC_AHB1PeriphClockCmd</STRONG> (Thumb, 18 bytes, Stack size 0 bytes, stm32f2xx_rcc.o(i.RCC_AHB1PeriphClockCmd))
<BR><BR>[Called By]<UL><LI><a href="#[9f]">&gt;&gt;</a>&nbsp;&nbsp;&nbsp;internal_uart_init
<LI><a href="#[92]">&gt;&gt;</a>&nbsp;&nbsp;&nbsp;MicoGpioInitialize
</UL>
<BR>[Address Reference Count : 1]<UL><LI> platform.o(.constdata)
</UL>
<P><STRONG><a name="[c2]"></a>RCC_APB1PeriphClockCmd</STRONG> (Thumb, 18 bytes, Stack size 0 bytes, stm32f2xx_rcc.o(i.RCC_APB1PeriphClockCmd))
<BR><BR>[Called By]<UL><LI><a href="#[c1]">&gt;&gt;</a>&nbsp;&nbsp;&nbsp;init_architecture
</UL>

<P><STRONG><a name="[5e]"></a>RCC_APB2PeriphClockCmd</STRONG> (Thumb, 18 bytes, Stack size 0 bytes, stm32f2xx_rcc.o(i.RCC_APB2PeriphClockCmd))
<BR>[Address Reference Count : 1]<UL><LI> platform.o(.constdata)
</UL>
<P><STRONG><a name="[c4]"></a>RCC_ClearFlag</STRONG> (Thumb, 12 bytes, Stack size 0 bytes, stm32f2xx_rcc.o(i.RCC_ClearFlag))
<BR><BR>[Called By]<UL><LI><a href="#[c1]">&gt;&gt;</a>&nbsp;&nbsp;&nbsp;init_architecture
</UL>

<P><STRONG><a name="[b5]"></a>RCC_GetClocksFreq</STRONG> (Thumb, 132 bytes, Stack size 16 bytes, stm32f2xx_rcc.o(i.RCC_GetClocksFreq))
<BR><BR>[Stack]<UL><LI>Max Depth = 16<LI>Call Chain = RCC_GetClocksFreq
</UL>
<BR>[Called By]<UL><LI><a href="#[b4]">&gt;&gt;</a>&nbsp;&nbsp;&nbsp;USART_Init
</UL>

<P><STRONG><a name="[ab]"></a>RCC_GetFlagStatus</STRONG> (Thumb, 46 bytes, Stack size 0 bytes, stm32f2xx_rcc.o(i.RCC_GetFlagStatus))
<BR><BR>[Called By]<UL><LI><a href="#[c9]">&gt;&gt;</a>&nbsp;&nbsp;&nbsp;init_clocks
<LI><a href="#[c1]">&gt;&gt;</a>&nbsp;&nbsp;&nbsp;init_architecture
<LI><a href="#[aa]">&gt;&gt;</a>&nbsp;&nbsp;&nbsp;RCC_WaitForHSEStartUp
</UL>

<P><STRONG><a name="[d3]"></a>RCC_GetSYSCLKSource</STRONG> (Thumb, 10 bytes, Stack size 0 bytes, stm32f2xx_rcc.o(i.RCC_GetSYSCLKSource))
<BR><BR>[Called By]<UL><LI><a href="#[c9]">&gt;&gt;</a>&nbsp;&nbsp;&nbsp;init_clocks
</UL>

<P><STRONG><a name="[cb]"></a>RCC_HCLKConfig</STRONG> (Thumb, 14 bytes, Stack size 0 bytes, stm32f2xx_rcc.o(i.RCC_HCLKConfig))
<BR><BR>[Called By]<UL><LI><a href="#[c9]">&gt;&gt;</a>&nbsp;&nbsp;&nbsp;init_clocks
</UL>

<P><STRONG><a name="[ca]"></a>RCC_HSEConfig</STRONG> (Thumb, 10 bytes, Stack size 0 bytes, stm32f2xx_rcc.o(i.RCC_HSEConfig))
<BR><BR>[Called By]<UL><LI><a href="#[c9]">&gt;&gt;</a>&nbsp;&nbsp;&nbsp;init_clocks
</UL>

<P><STRONG><a name="[cd]"></a>RCC_PCLK1Config</STRONG> (Thumb, 14 bytes, Stack size 0 bytes, stm32f2xx_rcc.o(i.RCC_PCLK1Config))
<BR><BR>[Called By]<UL><LI><a href="#[c9]">&gt;&gt;</a>&nbsp;&nbsp;&nbsp;init_clocks
</UL>

<P><STRONG><a name="[cc]"></a>RCC_PCLK2Config</STRONG> (Thumb, 16 bytes, Stack size 0 bytes, stm32f2xx_rcc.o(i.RCC_PCLK2Config))
<BR><BR>[Called By]<UL><LI><a href="#[c9]">&gt;&gt;</a>&nbsp;&nbsp;&nbsp;init_clocks
</UL>

<P><STRONG><a name="[d1]"></a>RCC_PLLCmd</STRONG> (Thumb, 6 bytes, Stack size 0 bytes, stm32f2xx_rcc.o(i.RCC_PLLCmd))
<BR><BR>[Called By]<UL><LI><a href="#[c9]">&gt;&gt;</a>&nbsp;&nbsp;&nbsp;init_clocks
</UL>

<P><STRONG><a name="[d0]"></a>RCC_PLLConfig</STRONG> (Thumb, 30 bytes, Stack size 8 bytes, stm32f2xx_rcc.o(i.RCC_PLLConfig))
<BR><BR>[Stack]<UL><LI>Max Depth = 8<LI>Call Chain = RCC_PLLConfig
</UL>
<BR>[Called By]<UL><LI><a href="#[c9]">&gt;&gt;</a>&nbsp;&nbsp;&nbsp;init_clocks
</UL>

<P><STRONG><a name="[d2]"></a>RCC_SYSCLKConfig</STRONG> (Thumb, 14 bytes, Stack size 0 bytes, stm32f2xx_rcc.o(i.RCC_SYSCLKConfig))
<BR><BR>[Called By]<UL><LI><a href="#[c9]">&gt;&gt;</a>&nbsp;&nbsp;&nbsp;init_clocks
</UL>

<P><STRONG><a name="[aa]"></a>RCC_WaitForHSEStartUp</STRONG> (Thumb, 44 bytes, Stack size 12 bytes, stm32f2xx_rcc.o(i.RCC_WaitForHSEStartUp))
<BR><BR>[Stack]<UL><LI>Max Depth = 12<LI>Call Chain = RCC_WaitForHSEStartUp
</UL>
<BR>[Calls]<UL><LI><a href="#[ab]">&gt;&gt;</a>&nbsp;&nbsp;&nbsp;RCC_GetFlagStatus
</UL>
<BR>[Called By]<UL><LI><a href="#[c9]">&gt;&gt;</a>&nbsp;&nbsp;&nbsp;init_clocks
</UL>

<P><STRONG><a name="[85]"></a>SerialDownload</STRONG> (Thumb, 110 bytes, Stack size 32 bytes, menu.o(i.SerialDownload))
<BR><BR>[Stack]<UL><LI>Max Depth = 1272<LI>Call Chain = SerialDownload &rArr; Ymodem_Receive &rArr; Receive_Packet &rArr; Receive_Byte &rArr; MicoUartRecv &rArr; platform_uart_receive_bytes &rArr; USART_ITConfig
</UL>
<BR>[Calls]<UL><LI><a href="#[b0]">&gt;&gt;</a>&nbsp;&nbsp;&nbsp;Ymodem_Receive
<LI><a href="#[b1]">&gt;&gt;</a>&nbsp;&nbsp;&nbsp;Int2Str
<LI><a href="#[7c]">&gt;&gt;</a>&nbsp;&nbsp;&nbsp;__2printf
</UL>
<BR>[Called By]<UL><LI><a href="#[7a]">&gt;&gt;</a>&nbsp;&nbsp;&nbsp;Main_Menu
</UL>

<P><STRONG><a name="[83]"></a>SerialUpload</STRONG> (Thumb, 64 bytes, Stack size 24 bytes, menu.o(i.SerialUpload))
<BR><BR>[Stack]<UL><LI>Max Depth = 1464<LI>Call Chain = SerialUpload &rArr; Ymodem_Transmit &rArr; Receive_Byte &rArr; MicoUartRecv &rArr; platform_uart_receive_bytes &rArr; USART_ITConfig
</UL>
<BR>[Calls]<UL><LI><a href="#[b2]">&gt;&gt;</a>&nbsp;&nbsp;&nbsp;Ymodem_Transmit
<LI><a href="#[a0]">&gt;&gt;</a>&nbsp;&nbsp;&nbsp;MicoUartRecv
<LI><a href="#[7c]">&gt;&gt;</a>&nbsp;&nbsp;&nbsp;__2printf
</UL>
<BR>[Called By]<UL><LI><a href="#[7a]">&gt;&gt;</a>&nbsp;&nbsp;&nbsp;Main_Menu
</UL>

<P><STRONG><a name="[87]"></a>Str2Int</STRONG> (Thumb, 176 bytes, Stack size 16 bytes, stringutils.o(i.Str2Int))
<BR><BR>[Stack]<UL><LI>Max Depth = 16<LI>Call Chain = Str2Int
</UL>
<BR>[Called By]<UL><LI><a href="#[b0]">&gt;&gt;</a>&nbsp;&nbsp;&nbsp;Ymodem_Receive
<LI><a href="#[7a]">&gt;&gt;</a>&nbsp;&nbsp;&nbsp;Main_Menu
</UL>

<P><STRONG><a name="[d4]"></a>SysTick_CLKSourceConfig</STRONG> (Thumb, 24 bytes, Stack size 0 bytes, misc.o(i.SysTick_CLKSourceConfig))
<BR><BR>[Called By]<UL><LI><a href="#[c9]">&gt;&gt;</a>&nbsp;&nbsp;&nbsp;init_clocks
</UL>

<P><STRONG><a name="[9]"></a>SysTick_Handler</STRONG> (Thumb, 12 bytes, Stack size 0 bytes, stm32f2xx_platform.o(i.SysTick_Handler))
<BR><BR>[Calls]<UL><LI><a href="#[b3]">&gt;&gt;</a>&nbsp;&nbsp;&nbsp;IWDG_ReloadCounter
</UL>
<BR>[Address Reference Count : 1]<UL><LI> startup_stm32f2xx_bootloader_rvmdk.o(RESET)
</UL>
<P><STRONG><a name="[2f]"></a>USART1_IRQHandler</STRONG> (Thumb, 56 bytes, Stack size 8 bytes, micodriveruart.o(i.USART1_IRQHandler))
<BR><BR>[Stack]<UL><LI>Max Depth = 8<LI>Call Chain = USART1_IRQHandler
</UL>
<BR>[Calls]<UL><LI><a href="#[a1]">&gt;&gt;</a>&nbsp;&nbsp;&nbsp;ring_buffer_used_space
</UL>
<BR>[Address Reference Count : 1]<UL><LI> startup_stm32f2xx_bootloader_rvmdk.o(RESET)
</UL>
<P><STRONG><a name="[30]"></a>USART2_IRQHandler</STRONG> (Thumb, 56 bytes, Stack size 8 bytes, micodriveruart.o(i.USART2_IRQHandler))
<BR><BR>[Stack]<UL><LI>Max Depth = 8<LI>Call Chain = USART2_IRQHandler
</UL>
<BR>[Calls]<UL><LI><a href="#[a1]">&gt;&gt;</a>&nbsp;&nbsp;&nbsp;ring_buffer_used_space
</UL>
<BR>[Address Reference Count : 1]<UL><LI> startup_stm32f2xx_bootloader_rvmdk.o(RESET)
</UL>
<P><STRONG><a name="[51]"></a>USART6_IRQHandler</STRONG> (Thumb, 58 bytes, Stack size 8 bytes, micodriveruart.o(i.USART6_IRQHandler))
<BR><BR>[Stack]<UL><LI>Max Depth = 8<LI>Call Chain = USART6_IRQHandler
</UL>
<BR>[Calls]<UL><LI><a href="#[a1]">&gt;&gt;</a>&nbsp;&nbsp;&nbsp;ring_buffer_used_space
</UL>
<BR>[Address Reference Count : 1]<UL><LI> startup_stm32f2xx_bootloader_rvmdk.o(RESET)
</UL>
<P><STRONG><a name="[a8]"></a>USART_ClearFlag</STRONG> (Thumb, 6 bytes, Stack size 0 bytes, stm32f2xx_usart.o(i.USART_ClearFlag))
<BR><BR>[Called By]<UL><LI><a href="#[a6]">&gt;&gt;</a>&nbsp;&nbsp;&nbsp;MicoUartSend
</UL>

<P><STRONG><a name="[dc]"></a>USART_Cmd</STRONG> (Thumb, 20 bytes, Stack size 0 bytes, stm32f2xx_usart.o(i.USART_Cmd))
<BR><BR>[Called By]<UL><LI><a href="#[9f]">&gt;&gt;</a>&nbsp;&nbsp;&nbsp;internal_uart_init
</UL>

<P><STRONG><a name="[a7]"></a>USART_DMACmd</STRONG> (Thumb, 16 bytes, Stack size 0 bytes, stm32f2xx_usart.o(i.USART_DMACmd))
<BR><BR>[Called By]<UL><LI><a href="#[a6]">&gt;&gt;</a>&nbsp;&nbsp;&nbsp;MicoUartSend
<LI><a href="#[9f]">&gt;&gt;</a>&nbsp;&nbsp;&nbsp;internal_uart_init
</UL>

<P><STRONG><a name="[df]"></a>USART_ITConfig</STRONG> (Thumb, 48 bytes, Stack size 8 bytes, stm32f2xx_usart.o(i.USART_ITConfig))
<BR><BR>[Stack]<UL><LI>Max Depth = 8<LI>Call Chain = USART_ITConfig
</UL>
<BR>[Called By]<UL><LI><a href="#[a5]">&gt;&gt;</a>&nbsp;&nbsp;&nbsp;platform_uart_receive_bytes
</UL>

<P><STRONG><a name="[b4]"></a>USART_Init</STRONG> (Thumb, 164 bytes, Stack size 32 bytes, stm32f2xx_usart.o(i.USART_Init))
<BR><BR>[Stack]<UL><LI>Max Depth = 48<LI>Call Chain = USART_Init &rArr; RCC_GetClocksFreq
</UL>
<BR>[Calls]<UL><LI><a href="#[b5]">&gt;&gt;</a>&nbsp;&nbsp;&nbsp;RCC_GetClocksFreq
</UL>
<BR>[Called By]<UL><LI><a href="#[9f]">&gt;&gt;</a>&nbsp;&nbsp;&nbsp;internal_uart_init
</UL>

<P><STRONG><a name="[73]"></a>UpdateCRC16</STRONG> (Thumb, 32 bytes, Stack size 0 bytes, ymodem.o(i.UpdateCRC16))
<BR><BR>[Called By]<UL><LI><a href="#[72]">&gt;&gt;</a>&nbsp;&nbsp;&nbsp;Cal_CRC16
</UL>

<P><STRONG><a name="[b6]"></a>Ymodem_PrepareIntialPacket</STRONG> (Thumb, 88 bytes, Stack size 32 bytes, ymodem.o(i.Ymodem_PrepareIntialPacket))
<BR><BR>[Stack]<UL><LI>Max Depth = 52<LI>Call Chain = Ymodem_PrepareIntialPacket &rArr; Int2Str
</UL>
<BR>[Calls]<UL><LI><a href="#[b1]">&gt;&gt;</a>&nbsp;&nbsp;&nbsp;Int2Str
</UL>
<BR>[Called By]<UL><LI><a href="#[b2]">&gt;&gt;</a>&nbsp;&nbsp;&nbsp;Ymodem_Transmit
</UL>

<P><STRONG><a name="[b7]"></a>Ymodem_PreparePacket</STRONG> (Thumb, 82 bytes, Stack size 32 bytes, ymodem.o(i.Ymodem_PreparePacket))
<BR><BR>[Stack]<UL><LI>Max Depth = 48<LI>Call Chain = Ymodem_PreparePacket &rArr; MicoFlashRead
</UL>
<BR>[Calls]<UL><LI><a href="#[8e]">&gt;&gt;</a>&nbsp;&nbsp;&nbsp;MicoFlashRead
</UL>
<BR>[Called By]<UL><LI><a href="#[b2]">&gt;&gt;</a>&nbsp;&nbsp;&nbsp;Ymodem_Transmit
</UL>

<P><STRONG><a name="[b0]"></a>Ymodem_Receive</STRONG> (Thumb, 422 bytes, Stack size 1112 bytes, ymodem.o(i.Ymodem_Receive))
<BR><BR>[Stack]<UL><LI>Max Depth = 1240<LI>Call Chain = Ymodem_Receive &rArr; Receive_Packet &rArr; Receive_Byte &rArr; MicoUartRecv &rArr; platform_uart_receive_bytes &rArr; USART_ITConfig
</UL>
<BR>[Calls]<UL><LI><a href="#[ae]">&gt;&gt;</a>&nbsp;&nbsp;&nbsp;Send_Byte
<LI><a href="#[ad]">&gt;&gt;</a>&nbsp;&nbsp;&nbsp;Receive_Packet
<LI><a href="#[90]">&gt;&gt;</a>&nbsp;&nbsp;&nbsp;MicoFlashWrite
<LI><a href="#[87]">&gt;&gt;</a>&nbsp;&nbsp;&nbsp;Str2Int
<LI><a href="#[82]">&gt;&gt;</a>&nbsp;&nbsp;&nbsp;MicoFlashInitialize
<LI><a href="#[84]">&gt;&gt;</a>&nbsp;&nbsp;&nbsp;MicoFlashFinalize
<LI><a href="#[86]">&gt;&gt;</a>&nbsp;&nbsp;&nbsp;MicoFlashErase
<LI><a href="#[8f]">&gt;&gt;</a>&nbsp;&nbsp;&nbsp;__aeabi_memcpy
</UL>
<BR>[Called By]<UL><LI><a href="#[85]">&gt;&gt;</a>&nbsp;&nbsp;&nbsp;SerialDownload
</UL>

<P><STRONG><a name="[b8]"></a>Ymodem_SendPacket</STRONG> (Thumb, 26 bytes, Stack size 16 bytes, ymodem.o(i.Ymodem_SendPacket))
<BR><BR>[Stack]<UL><LI>Max Depth = 72<LI>Call Chain = Ymodem_SendPacket &rArr; Send_Byte &rArr; putc &rArr; fputc &rArr; MicoUartSend
</UL>
<BR>[Calls]<UL><LI><a href="#[ae]">&gt;&gt;</a>&nbsp;&nbsp;&nbsp;Send_Byte
</UL>
<BR>[Called By]<UL><LI><a href="#[b2]">&gt;&gt;</a>&nbsp;&nbsp;&nbsp;Ymodem_Transmit
</UL>

<P><STRONG><a name="[b2]"></a>Ymodem_Transmit</STRONG> (Thumb, 524 bytes, Stack size 1352 bytes, ymodem.o(i.Ymodem_Transmit))
<BR><BR>[Stack]<UL><LI>Max Depth = 1440<LI>Call Chain = Ymodem_Transmit &rArr; Receive_Byte &rArr; MicoUartRecv &rArr; platform_uart_receive_bytes &rArr; USART_ITConfig
</UL>
<BR>[Calls]<UL><LI><a href="#[b8]">&gt;&gt;</a>&nbsp;&nbsp;&nbsp;Ymodem_SendPacket
<LI><a href="#[b7]">&gt;&gt;</a>&nbsp;&nbsp;&nbsp;Ymodem_PreparePacket
<LI><a href="#[b6]">&gt;&gt;</a>&nbsp;&nbsp;&nbsp;Ymodem_PrepareIntialPacket
<LI><a href="#[72]">&gt;&gt;</a>&nbsp;&nbsp;&nbsp;Cal_CRC16
<LI><a href="#[b9]">&gt;&gt;</a>&nbsp;&nbsp;&nbsp;CalChecksum
<LI><a href="#[ae]">&gt;&gt;</a>&nbsp;&nbsp;&nbsp;Send_Byte
<LI><a href="#[ac]">&gt;&gt;</a>&nbsp;&nbsp;&nbsp;Receive_Byte
</UL>
<BR>[Called By]<UL><LI><a href="#[83]">&gt;&gt;</a>&nbsp;&nbsp;&nbsp;SerialUpload
</UL>

<P><STRONG><a name="[ba]"></a>__0printf</STRONG> (Thumb, 22 bytes, Stack size 24 bytes, printfa.o(i.__0printf), UNUSED)
<BR><BR>[Calls]<UL><LI><a href="#[bb]">&gt;&gt;</a>&nbsp;&nbsp;&nbsp;_printf_core
</UL>

<P><STRONG><a name="[fc]"></a>__1printf</STRONG> (Thumb, 0 bytes, Stack size 24 bytes, printfa.o(i.__0printf), UNUSED)

<P><STRONG><a name="[7c]"></a>__2printf</STRONG> (Thumb, 0 bytes, Stack size 24 bytes, printfa.o(i.__0printf))
<BR><BR>[Stack]<UL><LI>Max Depth = 24<LI>Call Chain = __2printf
</UL>
<BR>[Called By]<UL><LI><a href="#[83]">&gt;&gt;</a>&nbsp;&nbsp;&nbsp;SerialUpload
<LI><a href="#[85]">&gt;&gt;</a>&nbsp;&nbsp;&nbsp;SerialDownload
<LI><a href="#[7a]">&gt;&gt;</a>&nbsp;&nbsp;&nbsp;Main_Menu
</UL>

<P><STRONG><a name="[fd]"></a>__c89printf</STRONG> (Thumb, 0 bytes, Stack size 24 bytes, printfa.o(i.__0printf), UNUSED)

<P><STRONG><a name="[80]"></a>printf</STRONG> (Thumb, 0 bytes, Stack size 24 bytes, printfa.o(i.__0printf))
<BR><BR>[Stack]<UL><LI>Max Depth = 24<LI>Call Chain = printf
</UL>
<BR>[Called By]<UL><LI><a href="#[7a]">&gt;&gt;</a>&nbsp;&nbsp;&nbsp;Main_Menu
<LI><a href="#[5b]">&gt;&gt;</a>&nbsp;&nbsp;&nbsp;main
</UL>

<P><STRONG><a name="[81]"></a>findCommandPara</STRONG> (Thumb, 154 bytes, Stack size 32 bytes, menu.o(i.findCommandPara))
<BR><BR>[Stack]<UL><LI>Max Depth = 32<LI>Call Chain = findCommandPara
</UL>
<BR>[Calls]<UL><LI><a href="#[7e]">&gt;&gt;</a>&nbsp;&nbsp;&nbsp;toupper
</UL>
<BR>[Called By]<UL><LI><a href="#[7a]">&gt;&gt;</a>&nbsp;&nbsp;&nbsp;Main_Menu
</UL>

<P><STRONG><a name="[5d]"></a>fputc</STRONG> (Thumb, 16 bytes, Stack size 16 bytes, patch_keil.o(i.fputc))
<BR><BR>[Stack]<UL><LI>Max Depth = 48<LI>Call Chain = fputc &rArr; MicoUartSend
</UL>
<BR>[Calls]<UL><LI><a href="#[a6]">&gt;&gt;</a>&nbsp;&nbsp;&nbsp;MicoUartSend
</UL>
<BR>[Called By]<UL><LI><a href="#[af]">&gt;&gt;</a>&nbsp;&nbsp;&nbsp;putc
</UL>
<BR>[Address Reference Count : 1]<UL><LI> printfa.o(i.__0printf)
</UL>
<P><STRONG><a name="[7d]"></a>getline</STRONG> (Thumb, 122 bytes, Stack size 24 bytes, getline.o(i.getline))
<BR><BR>[Stack]<UL><LI>Max Depth = 104<LI>Call Chain = getline &rArr; MicoUartRecv &rArr; platform_uart_receive_bytes &rArr; USART_ITConfig
</UL>
<BR>[Calls]<UL><LI><a href="#[a0]">&gt;&gt;</a>&nbsp;&nbsp;&nbsp;MicoUartRecv
<LI><a href="#[af]">&gt;&gt;</a>&nbsp;&nbsp;&nbsp;putc
</UL>
<BR>[Called By]<UL><LI><a href="#[7a]">&gt;&gt;</a>&nbsp;&nbsp;&nbsp;Main_Menu
</UL>

<P><STRONG><a name="[74]"></a>gpio_irq</STRONG> (Thumb, 142 bytes, Stack size 0 bytes, gpio_irq.o(i.gpio_irq))
<BR><BR>[Called By]<UL><LI><a href="#[21]">&gt;&gt;</a>&nbsp;&nbsp;&nbsp;EXTI9_5_IRQHandler
<LI><a href="#[14]">&gt;&gt;</a>&nbsp;&nbsp;&nbsp;EXTI4_IRQHandler
<LI><a href="#[13]">&gt;&gt;</a>&nbsp;&nbsp;&nbsp;EXTI3_IRQHandler
<LI><a href="#[12]">&gt;&gt;</a>&nbsp;&nbsp;&nbsp;EXTI2_IRQHandler
<LI><a href="#[11]">&gt;&gt;</a>&nbsp;&nbsp;&nbsp;EXTI1_IRQHandler
<LI><a href="#[32]">&gt;&gt;</a>&nbsp;&nbsp;&nbsp;EXTI15_10_IRQHandler
<LI><a href="#[10]">&gt;&gt;</a>&nbsp;&nbsp;&nbsp;EXTI0_IRQHandler
</UL>

<P><STRONG><a name="[c1]"></a>init_architecture</STRONG> (Thumb, 154 bytes, Stack size 8 bytes, stm32f2xx_platform.o(i.init_architecture))
<BR><BR>[Stack]<UL><LI>Max Depth = 200<LI>Call Chain = init_architecture &rArr; MicoStdioUartInitialize &rArr; internal_uart_init &rArr; USART_Init &rArr; RCC_GetClocksFreq
</UL>
<BR>[Calls]<UL><LI><a href="#[c7]">&gt;&gt;</a>&nbsp;&nbsp;&nbsp;NVIC_PriorityGroupConfig
<LI><a href="#[c8]">&gt;&gt;</a>&nbsp;&nbsp;&nbsp;ring_buffer_init
<LI><a href="#[ab]">&gt;&gt;</a>&nbsp;&nbsp;&nbsp;RCC_GetFlagStatus
<LI><a href="#[c4]">&gt;&gt;</a>&nbsp;&nbsp;&nbsp;RCC_ClearFlag
<LI><a href="#[c2]">&gt;&gt;</a>&nbsp;&nbsp;&nbsp;RCC_APB1PeriphClockCmd
<LI><a href="#[c3]">&gt;&gt;</a>&nbsp;&nbsp;&nbsp;PWR_GetFlagStatus
<LI><a href="#[c5]">&gt;&gt;</a>&nbsp;&nbsp;&nbsp;PWR_EnterSTANDBYMode
<LI><a href="#[c6]">&gt;&gt;</a>&nbsp;&nbsp;&nbsp;PWR_ClearFlag
<LI><a href="#[99]">&gt;&gt;</a>&nbsp;&nbsp;&nbsp;MCU_CLOCKS_NEEDED
<LI><a href="#[9e]">&gt;&gt;</a>&nbsp;&nbsp;&nbsp;MicoStdioUartInitialize
</UL>
<BR>[Called By]<UL><LI><a href="#[5b]">&gt;&gt;</a>&nbsp;&nbsp;&nbsp;main
</UL>

<P><STRONG><a name="[c9]"></a>init_clocks</STRONG> (Thumb, 102 bytes, Stack size 8 bytes, stm32f2xx_platform.o(i.init_clocks))
<BR><BR>[Stack]<UL><LI>Max Depth = 20<LI>Call Chain = init_clocks &rArr; RCC_WaitForHSEStartUp
</UL>
<BR>[Calls]<UL><LI><a href="#[d4]">&gt;&gt;</a>&nbsp;&nbsp;&nbsp;SysTick_CLKSourceConfig
<LI><a href="#[ce]">&gt;&gt;</a>&nbsp;&nbsp;&nbsp;FLASH_SetLatency
<LI><a href="#[cf]">&gt;&gt;</a>&nbsp;&nbsp;&nbsp;FLASH_PrefetchBufferCmd
<LI><a href="#[aa]">&gt;&gt;</a>&nbsp;&nbsp;&nbsp;RCC_WaitForHSEStartUp
<LI><a href="#[d2]">&gt;&gt;</a>&nbsp;&nbsp;&nbsp;RCC_SYSCLKConfig
<LI><a href="#[d0]">&gt;&gt;</a>&nbsp;&nbsp;&nbsp;RCC_PLLConfig
<LI><a href="#[d1]">&gt;&gt;</a>&nbsp;&nbsp;&nbsp;RCC_PLLCmd
<LI><a href="#[cc]">&gt;&gt;</a>&nbsp;&nbsp;&nbsp;RCC_PCLK2Config
<LI><a href="#[cd]">&gt;&gt;</a>&nbsp;&nbsp;&nbsp;RCC_PCLK1Config
<LI><a href="#[ca]">&gt;&gt;</a>&nbsp;&nbsp;&nbsp;RCC_HSEConfig
<LI><a href="#[cb]">&gt;&gt;</a>&nbsp;&nbsp;&nbsp;RCC_HCLKConfig
<LI><a href="#[d3]">&gt;&gt;</a>&nbsp;&nbsp;&nbsp;RCC_GetSYSCLKSource
<LI><a href="#[ab]">&gt;&gt;</a>&nbsp;&nbsp;&nbsp;RCC_GetFlagStatus
</UL>
<BR>[Called By]<UL><LI><a href="#[5b]">&gt;&gt;</a>&nbsp;&nbsp;&nbsp;main
</UL>

<P><STRONG><a name="[dd]"></a>init_memory</STRONG> (Thumb, 2 bytes, Stack size 0 bytes, stm32f2xx_platform.o(i.init_memory))
<BR><BR>[Called By]<UL><LI><a href="#[5b]">&gt;&gt;</a>&nbsp;&nbsp;&nbsp;main
</UL>

<P><STRONG><a name="[d5]"></a>init_platform_bootloader</STRONG> (Thumb, 50 bytes, Stack size 8 bytes, platform.o(i.init_platform_bootloader))
<BR><BR>[Stack]<UL><LI>Max Depth = 60<LI>Call Chain = init_platform_bootloader &rArr; MicoGpioInitialize &rArr; GPIO_Init
</UL>
<BR>[Calls]<UL><LI><a href="#[97]">&gt;&gt;</a>&nbsp;&nbsp;&nbsp;MicoGpioOutputLow
<LI><a href="#[95]">&gt;&gt;</a>&nbsp;&nbsp;&nbsp;MicoGpioOutputHigh
<LI><a href="#[92]">&gt;&gt;</a>&nbsp;&nbsp;&nbsp;MicoGpioInitialize
</UL>
<BR>[Called By]<UL><LI><a href="#[5b]">&gt;&gt;</a>&nbsp;&nbsp;&nbsp;main
</UL>

<P><STRONG><a name="[5b]"></a>main</STRONG> (Thumb, 52 bytes, Stack size 0 bytes, bootloaderentrance.o(i.main))
<BR><BR>[Stack]<UL><LI>Max Depth = 1728<LI>Call Chain = main &rArr; Main_Menu &rArr; SerialUpload &rArr; Ymodem_Transmit &rArr; Receive_Byte &rArr; MicoUartRecv &rArr; platform_uart_receive_bytes &rArr; USART_ITConfig
</UL>
<BR>[Calls]<UL><LI><a href="#[de]">&gt;&gt;</a>&nbsp;&nbsp;&nbsp;update
<LI><a href="#[88]">&gt;&gt;</a>&nbsp;&nbsp;&nbsp;startApplication
<LI><a href="#[d5]">&gt;&gt;</a>&nbsp;&nbsp;&nbsp;init_platform_bootloader
<LI><a href="#[dd]">&gt;&gt;</a>&nbsp;&nbsp;&nbsp;init_memory
<LI><a href="#[c9]">&gt;&gt;</a>&nbsp;&nbsp;&nbsp;init_clocks
<LI><a href="#[c1]">&gt;&gt;</a>&nbsp;&nbsp;&nbsp;init_architecture
<LI><a href="#[9d]">&gt;&gt;</a>&nbsp;&nbsp;&nbsp;MicoShouldEnterMFGMode
<LI><a href="#[9b]">&gt;&gt;</a>&nbsp;&nbsp;&nbsp;MicoShouldEnterBootloader
<LI><a href="#[7a]">&gt;&gt;</a>&nbsp;&nbsp;&nbsp;Main_Menu
<LI><a href="#[80]">&gt;&gt;</a>&nbsp;&nbsp;&nbsp;printf
</UL>
<BR>[Address Reference Count : 1]<UL><LI> entry9a.o(.ARM.Collect$$$$0000000B)
</UL>
<P><STRONG><a name="[a2]"></a>mico_get_time_no_os</STRONG> (Thumb, 6 bytes, Stack size 0 bytes, stm32f2xx_platform.o(i.mico_get_time_no_os))
<BR><BR>[Called By]<UL><LI><a href="#[a0]">&gt;&gt;</a>&nbsp;&nbsp;&nbsp;MicoUartRecv
<LI><a href="#[a5]">&gt;&gt;</a>&nbsp;&nbsp;&nbsp;platform_uart_receive_bytes
</UL>

<P><STRONG><a name="[af]"></a>putc</STRONG> (Thumb, 4 bytes, Stack size 0 bytes, putc.o(i.putc))
<BR><BR>[Stack]<UL><LI>Max Depth = 48<LI>Call Chain = putc &rArr; fputc &rArr; MicoUartSend
</UL>
<BR>[Calls]<UL><LI><a href="#[5d]">&gt;&gt;</a>&nbsp;&nbsp;&nbsp;fputc
</UL>
<BR>[Called By]<UL><LI><a href="#[ae]">&gt;&gt;</a>&nbsp;&nbsp;&nbsp;Send_Byte
<LI><a href="#[7d]">&gt;&gt;</a>&nbsp;&nbsp;&nbsp;getline
</UL>

<P><STRONG><a name="[a4]"></a>ring_buffer_consume</STRONG> (Thumb, 20 bytes, Stack size 0 bytes, ringbufferutils.o(i.ring_buffer_consume))
<BR><BR>[Called By]<UL><LI><a href="#[a0]">&gt;&gt;</a>&nbsp;&nbsp;&nbsp;MicoUartRecv
</UL>

<P><STRONG><a name="[a3]"></a>ring_buffer_get_data</STRONG> (Thumb, 40 bytes, Stack size 12 bytes, ringbufferutils.o(i.ring_buffer_get_data))
<BR><BR>[Stack]<UL><LI>Max Depth = 12<LI>Call Chain = ring_buffer_get_data
</UL>
<BR>[Called By]<UL><LI><a href="#[a0]">&gt;&gt;</a>&nbsp;&nbsp;&nbsp;MicoUartRecv
</UL>

<P><STRONG><a name="[c8]"></a>ring_buffer_init</STRONG> (Thumb, 14 bytes, Stack size 0 bytes, ringbufferutils.o(i.ring_buffer_init))
<BR><BR>[Called By]<UL><LI><a href="#[c1]">&gt;&gt;</a>&nbsp;&nbsp;&nbsp;init_architecture
</UL>

<P><STRONG><a name="[a1]"></a>ring_buffer_used_space</STRONG> (Thumb, 20 bytes, Stack size 0 bytes, ringbufferutils.o(i.ring_buffer_used_space))
<BR><BR>[Called By]<UL><LI><a href="#[a0]">&gt;&gt;</a>&nbsp;&nbsp;&nbsp;MicoUartRecv
<LI><a href="#[51]">&gt;&gt;</a>&nbsp;&nbsp;&nbsp;USART6_IRQHandler
<LI><a href="#[30]">&gt;&gt;</a>&nbsp;&nbsp;&nbsp;USART2_IRQHandler
<LI><a href="#[2f]">&gt;&gt;</a>&nbsp;&nbsp;&nbsp;USART1_IRQHandler
</UL>

<P><STRONG><a name="[88]"></a>startApplication</STRONG> (Thumb, 54 bytes, Stack size 0 bytes, stm32f2xx_platform.o(i.startApplication))
<BR><BR>[Calls]<UL><LI><a href="#[e0]">&gt;&gt;</a>&nbsp;&nbsp;&nbsp;__asm___20_stm32f2xx_platform_c_546a0d50____jump_to
</UL>
<BR>[Called By]<UL><LI><a href="#[7a]">&gt;&gt;</a>&nbsp;&nbsp;&nbsp;Main_Menu
<LI><a href="#[5b]">&gt;&gt;</a>&nbsp;&nbsp;&nbsp;main
</UL>

<P><STRONG><a name="[de]"></a>update</STRONG> (Thumb, 510 bytes, Stack size 72 bytes, update_for_ota.o(i.update))
<BR><BR>[Stack]<UL><LI>Max Depth = 168<LI>Call Chain = update &rArr; MicoFlashWrite &rArr; internalFlashWrite &rArr; internalFlashByteWrite &rArr; FLASH_ProgramByte &rArr; FLASH_WaitForLastOperation
</UL>
<BR>[Calls]<UL><LI><a href="#[90]">&gt;&gt;</a>&nbsp;&nbsp;&nbsp;MicoFlashWrite
<LI><a href="#[8e]">&gt;&gt;</a>&nbsp;&nbsp;&nbsp;MicoFlashRead
<LI><a href="#[e1]">&gt;&gt;</a>&nbsp;&nbsp;&nbsp;updateLogCheck
<LI><a href="#[82]">&gt;&gt;</a>&nbsp;&nbsp;&nbsp;MicoFlashInitialize
<LI><a href="#[84]">&gt;&gt;</a>&nbsp;&nbsp;&nbsp;MicoFlashFinalize
<LI><a href="#[86]">&gt;&gt;</a>&nbsp;&nbsp;&nbsp;MicoFlashErase
<LI><a href="#[e2]">&gt;&gt;</a>&nbsp;&nbsp;&nbsp;memcmp
<LI><a href="#[64]">&gt;&gt;</a>&nbsp;&nbsp;&nbsp;__aeabi_memset
</UL>
<BR>[Called By]<UL><LI><a href="#[5b]">&gt;&gt;</a>&nbsp;&nbsp;&nbsp;main
</UL>

<P><STRONG><a name="[e1]"></a>updateLogCheck</STRONG> (Thumb, 136 bytes, Stack size 0 bytes, update_for_ota.o(i.updateLogCheck))
<BR><BR>[Called By]<UL><LI><a href="#[de]">&gt;&gt;</a>&nbsp;&nbsp;&nbsp;update
</UL>

<P><STRONG><a name="[9c]"></a>wiced_gpio_input_get</STRONG> (Thumb, 62 bytes, Stack size 8 bytes, micodrivergpio.o(i.wiced_gpio_input_get))
<BR><BR>[Stack]<UL><LI>Max Depth = 8<LI>Call Chain = wiced_gpio_input_get
</UL>
<BR>[Calls]<UL><LI><a href="#[e3]">&gt;&gt;</a>&nbsp;&nbsp;&nbsp;GPIO_ReadInputDataBit
<LI><a href="#[93]">&gt;&gt;</a>&nbsp;&nbsp;&nbsp;MicoMcuPowerSaveConfig
</UL>
<BR>[Called By]<UL><LI><a href="#[9d]">&gt;&gt;</a>&nbsp;&nbsp;&nbsp;MicoShouldEnterMFGMode
<LI><a href="#[9b]">&gt;&gt;</a>&nbsp;&nbsp;&nbsp;MicoShouldEnterBootloader
</UL>
<P>
<H3>
Local Symbols
</H3>
<P><STRONG><a name="[ac]"></a>Receive_Byte</STRONG> (Thumb, 24 bytes, Stack size 8 bytes, ymodem.o(i.Receive_Byte))
<BR><BR>[Stack]<UL><LI>Max Depth = 88<LI>Call Chain = Receive_Byte &rArr; MicoUartRecv &rArr; platform_uart_receive_bytes &rArr; USART_ITConfig
</UL>
<BR>[Calls]<UL><LI><a href="#[a0]">&gt;&gt;</a>&nbsp;&nbsp;&nbsp;MicoUartRecv
</UL>
<BR>[Called By]<UL><LI><a href="#[ad]">&gt;&gt;</a>&nbsp;&nbsp;&nbsp;Receive_Packet
<LI><a href="#[b2]">&gt;&gt;</a>&nbsp;&nbsp;&nbsp;Ymodem_Transmit
</UL>

<P><STRONG><a name="[ad]"></a>Receive_Packet</STRONG> (Thumb, 152 bytes, Stack size 40 bytes, ymodem.o(i.Receive_Packet))
<BR><BR>[Stack]<UL><LI>Max Depth = 128<LI>Call Chain = Receive_Packet &rArr; Receive_Byte &rArr; MicoUartRecv &rArr; platform_uart_receive_bytes &rArr; USART_ITConfig
</UL>
<BR>[Calls]<UL><LI><a href="#[ac]">&gt;&gt;</a>&nbsp;&nbsp;&nbsp;Receive_Byte
</UL>
<BR>[Called By]<UL><LI><a href="#[b0]">&gt;&gt;</a>&nbsp;&nbsp;&nbsp;Ymodem_Receive
</UL>

<P><STRONG><a name="[ae]"></a>Send_Byte</STRONG> (Thumb, 12 bytes, Stack size 8 bytes, ymodem.o(i.Send_Byte))
<BR><BR>[Stack]<UL><LI>Max Depth = 56<LI>Call Chain = Send_Byte &rArr; putc &rArr; fputc &rArr; MicoUartSend
</UL>
<BR>[Calls]<UL><LI><a href="#[af]">&gt;&gt;</a>&nbsp;&nbsp;&nbsp;putc
</UL>
<BR>[Called By]<UL><LI><a href="#[b8]">&gt;&gt;</a>&nbsp;&nbsp;&nbsp;Ymodem_SendPacket
<LI><a href="#[b2]">&gt;&gt;</a>&nbsp;&nbsp;&nbsp;Ymodem_Transmit
<LI><a href="#[b0]">&gt;&gt;</a>&nbsp;&nbsp;&nbsp;Ymodem_Receive
</UL>

<P><STRONG><a name="[9f]"></a>internal_uart_init</STRONG> (Thumb, 792 bytes, Stack size 144 bytes, micodriveruart.o(i.internal_uart_init))
<BR><BR>[Stack]<UL><LI>Max Depth = 192<LI>Call Chain = internal_uart_init &rArr; USART_Init &rArr; RCC_GetClocksFreq
</UL>
<BR>[Calls]<UL><LI><a href="#[da]">&gt;&gt;</a>&nbsp;&nbsp;&nbsp;NVIC_Init
<LI><a href="#[d9]">&gt;&gt;</a>&nbsp;&nbsp;&nbsp;DMA_Init
<LI><a href="#[db]">&gt;&gt;</a>&nbsp;&nbsp;&nbsp;DMA_ITConfig
<LI><a href="#[d8]">&gt;&gt;</a>&nbsp;&nbsp;&nbsp;DMA_DeInit
<LI><a href="#[d7]">&gt;&gt;</a>&nbsp;&nbsp;&nbsp;GPIO_PinAFConfig
<LI><a href="#[94]">&gt;&gt;</a>&nbsp;&nbsp;&nbsp;GPIO_Init
<LI><a href="#[5f]">&gt;&gt;</a>&nbsp;&nbsp;&nbsp;RCC_AHB1PeriphClockCmd
<LI><a href="#[a5]">&gt;&gt;</a>&nbsp;&nbsp;&nbsp;platform_uart_receive_bytes
<LI><a href="#[93]">&gt;&gt;</a>&nbsp;&nbsp;&nbsp;MicoMcuPowerSaveConfig
<LI><a href="#[b4]">&gt;&gt;</a>&nbsp;&nbsp;&nbsp;USART_Init
<LI><a href="#[a7]">&gt;&gt;</a>&nbsp;&nbsp;&nbsp;USART_DMACmd
<LI><a href="#[dc]">&gt;&gt;</a>&nbsp;&nbsp;&nbsp;USART_Cmd
</UL>
<BR>[Called By]<UL><LI><a href="#[9e]">&gt;&gt;</a>&nbsp;&nbsp;&nbsp;MicoStdioUartInitialize
</UL>

<P><STRONG><a name="[a5]"></a>platform_uart_receive_bytes</STRONG> (Thumb, 140 bytes, Stack size 24 bytes, micodriveruart.o(i.platform_uart_receive_bytes))
<BR><BR>[Stack]<UL><LI>Max Depth = 32<LI>Call Chain = platform_uart_receive_bytes &rArr; USART_ITConfig
</UL>
<BR>[Calls]<UL><LI><a href="#[a2]">&gt;&gt;</a>&nbsp;&nbsp;&nbsp;mico_get_time_no_os
<LI><a href="#[df]">&gt;&gt;</a>&nbsp;&nbsp;&nbsp;USART_ITConfig
</UL>
<BR>[Called By]<UL><LI><a href="#[a0]">&gt;&gt;</a>&nbsp;&nbsp;&nbsp;MicoUartRecv
<LI><a href="#[9f]">&gt;&gt;</a>&nbsp;&nbsp;&nbsp;internal_uart_init
</UL>

<P><STRONG><a name="[8a]"></a>_GetSector</STRONG> (Thumb, 146 bytes, Stack size 0 bytes, micodriverflash.o(i._GetSector))
<BR><BR>[Called By]<UL><LI><a href="#[86]">&gt;&gt;</a>&nbsp;&nbsp;&nbsp;MicoFlashErase
</UL>

<P><STRONG><a name="[d6]"></a>internalFlashByteWrite</STRONG> (Thumb, 78 bytes, Stack size 32 bytes, micodriverflash.o(i.internalFlashByteWrite))
<BR><BR>[Stack]<UL><LI>Max Depth = 56<LI>Call Chain = internalFlashByteWrite &rArr; FLASH_ProgramByte &rArr; FLASH_WaitForLastOperation
</UL>
<BR>[Calls]<UL><LI><a href="#[77]">&gt;&gt;</a>&nbsp;&nbsp;&nbsp;FLASH_ProgramByte
</UL>
<BR>[Called By]<UL><LI><a href="#[91]">&gt;&gt;</a>&nbsp;&nbsp;&nbsp;internalFlashWrite
</UL>

<P><STRONG><a name="[91]"></a>internalFlashWrite</STRONG> (Thumb, 130 bytes, Stack size 32 bytes, micodriverflash.o(i.internalFlashWrite))
<BR><BR>[Stack]<UL><LI>Max Depth = 88<LI>Call Chain = internalFlashWrite &rArr; internalFlashByteWrite &rArr; FLASH_ProgramByte &rArr; FLASH_WaitForLastOperation
</UL>
<BR>[Calls]<UL><LI><a href="#[78]">&gt;&gt;</a>&nbsp;&nbsp;&nbsp;FLASH_ProgramWord
<LI><a href="#[d6]">&gt;&gt;</a>&nbsp;&nbsp;&nbsp;internalFlashByteWrite
</UL>
<BR>[Called By]<UL><LI><a href="#[90]">&gt;&gt;</a>&nbsp;&nbsp;&nbsp;MicoFlashWrite
</UL>

<P><STRONG><a name="[bc]"></a>_fp_digits</STRONG> (Thumb, 334 bytes, Stack size 56 bytes, printfa.o(i._fp_digits), UNUSED)
<BR><BR>[Calls]<UL><LI><a href="#[66]">&gt;&gt;</a>&nbsp;&nbsp;&nbsp;__aeabi_uldivmod
<LI><a href="#[6f]">&gt;&gt;</a>&nbsp;&nbsp;&nbsp;__aeabi_dmul
<LI><a href="#[70]">&gt;&gt;</a>&nbsp;&nbsp;&nbsp;__aeabi_ddiv
<LI><a href="#[69]">&gt;&gt;</a>&nbsp;&nbsp;&nbsp;__aeabi_dadd
<LI><a href="#[71]">&gt;&gt;</a>&nbsp;&nbsp;&nbsp;__aeabi_d2ulz
<LI><a href="#[bd]">&gt;&gt;</a>&nbsp;&nbsp;&nbsp;__aeabi_cdrcmple
</UL>
<BR>[Called By]<UL><LI><a href="#[bb]">&gt;&gt;</a>&nbsp;&nbsp;&nbsp;_printf_core
</UL>

<P><STRONG><a name="[bb]"></a>_printf_core</STRONG> (Thumb, 1744 bytes, Stack size 136 bytes, printfa.o(i._printf_core), UNUSED)
<BR><BR>[Calls]<UL><LI><a href="#[be]">&gt;&gt;</a>&nbsp;&nbsp;&nbsp;_printf_pre_padding
<LI><a href="#[bf]">&gt;&gt;</a>&nbsp;&nbsp;&nbsp;_printf_post_padding
<LI><a href="#[bc]">&gt;&gt;</a>&nbsp;&nbsp;&nbsp;_fp_digits
<LI><a href="#[66]">&gt;&gt;</a>&nbsp;&nbsp;&nbsp;__aeabi_uldivmod
<LI><a href="#[c0]">&gt;&gt;</a>&nbsp;&nbsp;&nbsp;__aeabi_uidivmod
</UL>
<BR>[Called By]<UL><LI><a href="#[ba]">&gt;&gt;</a>&nbsp;&nbsp;&nbsp;__0printf
</UL>

<P><STRONG><a name="[bf]"></a>_printf_post_padding</STRONG> (Thumb, 36 bytes, Stack size 24 bytes, printfa.o(i._printf_post_padding), UNUSED)
<BR><BR>[Called By]<UL><LI><a href="#[bb]">&gt;&gt;</a>&nbsp;&nbsp;&nbsp;_printf_core
</UL>

<P><STRONG><a name="[be]"></a>_printf_pre_padding</STRONG> (Thumb, 46 bytes, Stack size 24 bytes, printfa.o(i._printf_pre_padding), UNUSED)
<BR><BR>[Called By]<UL><LI><a href="#[bb]">&gt;&gt;</a>&nbsp;&nbsp;&nbsp;_printf_core
</UL>
<P>
<H3>
Undefined Global Symbols
</H3><HR></body></html>
